Component: ARM Compiler 5.06 update 6 (build 750) Tool: armlink [4d35ed]

==============================================================================

Section Cross References

    stm32f4xx_it.o(i.ADC_IRQHandler) refers to stm32f4xx_hal_adc.o(i.HAL_ADC_IRQHandler) for HAL_ADC_IRQHandler
    stm32f4xx_it.o(i.ADC_IRQHandler) refers to main.o(.bss) for hadc2
    stm32f4xx_it.o(i.BLDC_AdvAngle) refers to bsp_bdcmotor.o(i.BLDC1_PhaseChange) for BLDC1_PhaseChange
    stm32f4xx_it.o(i.BLDC_AdvAngle) refers to bsp_bdcmotor.o(i.BLDC2_PhaseChange) for BLDC2_PhaseChange
    stm32f4xx_it.o(i.BLDC_AdvAngle) refers to bsp_bdcmotor.o(.bss) for MotorControl
    stm32f4xx_it.o(i.BLDC_AdvAngle) refers to main.o(.bss) for htim5
    stm32f4xx_it.o(i.BLDC_AdvAngle) refers to bsp_bdcmotor.o(.data) for Hall_circle_cnt
    stm32f4xx_it.o(i.EXTI15_10_IRQHandler) refers to stm32f4xx_hal_gpio.o(i.HAL_GPIO_EXTI_IRQHandler) for HAL_GPIO_EXTI_IRQHandler
    stm32f4xx_it.o(i.EXTI1_IRQHandler) refers to stm32f4xx_hal_gpio.o(i.HAL_GPIO_EXTI_IRQHandler) for HAL_GPIO_EXTI_IRQHandler
    stm32f4xx_it.o(i.EXTI3_IRQHandler) refers to stm32f4xx_hal_gpio.o(i.HAL_GPIO_EXTI_IRQHandler) for HAL_GPIO_EXTI_IRQHandler
    stm32f4xx_it.o(i.EXTI4_IRQHandler) refers to stm32f4xx_hal_gpio.o(i.HAL_GPIO_EXTI_IRQHandler) for HAL_GPIO_EXTI_IRQHandler
    stm32f4xx_it.o(i.EXTI9_5_IRQHandler) refers to stm32f4xx_hal_gpio.o(i.HAL_GPIO_EXTI_IRQHandler) for HAL_GPIO_EXTI_IRQHandler
    stm32f4xx_it.o(i.HAL_ADCEx_InjectedConvCpltCallback) refers to bsp_bdcmotor.o(.bss) for Sensorless
    stm32f4xx_it.o(i.HAL_GPIO_EXTI_Callback) refers to bsp_bdcmotor.o(i.HALL_GetPhase1) for HALL_GetPhase1
    stm32f4xx_it.o(i.HAL_GPIO_EXTI_Callback) refers to function.o(i.BLDC5_Phase_Check) for BLDC5_Phase_Check
    stm32f4xx_it.o(i.HAL_GPIO_EXTI_Callback) refers to function.o(i.MC_SetFault) for MC_SetFault
    stm32f4xx_it.o(i.HAL_GPIO_EXTI_Callback) refers to stm32f4xx_hal_tim.o(i.HAL_TIM_OC_Stop_IT) for HAL_TIM_OC_Stop_IT
    stm32f4xx_it.o(i.HAL_GPIO_EXTI_Callback) refers to bsp_bdcmotor.o(i.BLDC1_PhaseChange) for BLDC1_PhaseChange
    stm32f4xx_it.o(i.HAL_GPIO_EXTI_Callback) refers to stm32f4xx_hal_tim.o(i.HAL_TIM_OC_Start_IT) for HAL_TIM_OC_Start_IT
    stm32f4xx_it.o(i.HAL_GPIO_EXTI_Callback) refers to stm32f4xx_it.o(i.BLDC_AdvAngle) for BLDC_AdvAngle
    stm32f4xx_it.o(i.HAL_GPIO_EXTI_Callback) refers to bsp_bdcmotor.o(i.HALL_GetPhase2) for HALL_GetPhase2
    stm32f4xx_it.o(i.HAL_GPIO_EXTI_Callback) refers to function.o(i.BLDC6_Phase_Check) for BLDC6_Phase_Check
    stm32f4xx_it.o(i.HAL_GPIO_EXTI_Callback) refers to bsp_bdcmotor.o(.bss) for MotorControl
    stm32f4xx_it.o(i.HAL_GPIO_EXTI_Callback) refers to stm32f4xx_it.o(.data) for Hall_Dir
    stm32f4xx_it.o(i.HAL_GPIO_EXTI_Callback) refers to stm32f4xx_it.o(.constdata) for Dir_tab
    stm32f4xx_it.o(i.HAL_GPIO_EXTI_Callback) refers to main.o(.data) for MotorState
    stm32f4xx_it.o(i.HAL_GPIO_EXTI_Callback) refers to bsp_bdcmotor.o(.data) for angleflag
    stm32f4xx_it.o(i.HAL_GPIO_EXTI_Callback) refers to main.o(.bss) for htim5
    stm32f4xx_it.o(i.HAL_GPIO_EXTI_Callback) refers to sensorless bldc.o(.data) for Sensorless_Time
    stm32f4xx_it.o(i.HAL_GPIO_EXTI_Callback) refers to bsp_bdcmotor.o(i.BLDC2_PhaseChange) for BLDC2_PhaseChange
    stm32f4xx_it.o(i.NMI_Handler) refers to stm32f4xx_hal_rcc.o(i.HAL_RCC_NMI_IRQHandler) for HAL_RCC_NMI_IRQHandler
    stm32f4xx_it.o(i.SysTick_Handler) refers to stm32f4xx_hal.o(i.HAL_IncTick) for HAL_IncTick
    stm32f4xx_it.o(i.SysTick_Handler) refers to stm32f4xx_hal_cortex.o(i.HAL_SYSTICK_IRQHandler) for HAL_SYSTICK_IRQHandler
    stm32f4xx_it.o(i.TIM1_BRK_TIM9_IRQHandler) refers to stm32f4xx_hal_tim.o(i.HAL_TIM_IRQHandler) for HAL_TIM_IRQHandler
    stm32f4xx_it.o(i.TIM1_BRK_TIM9_IRQHandler) refers to main.o(.bss) for htim1
    stm32f4xx_it.o(i.TIM1_UP_TIM10_IRQHandler) refers to stm32f4xx_hal_tim.o(i.HAL_TIM_IRQHandler) for HAL_TIM_IRQHandler
    stm32f4xx_it.o(i.TIM1_UP_TIM10_IRQHandler) refers to main.o(.bss) for htim1
    stm32f4xx_it.o(i.TIM3_IRQHandler) refers to stm32f4xx_hal_tim.o(i.HAL_TIM_IRQHandler) for HAL_TIM_IRQHandler
    stm32f4xx_it.o(i.TIM3_IRQHandler) refers to main.o(.bss) for htim3
    stm32f4xx_it.o(i.TIM5_IRQHandler) refers to stm32f4xx_hal_tim.o(i.HAL_TIM_IRQHandler) for HAL_TIM_IRQHandler
    stm32f4xx_it.o(i.TIM5_IRQHandler) refers to main.o(.bss) for htim5
    stm32f4xx_it.o(i.TIM7_IRQHandler) refers to stm32f4xx_hal_tim.o(i.HAL_TIM_IRQHandler) for HAL_TIM_IRQHandler
    stm32f4xx_it.o(i.TIM7_IRQHandler) refers to main.o(.bss) for htim7
    stm32f4xx_it.o(i.TIM8_BRK_TIM12_IRQHandler) refers to stm32f4xx_hal_tim.o(i.HAL_TIM_IRQHandler) for HAL_TIM_IRQHandler
    stm32f4xx_it.o(i.TIM8_BRK_TIM12_IRQHandler) refers to main.o(.bss) for htim12
    stm32f4xx_it.o(i.TIM8_UP_TIM13_IRQHandler) refers to stm32f4xx_hal_tim.o(i.HAL_TIM_IRQHandler) for HAL_TIM_IRQHandler
    stm32f4xx_it.o(i.TIM8_UP_TIM13_IRQHandler) refers to main.o(.bss) for htim8
[...]
    ObjDict_Index1015                        0x200003d8   Data          20  canopen_od.o(.data)
    obj1016_ClientHeart_timeout_subindex     0x200003ec   Data           1  canopen_od.o(.data)
    obj1016_ClientHeart_timeout              0x200003f0   Data          20  canopen_od.o(.data)
    Index1016_callbacks                      0x20000404   Data          24  canopen_od.o(.data)
    ObjDict_Index1016                        0x2000041c   Data         120  canopen_od.o(.data)
    obj1017_ServerHeart_timeout_subindex     0x20000494   Data           4  canopen_od.o(.data)
    obj1017_SeverHeart_timeout               0x20000498   Data           4  canopen_od.o(.data)
    Index1017_callbacks                      0x2000049c   Data           4  canopen_od.o(.data)
    ObjDict_Index1017                        0x200004a0   Data          20  canopen_od.o(.data)
    ObjDict_Index1018                        0x200004b4   Data         100  canopen_od.o(.data)
    obj1019_syncTimer_overflow               0x20000518   Data           1  canopen_od.o(.data)
    ObjDict_Index1019                        0x2000051c   Data          20  canopen_od.o(.data)
    obj1028_Client_emcy_subindex             0x20000530   Data           4  canopen_od.o(.data)
    obj1028_Client_emcy                      0x20000534   Data           4  canopen_od.o(.data)
    ObjDict_Index1028                        0x20000538   Data          40  canopen_od.o(.data)
    obj1200_SdoServer_SubIndex               0x20000560   Data           1  canopen_od.o(.data)
    obj1200_SdoServer_RSDO_COB_ID            0x20000564   Data           4  canopen_od.o(.data)
    obj1200_SdoServer_TSDO_COB_ID            0x20000568   Data           4  canopen_od.o(.data)
    obj1200_SdoServer_NodeId                 0x2000056c   Data           1  canopen_od.o(.data)
    ObjDict_Index1200                        0x20000570   Data          80  canopen_od.o(.data)
    obj1280_SdoClient_SubIndex               0x200005c0   Data           1  canopen_od.o(.data)
    obj1280_SdoClient_RSDO_COB_ID            0x200005c4   Data           4  canopen_od.o(.data)
    obj1280_SdoClient_TSDO_COB_ID            0x200005c8   Data           4  canopen_od.o(.data)
    obj1280_SdoClient_NodeId                 0x200005cc   Data           1  canopen_od.o(.data)
    ObjDict_Index1280                        0x200005d0   Data          80  canopen_od.o(.data)
    RPDO_Cmct_callbacks                      0x20000620   Data          12  canopen_od.o(.data)
    ObjDict_Index1400                        0x2000062c   Data          60  canopen_od.o(.data)
    ObjDict_Index1401                        0x20000668   Data          60  canopen_od.o(.data)
    ObjDict_Index1402                        0x200006a4   Data          60  canopen_od.o(.data)
    ObjDict_Index1403                        0x200006e0   Data          60  canopen_od.o(.data)
    IndexRPDO_Map_callbacks                  0x2000071c   Data          36  canopen_od.o(.data)
    ObjDict_Index1600                        0x20000740   Data         180  canopen_od.o(.data)
    ObjDict_Index1601                        0x200007f4   Data         180  canopen_od.o(.data)
    ObjDict_Index1602                        0x200008a8   Data         180  canopen_od.o(.data)
    ObjDict_Index1603                        0x2000095c   Data         180  canopen_od.o(.data)
    TPDO_Cmct_callbacks                      0x20000a10   Data          28  canopen_od.o(.data)
    ObjDict_Index1800                        0x20000a2c   Data         140  canopen_od.o(.data)
    ObjDict_Index1801                        0x20000ab8   Data         140  canopen_od.o(.data)
    ObjDict_Index1802                        0x20000b44   Data         140  canopen_od.o(.data)
    ObjDict_Index1803                        0x20000bd0   Data         140  canopen_od.o(.data)
    IndexTPDO_Map_callbacks                  0x20000c5c   Data          36  canopen_od.o(.data)
    ObjDict_Index1A00                        0x20000c80   Data         180  canopen_od.o(.data)
    ObjDict_Index1A01                        0x20000d34   Data         180  canopen_od.o(.data)
    ObjDict_Index1A02                        0x20000de8   Data         180  canopen_od.o(.data)
    ObjDict_Index1A03                        0x20000e9c   Data         180  canopen_od.o(.data)
    obj2000                                  0x20000f50   Data           1  canopen_od.o(.data)
    obj2000_sub1                             0x20000f51   Data           1  canopen_od.o(.data)
    obj2000_sub2                             0x20000f52   Data           1  canopen_od.o(.data)
    obj2000_sub3                             0x20000f53   Data           1  canopen_od.o(.data)
    obj2000_sub4                             0x20000f54   Data           1  canopen_od.o(.data)
    obj2000_sub5                             0x20000f55   Data           1  canopen_od.o(.data)
    obj2000_sub6                             0x20000f56   Data           1  canopen_od.o(.data)
    obj2000_sub7                             0x20000f57   Data           1  canopen_od.o(.data)
    obj2000_sub8                             0x20000f58   Data           4  canopen_od.o(.data)
    ObjDict_Index2000                        0x20000f5c   Data         180  canopen_od.o(.data)
    ParInNum16                               0x20001010   Data           1  canopen_od.o(.data)
    ParInNum14                               0x20001011   Data           1  canopen_od.o(.data)
    ParInNum12                               0x20001012   Data           1  canopen_od.o(.data)
    ParInNum10                               0x20001013   Data           1  canopen_od.o(.data)
    ParInNum8                                0x20001014   Data           1  canopen_od.o(.data)
    ParInNum6                                0x20001015   Data           1  canopen_od.o(.data)
    ParInNum5                                0x20001016   Data           1  canopen_od.o(.data)
    ParInNum4                                0x20001017   Data           1  canopen_od.o(.data)
    ParInNum2                                0x20001018   Data           1  canopen_od.o(.data)
    ObjDict_Index2001                        0x2000101c   Data         300  canopen_od.o(.data)
    ObjDict_Index2002                        0x20001148   Data         220  canopen_od.o(.data)
    ObjDict_Index2003                        0x20001224   Data         220  canopen_od.o(.data)
    ObjDict_Index2004                        0x20001300   Data         100  canopen_od.o(.data)
    ObjDict_Index2005                        0x20001364   Data         220  canopen_od.o(.data)
    ObjDict_Index2006                        0x20001440   Data         220  canopen_od.o(.data)
    ObjDict_Index2007                        0x2000151c   Data         260  canopen_od.o(.data)
    ObjDict_Index2008                        0x20001620   Data         260  canopen_od.o(.data)
    ObjDict_Index2009                        0x20001724   Data         220  canopen_od.o(.data)
    ObjDict_Index200A                        0x20001800   Data         220  canopen_od.o(.data)
    ObjDict_Index200B                        0x200018dc   Data         220  canopen_od.o(.data)
    obj2098_NodeID_Default                   0x200019b8   Data           1  canopen_od.o(.data)
    Index2098_callbacks                      0x200019bc   Data           4  canopen_od.o(.data)
    ObjDict_Index2098                        0x200019c0   Data          20  canopen_od.o(.data)
    obj2099_CanBandrate_Default              0x200019d4   Data           4  canopen_od.o(.data)
    Index2099_callbacks                      0x200019d8   Data           4  canopen_od.o(.data)
    ObjDict_Index2099                        0x200019dc   Data          20  canopen_od.o(.data)
    ObjDict_Index3000                        0x200019f0   Data         100  canopen_od.o(.data)
    ObjDict_Index3001                        0x20001a54   Data         100  canopen_od.o(.data)
    ObjDict_Index3002                        0x20001ab8   Data         100  canopen_od.o(.data)
    ObjDict_Index3003                        0x20001b1c   Data         220  canopen_od.o(.data)
    ObjDict_Index3004                        0x20001bf8   Data         100  canopen_od.o(.data)
    ObjDict_Index3005                        0x20001c5c   Data         340  canopen_od.o(.data)
    ObjDict_Index3006                        0x20001db0   Data         100  canopen_od.o(.data)
    ObjDict_Index3007                        0x20001e14   Data         100  canopen_od.o(.data)
    ObjDict_Index3008                        0x20001e78   Data         100  canopen_od.o(.data)
    ObjDict_Index3009                        0x20001edc   Data         100  canopen_od.o(.data)
    ObjDict_Index300A                        0x20001f40   Data         100  canopen_od.o(.data)
    ObjDict_Index300B                        0x20001fa4   Data         140  canopen_od.o(.data)
    ObjDict_Index300C                        0x20002030   Data          60  canopen_od.o(.data)
    ObjDict_Index300D                        0x2000206c   Data          80  canopen_od.o(.data)
    ObjDict_Index300E                        0x200020bc   Data          20  canopen_od.o(.data)
    ObjDict_Index300F                        0x200020d0   Data          20  canopen_od.o(.data)
    ObjDict_Index3010                        0x200020e4   Data          40  canopen_od.o(.data)
    ObjDict_Index3011                        0x2000210c   Data         180  canopen_od.o(.data)
    ObjDict_Index3012                        0x200021c0   Data         140  canopen_od.o(.data)
    ObjDict_Index3013                        0x2000224c   Data         220  canopen_od.o(.data)
    ObjDict_Index3014                        0x20002328   Data         220  canopen_od.o(.data)
    ObjDict_Index3015                        0x20002404   Data         260  canopen_od.o(.data)
    ObjDict_Index3016                        0x20002508   Data         180  canopen_od.o(.data)
    ObjDict_Index3017                        0x200025bc   Data          60  canopen_od.o(.data)
    obj6007_AbortCnect_optcode               0x200025f8   Data           2  canopen_od.o(.data)
    ObjDict_Index6007                        0x200025fc   Data          20  canopen_od.o(.data)
    obj603F_errcode                          0x20002610   Data           2  canopen_od.o(.data)
    ObjDict_Index603F                        0x20002614   Data          20  canopen_od.o(.data)
    obj6402_motorType                        0x20002628   Data           2  canopen_od.o(.data)
    ObjDict_Index6402                        0x2000262c   Data          20  canopen_od.o(.data)
    obj6403_Motor_Nameplate                  0x20002640   Data           1  canopen_od.o(.data)
    ObjDict_Index6403                        0x20002644   Data          20  canopen_od.o(.data)
    obj6404_Motor_manufacturer_name          0x20002658   Data           1  canopen_od.o(.data)
    ObjDict_Index6404                        0x2000265c   Data          20  canopen_od.o(.data)
    obj6502_Supported_driver_mode            0x20002670   Data           4  canopen_od.o(.data)
    ObjDict_Index6502                        0x20002674   Data          20  canopen_od.o(.data)
    obj60FD_Digital_inputs                   0x20002688   Data           4  canopen_od.o(.data)
    ObjDict_Index60FD                        0x2000268c   Data          20  canopen_od.o(.data)
    obj60FE_Digital_outputs_subindex         0x200026a0   Data           4  canopen_od.o(.data)
    obj60FE_Digital_outputs_dout             0x200026a4   Data           4  canopen_od.o(.data)
    obj60FE_Digital_outputs_mask             0x200026a8   Data           4  canopen_od.o(.data)
    ObjDict_Index60FE                        0x200026ac   Data          60  canopen_od.o(.data)
    obj6040_Control_word                     0x200026e8   Data           2  canopen_od.o(.data)
    ObjDict_Index6040                        0x200026ec   Data          20  canopen_od.o(.data)
    obj6041_Status_word                      0x20002700   Data           2  canopen_od.o(.data)
    ObjDict_Index6041                        0x20002704   Data          20  canopen_od.o(.data)
    obj605B_ShutDown_optcode                 0x20002718   Data           2  canopen_od.o(.data)
    ObjDict_Index605B                        0x2000271c   Data          20  canopen_od.o(.data)
    obj605C_Disable_optcode                  0x20002730   Data           2  canopen_od.o(.data)
    ObjDict_Index605C                        0x20002734   Data          20  canopen_od.o(.data)
    obj605A_QuickStop_optcode                0x20002748   Data           2  canopen_od.o(.data)
    ObjDict_Index605A                        0x2000274c   Data          20  canopen_od.o(.data)
    obj605D_Halt_optcode                     0x20002760   Data           2  canopen_od.o(.data)
    ObjDict_Index605D                        0x20002764   Data          20  canopen_od.o(.data)
    obj605E_FaultReact_optcode               0x20002778   Data           2  canopen_od.o(.data)
    ObjDict_Index605E                        0x2000277c   Data          20  canopen_od.o(.data)
    obj6060_Control_mode                     0x20002790   Data           1  canopen_od.o(.data)
    ObjDict_Index6060                        0x20002794   Data          20  canopen_od.o(.data)
    obj6061_Control_mode_status              0x200027a8   Data           1  canopen_od.o(.data)
    ObjDict_Index6061                        0x200027ac   Data          20  canopen_od.o(.data)
    obj6089_PosNotation_index                0x200027c0   Data           1  canopen_od.o(.data)
    ObjDict_Index6089                        0x200027c4   Data          20  canopen_od.o(.data)
    obj608A_PosDimension_index               0x200027d8   Data           1  canopen_od.o(.data)
    ObjDict_Index608A                        0x200027dc   Data          20  canopen_od.o(.data)
    obj608B_VelNotation_index                0x200027f0   Data           1  canopen_od.o(.data)
    ObjDict_Index608B                        0x200027f4   Data          20  canopen_od.o(.data)
    obj608C_VelDimension_index               0x20002808   Data           1  canopen_od.o(.data)
    ObjDict_Index608C                        0x2000280c   Data          20  canopen_od.o(.data)
    obj608D_AccelNotation_index              0x20002820   Data           1  canopen_od.o(.data)
    ObjDict_Index608D                        0x20002824   Data          20  canopen_od.o(.data)
    obj608E_AccelDimension_index             0x20002838   Data           1  canopen_od.o(.data)
    ObjDict_Index608E                        0x2000283c   Data          20  canopen_od.o(.data)
    obj6093_PosFactor_subindex               0x20002850   Data           4  canopen_od.o(.data)
    obj6093_PosFactor_numerator              0x20002854   Data           4  canopen_od.o(.data)
    obj6093_PosFactor_FeedConst              0x20002858   Data           4  canopen_od.o(.data)
    ObjDict_Index6093                        0x2000285c   Data          60  canopen_od.o(.data)
    obj6094_VelFactor_subindex               0x20002898   Data           4  canopen_od.o(.data)
    obj6094_VelFactor_numerator              0x2000289c   Data           4  canopen_od.o(.data)
    obj6094_VelFactor_FeedConst              0x200028a0   Data           4  canopen_od.o(.data)
    ObjDict_Index6094                        0x200028a4   Data          60  canopen_od.o(.data)
    obj6097_AccelFactor_subindex             0x200028e0   Data           4  canopen_od.o(.data)
    obj6097_AccelFactor_numerator            0x200028e4   Data           4  canopen_od.o(.data)
    obj6097_AccelFactor_FeedConst            0x200028e8   Data           4  canopen_od.o(.data)
    ObjDict_Index6097                        0x200028ec   Data          60  canopen_od.o(.data)
    obj607E_Pos_rotation                     0x20002928   Data           1  canopen_od.o(.data)
    ObjDict_Index607E                        0x2000292c   Data          20  canopen_od.o(.data)
    obj607A_Targt_Position                   0x20002940   Data           4  canopen_od.o(.data)
    ObjDict_Index607A                        0x20002944   Data          20  canopen_od.o(.data)
    obj607D_Croft_PosLimit_subindex          0x20002958   Data           4  canopen_od.o(.data)
    obj607D_Croft_PosLimit_min               0x2000295c   Data           4  canopen_od.o(.data)
    obj607D_Croft_PosLimit_max               0x20002960   Data           4  canopen_od.o(.data)
    ObjDict_Index607D                        0x20002964   Data          60  canopen_od.o(.data)
    obj6081_Profile_Vel                      0x200029a0   Data           4  canopen_od.o(.data)
    ObjDict_Index6081                        0x200029a4   Data          20  canopen_od.o(.data)
    obj6083_Profile_Accel                    0x200029b8   Data           4  canopen_od.o(.data)
    ObjDict_Index6083                        0x200029bc   Data          20  canopen_od.o(.data)
    obj6084_Profile_Decel                    0x200029d0   Data           4  canopen_od.o(.data)
    ObjDict_Index6084                        0x200029d4   Data          20  canopen_od.o(.data)
    obj6085_Profile_QuickDecel               0x200029e8   Data           4  canopen_od.o(.data)
    ObjDict_Index6085                        0x200029ec   Data          20  canopen_od.o(.data)
    obj6086_Motion_profile_mode              0x20002a00   Data           2  canopen_od.o(.data)
    ObjDict_Index6086                        0x20002a04   Data          20  canopen_od.o(.data)
    obj607C_Homing_offset                    0x20002a18   Data           4  canopen_od.o(.data)
    ObjDict_Index607C                        0x20002a1c   Data          20  canopen_od.o(.data)
    obj6098_Homing_mode                      0x20002a30   Data           4  canopen_od.o(.data)
    ObjDict_Index6098                        0x20002a34   Data          20  canopen_od.o(.data)
    ObjDict_Index60C5                        0x20002a48   Data          20  canopen_od.o(.data)
    ObjDict_Index60C6                        0x20002a5c   Data          20  canopen_od.o(.data)
    obj60F6_torque_para_subindex             0x20002a70   Data           4  canopen_od.o(.data)
    ObjDict_Index60F6                        0x20002a74   Data          60  canopen_od.o(.data)
    ObjDict_Index60F7                        0x20002ab0   Data          40  canopen_od.o(.data)
    obj60F9_speed_para_subindex              0x20002ad8   Data           4  canopen_od.o(.data)
    ObjDict_Index60F9                        0x20002adc   Data          80  canopen_od.o(.data)
    obj60FB_pos_para_subindex                0x20002b2c   Data           4  canopen_od.o(.data)
    ObjDict_Index60FB                        0x20002b30   Data          60  canopen_od.o(.data)
    obj6099_Homing_speed_subindex            0x20002b6c   Data           4  canopen_od.o(.data)
    obj6099_Homing_speed_switch              0x20002b70   Data           4  canopen_od.o(.data)
    obj6099_Homing_speed_zero                0x20002b74   Data           4  canopen_od.o(.data)
    ObjDict_Index6099                        0x20002b78   Data          60  canopen_od.o(.data)
    obj609A_Homing_Accel                     0x20002bb4   Data           4  canopen_od.o(.data)
    ObjDict_Index609A                        0x20002bb8   Data          20  canopen_od.o(.data)
    obj6062_Position_demand_value            0x20002bcc   Data           4  canopen_od.o(.data)
    ObjDict_Index6062                        0x20002bd0   Data          20  canopen_od.o(.data)
    obj6063_Pos_act                          0x20002be4   Data           4  canopen_od.o(.data)
    ObjDict_Index6063                        0x20002be8   Data          20  canopen_od.o(.data)
    obj6064_Position_act                     0x20002bfc   Data           4  canopen_od.o(.data)
    ObjDict_Index6064                        0x20002c00   Data          20  canopen_od.o(.data)
    obj6065_Follow_Err_window                0x20002c14   Data           4  canopen_od.o(.data)
    ObjDict_Index6065                        0x20002c18   Data          20  canopen_od.o(.data)
    obj6066_Follow_Err_window_timeout        0x20002c2c   Data           2  canopen_od.o(.data)
    ObjDict_Index6066                        0x20002c30   Data          20  canopen_od.o(.data)
    obj6067_Position_window                  0x20002c44   Data           4  canopen_od.o(.data)
    ObjDict_Index6067                        0x20002c48   Data          20  canopen_od.o(.data)
    obj6068_Position_window_time             0x20002c5c   Data           2  canopen_od.o(.data)
    ObjDict_Index6068                        0x20002c60   Data          20  canopen_od.o(.data)
    obj60F4_Follow_Err_act                   0x20002c74   Data           2  canopen_od.o(.data)
    ObjDict_Index60F4                        0x20002c78   Data          20  canopen_od.o(.data)
    obj60FC_PosDemand_value                  0x20002c8c   Data           4  canopen_od.o(.data)
    ObjDict_Index60FC                        0x20002c90   Data          20  canopen_od.o(.data)
    obj6069_Vel_sensor_act                   0x20002ca4   Data           4  canopen_od.o(.data)
    ObjDict_Index6069                        0x20002ca8   Data          20  canopen_od.o(.data)
    obj606B_Vel_demand_value                 0x20002cbc   Data           4  canopen_od.o(.data)
    ObjDict_Index606B                        0x20002cc0   Data          20  canopen_od.o(.data)
    obj606C_Vel_actual                       0x20002cd4   Data           4  canopen_od.o(.data)
    ObjDict_Index606C                        0x20002cd8   Data          20  canopen_od.o(.data)
    obj606D_Vel_window                       0x20002cec   Data           2  canopen_od.o(.data)
    ObjDict_Index606D                        0x20002cf0   Data          20  canopen_od.o(.data)
    obj606E_Vel_window_time                  0x20002d04   Data           2  canopen_od.o(.data)
    ObjDict_Index606E                        0x20002d08   Data          20  canopen_od.o(.data)
    obj606F_Vel_threshold                    0x20002d1c   Data           2  canopen_od.o(.data)
    ObjDict_Index606F                        0x20002d20   Data          20  canopen_od.o(.data)
    obj6070_Vel_threshold_time               0x20002d34   Data           2  canopen_od.o(.data)
    ObjDict_Index6070                        0x20002d38   Data          20  canopen_od.o(.data)
    obj60FF_Vel_Targt                        0x20002d4c   Data           4  canopen_od.o(.data)
    ObjDict_Index60FF                        0x20002d50   Data          20  canopen_od.o(.data)
    obj60F8_Vel_Max_slippage                 0x20002d64   Data           4  canopen_od.o(.data)
    ObjDict_Index60F8                        0x20002d68   Data          20  canopen_od.o(.data)
    obj6071_Torque_Targt                     0x20002d7c   Data           2  canopen_od.o(.data)
    ObjDict_Index6071                        0x20002d80   Data          20  canopen_od.o(.data)
    obj6072_Max_Torque                       0x20002d94   Data           2  canopen_od.o(.data)
    ObjDict_Index6072                        0x20002d98   Data          20  canopen_od.o(.data)
    obj6073_Max_Current                      0x20002dac   Data           2  canopen_od.o(.data)
    ObjDict_Index6073                        0x20002db0   Data          20  canopen_od.o(.data)
    obj6074_Torque_demand_value              0x20002dc4   Data           2  canopen_od.o(.data)
    ObjDict_Index6074                        0x20002dc8   Data          20  canopen_od.o(.data)
    obj6075_rated_Current                    0x20002ddc   Data           4  canopen_od.o(.data)
    ObjDict_Index6075                        0x20002de0   Data          20  canopen_od.o(.data)
    obj6076_rated_torque                     0x20002df4   Data           4  canopen_od.o(.data)
    ObjDict_Index6076                        0x20002df8   Data          20  canopen_od.o(.data)
    obj6077_Torque_act                       0x20002e0c   Data           2  canopen_od.o(.data)
    ObjDict_Index6077                        0x20002e10   Data          20  canopen_od.o(.data)
    obj6078_Current_act                      0x20002e24   Data           2  canopen_od.o(.data)
    ObjDict_Index6078                        0x20002e28   Data          20  canopen_od.o(.data)
    obj6079_Voltage_bus                      0x20002e3c   Data           4  canopen_od.o(.data)
    ObjDict_Index6079                        0x20002e40   Data          20  canopen_od.o(.data)
    obj6087_Torque_slope                     0x20002e54   Data           4  canopen_od.o(.data)
    ObjDict_Index6087                        0x20002e58   Data          20  canopen_od.o(.data)
    obj6088_Torque_profile_type              0x20002e6c   Data           2  canopen_od.o(.data)
    ObjDict_Index6088                        0x20002e70   Data          20  canopen_od.o(.data)
    obj6042_Vlvel_targt                      0x20002e84   Data           2  canopen_od.o(.data)
    ObjDict_Index6042                        0x20002e88   Data          20  canopen_od.o(.data)
    obj6043_Vlvel_demand_value               0x20002e9c   Data           2  canopen_od.o(.data)
    ObjDict_Index6043                        0x20002ea0   Data          20  canopen_od.o(.data)
    obj6053_Vl_percentage_demand             0x20002eb4   Data           2  canopen_od.o(.data)
    ObjDict_Index6053                        0x20002eb8   Data          20  canopen_od.o(.data)
    obj6054_Vl_percentage_act                0x20002ecc   Data           2  canopen_od.o(.data)
    ObjDict_Index6054                        0x20002ed0   Data          20  canopen_od.o(.data)
    obj6055_Vl_manipulated_percentage        0x20002ee4   Data           2  canopen_od.o(.data)
    ObjDict_Index6055                        0x20002ee8   Data          20  canopen_od.o(.data)
    obj604E_Vlvel_reference                  0x20002efc   Data           4  canopen_od.o(.data)
    ObjDict_Index604E                        0x20002f00   Data          20  canopen_od.o(.data)
    obj604C_Vl_DimFactor_subindex            0x20002f14   Data           4  canopen_od.o(.data)
    obj604C_Vl_DimFactor_numerator           0x20002f18   Data           4  canopen_od.o(.data)
    obj604C_Vl_DimFactor_denominator         0x20002f1c   Data           4  canopen_od.o(.data)
    ObjDict_Index604C                        0x20002f20   Data          60  canopen_od.o(.data)
    obj604B_Vl_SetPointFactor_subindex       0x20002f5c   Data           2  canopen_od.o(.data)
    obj604B_Vl_SetPointFactor_numerato       0x20002f5e   Data           2  canopen_od.o(.data)
    obj604B_Vl_SetPointFactor_denominator    0x20002f60   Data           2  canopen_od.o(.data)
    ObjDict_Index604B                        0x20002f64   Data          60  canopen_od.o(.data)
    obj604D_Pole_Number                      0x20002fa0   Data           1  canopen_od.o(.data)
    ObjDict_Index604D                        0x20002fa4   Data          20  canopen_od.o(.data)
    obj6046_Vlvel_MinMax_amount_subindex     0x20002fb8   Data           4  canopen_od.o(.data)
    obj6046_Vlvel_Min_amount                 0x20002fbc   Data           4  canopen_od.o(.data)
    obj6046_Vlvel_Max_amount                 0x20002fc0   Data           4  canopen_od.o(.data)
    ObjDict_Index6046                        0x20002fc4   Data          60  canopen_od.o(.data)
    obj6047_Vlvel_MinMax_subindex            0x20003000   Data           4  canopen_od.o(.data)
    obj6047_Vlvel_Min_Pos                    0x20003004   Data           4  canopen_od.o(.data)
    obj6047_Vlvel_Max_Pos                    0x20003008   Data           4  canopen_od.o(.data)
    obj6047_Vlvel_Min_neg                    0x2000300c   Data           4  canopen_od.o(.data)
    obj6047_Vlvel_Max_neg                    0x20003010   Data           4  canopen_od.o(.data)
    ObjDict_Index6047                        0x20003014   Data         100  canopen_od.o(.data)
    obj6058_VlfreqMotor_MinMax_amount_subindex 0x20003078   Data           4  canopen_od.o(.data)
    obj6058_VlfreqMotor_Min_amount           0x2000307c   Data           4  canopen_od.o(.data)
    obj6058_VlfreqMotor_Max_amount           0x20003080   Data           4  canopen_od.o(.data)
    ObjDict_Index6058                        0x20003084   Data          60  canopen_od.o(.data)
    obj6059_VlfreqMotor_MinMax_subindex      0x200030c0   Data           4  canopen_od.o(.data)
    obj6059_VlfreqMotor_Min_Pos              0x200030c4   Data           4  canopen_od.o(.data)
    obj6059_VlfreqMotor_Max_Pos              0x200030c8   Data           4  canopen_od.o(.data)
    obj6059_VlfreqMotor_Min_neg              0x200030cc   Data           4  canopen_od.o(.data)
    obj6059_VlfreqMotor_Max_neg              0x200030d0   Data           4  canopen_od.o(.data)
    ObjDict_Index6059                        0x200030d4   Data         100  canopen_od.o(.data)
    obj6056_VlvelMotor_MinMax_amount_subindex 0x20003138   Data           4  canopen_od.o(.data)
    obj6056_VlvelMotor_Min_amount            0x2000313c   Data           4  canopen_od.o(.data)
    obj6056_VlvelMotor_Max_amount            0x20003140   Data           4  canopen_od.o(.data)
    ObjDict_Index6056                        0x20003144   Data          60  canopen_od.o(.data)
    obj6057_VlvelMotor_MinMax_subindex       0x20003180   Data           4  canopen_od.o(.data)
    obj6057_VlvelMotor_Min_Pos               0x20003184   Data           4  canopen_od.o(.data)
    obj6057_VlvelMotor_Max_Pos               0x20003188   Data           4  canopen_od.o(.data)
    obj6057_VlvelMotor_Min_neg               0x2000318c   Data           4  canopen_od.o(.data)
    obj6057_VlvelMotor_Max_neg               0x20003190   Data           4  canopen_od.o(.data)
    ObjDict_Index6057                        0x20003194   Data         100  canopen_od.o(.data)
    obj6048_Vlvel_Accel_subindex             0x200031f8   Data           4  canopen_od.o(.data)
    obj6048_Vlvel_Accel_deltaSpeed           0x200031fc   Data           4  canopen_od.o(.data)
    obj6048_Vlvel_Accel_deltaTime            0x20003200   Data           4  canopen_od.o(.data)
    ObjDict_Index6048                        0x20003204   Data          60  canopen_od.o(.data)
    obj6049_Vlvel_Decel_subindex             0x20003240   Data           4  canopen_od.o(.data)
    obj6049_Vlvel_Decel_deltaSpeed           0x20003244   Data           4  canopen_od.o(.data)
    obj6049_Vlvel_Decel_deltaTime            0x20003248   Data           4  canopen_od.o(.data)
    ObjDict_Index6049                        0x2000324c   Data          60  canopen_od.o(.data)
    obj604A_Vlvel_QuickStop_subindex         0x20003288   Data           4  canopen_od.o(.data)
    obj604A_Vlvel_QuickStop_deltaSpeed       0x2000328c   Data           4  canopen_od.o(.data)
    obj604A_Vlvel_QuickStop_deltaTime        0x20003290   Data           4  canopen_od.o(.data)
    ObjDict_Index604A                        0x20003294   Data          60  canopen_od.o(.data)
    obj604F_Vl_SlopeFunction_time            0x200032d0   Data           4  canopen_od.o(.data)
    ObjDict_Index604F                        0x200032d4   Data          20  canopen_od.o(.data)
    obj6050_Vl_Decel_time                    0x200032e8   Data           4  canopen_od.o(.data)
    ObjDict_Index6050                        0x200032ec   Data          20  canopen_od.o(.data)
    obj6051_Vl_QuickStop_time                0x20003300   Data           4  canopen_od.o(.data)
    ObjDict_Index6051                        0x20003304   Data          20  canopen_od.o(.data)
    obj6044_Vl_Control_effort                0x20003318   Data           2  canopen_od.o(.data)
    ObjDict_Index6044                        0x2000331c   Data          20  canopen_od.o(.data)
    obj6045_Vlvel_Manipulated                0x20003330   Data           2  canopen_od.o(.data)
    ObjDict_Index6045                        0x20003334   Data          20  canopen_od.o(.data)
    obj6052_Vl_Nominal_percentage            0x20003348   Data           2  canopen_od.o(.data)
    ObjDict_Index6052                        0x2000334c   Data          20  canopen_od.o(.data)
    ObjDict_Index2001_callbacks              0x20003360   Data           4  canopen_od.o(.data)
    CANopen_Drive                            0x20003364   Data         596  canopen_od.o(.data)
    pPdoPar                                  0x200035b8   Data         704  canopen_od.o(.data)
    pHeartBeatPar                            0x20003878   Data          12  canopen_od.o(.data)
    Ob_ID                                    0x20003884   Data          20  canopen_od.o(.data)
    total_sleep_time                         0x20003898   Data           4  canopen_timer.o(.data)
    last_timer_raw                           0x2000389c   Data           2  canopen_timer.o(.data)
    last_time_set                            0x200038a0   Data           4  canopen_timer.o(.data)
    TimeCNT                                  0x200038a4   Data           4  canopen_timer.o(.data)
    NextTime                                 0x200038a8   Data           4  canopen_timer.o(.data)
    Jump_To_Application                      0x200038ac   Data           4  bsp_can.o(.data)
    JumpAddress                              0x200038b0   Data           4  bsp_can.o(.data)
    reflag                                   0x200038b4   Data           1  agreement.o(.data)
    Flash_Writesign                          0x200038b5   Data           1  agreement.o(.data)
    count                                    0x200038b6   Data           2  agreement.o(.data)
    SendBuf1                                 0x200038b8   Data           4  agreement.o(.data)
    SendBuf2                                 0x200038bc   Data           5  agreement.o(.data)
    SendBuf3                                 0x200038c1   Data           4  agreement.o(.data)
    txflag                                   0x200038c5   Data           1  agreement.o(.data)
    ErrTime1                                 0x200038c8   Data           4  agreement.o(.data)
    SendFlag                                 0x200038cc   Data           1  agreement.o(.data)
    ReceiveFlag                              0x200038cd   Data           1  agreement.o(.data)
    FirstSector                              0x200038d0   Data           4  flash.o(.data)
    NbOfSectors                              0x200038d4   Data           4  flash.o(.data)
    Address                                  0x200038d8   Data           4  flash.o(.data)
    SectorError                              0x200038dc   Data           4  flash.o(.data)
    MemoryProgramStatus                      0x200038e0   Data           4  flash.o(.data)
    __stdout                                 0x200038e8   Data           4  stdout.o(.data)
    ProgramVersion                           0x200038ec   Data          16  main.o(.bss)
    strCapture                               0x200038fc   Data          12  main.o(.bss)
    hadc1                                    0x20003908   Data         100  main.o(.bss)
    hadc2                                    0x2000396c   Data         100  main.o(.bss)
    hdma_adc1                                0x200039d0   Data          96  main.o(.bss)
    hiwdg                                    0x20003a30   Data          12  main.o(.bss)
    htim1                                    0x20003a3c   Data          72  main.o(.bss)
    htim2                                    0x20003a84   Data          72  main.o(.bss)
    htim3                                    0x20003acc   Data          72  main.o(.bss)
    htim4                                    0x20003b14   Data          72  main.o(.bss)
    htim5                                    0x20003b5c   Data          72  main.o(.bss)
    htim7                                    0x20003ba4   Data          72  main.o(.bss)
    htim8                                    0x20003bec   Data          72  main.o(.bss)
    htim9                                    0x20003c34   Data          72  main.o(.bss)
    htim10                                   0x20003c7c   Data          72  main.o(.bss)
    htim11                                   0x20003cc4   Data          72  main.o(.bss)
    htim12                                   0x20003d0c   Data          72  main.o(.bss)
    huart3                                   0x20003d54   Data          68  main.o(.bss)
    aRxBuffer                                0x20003d98   Data          50  main.o(.bss)
    Err_codeHis                              0x20003dcc   Data          40  main.o(.bss)
    Err_codeTick                             0x20003df4   Data          40  main.o(.bss)
    ADC_ConvertedValue                       0x20003e1c   Data          60  main.o(.bss)
    pFlash                                   0x20003e58   Data          32  stm32f4xx_hal_flash.o(.bss)
    PID_Speed_InitStruct                     0x20003e78   Data         112  mc_pid_regulators.o(.bss)
    PID_Current_InitStructure                0x20003ee8   Data         112  mc_pid_regulators.o(.bss)
    PID_PWM                                  0x20003f58   Data          56  mc_pid_regulators.o(.bss)
    Sensorless_PID_PWM                       0x20003f90   Data          56  mc_pid_regulators.o(.bss)
    VoltVar                                  0x20003fc8   Data          28  function.o(.bss)
    Motor5_Current_temp                      0x20003fe4   Data          16  function.o(.bss)
    Motor6_Current_temp                      0x20003ff4   Data          16  function.o(.bss)
    Push_Error_Cheek_Cnt                     0x20004004   Data          36  function.o(.bss)
    Push_Error_Cheek_Cnt_1                   0x20004028   Data          36  function.o(.bss)
    Push_curr_temp                           0x2000404c   Data          36  function.o(.bss)
    Push_curr_temp_1                         0x20004070   Data          36  function.o(.bss)
    Sys_Ticktemp                             0x20004094   Data          40  function.o(.bss)
    M5_100us_ac_ab_bc_cur                    0x200040bc   Data          12  function.o(.bss)
    M6_100us_ac_ab_bc_cur                    0x200040c8   Data          12  function.o(.bss)
    htimx_BDCMOTOR                           0x200040d4   Data          72  bsp_bdcmotor.o(.bss)
    MotorControl                             0x2000411c   Data        1332  bsp_bdcmotor.o(.bss)
    Sensorless                               0x20004650   Data         384  bsp_bdcmotor.o(.bss)
    HALL_Study                               0x200047d0   Data          36  bsp_bdcmotor.o(.bss)
    VoltBEMF                                 0x200047f4   Data          26  sensorless bldc.o(.bss)
    sensorless                               0x20004810   Data         400  sensorless bldc.o(.bss)
    Ack_time                                 0x200049a0   Data          36  sensorless bldc.o(.bss)
    Record_time                              0x200049c4   Data          36  sensorless bldc.o(.bss)
    Ack_Flag                                 0x200049e8   Data          18  sensorless bldc.o(.bss)
    testGl                                   0x200049fc   Data         200  canopen_od.o(.bss)
    testStr                                  0x20004ac4   Data          50  canopen_od.o(.bss)
    TimeConsume                              0x20004af8   Data          16  canopen_od.o(.bss)
    CanLoadRate                              0x20004b08   Data          16  canopen_od.o(.bss)
    PDO_Trans_chache                         0x20004b18   Data         144  canopen_od.o(.bss)
    ObjDict_heartBeatTimers                  0x20004ba8   Data          10  canopen_od.o(.bss)
    test111                                  0x20004bb4   Data          40  canopen_od.o(.bss)
    ObjDict_Index2000_callbacks              0x20004bdc   Data          12  canopen_od.o(.bss)
    pRpdoDirectPar                           0x20004be8   Data         448  canopen_od.o(.bss)
    TIM6_Handler                             0x20004da8   Data          72  canopen_timer.o(.bss)
    timers                                   0x20004df0   Data         192  canopen_timer.o(.bss)
    hcan2                                    0x20004eb0   Data          68  bsp_can.o(.bss)
    TxMessage                                0x20004ef4   Data          28  bsp_can.o(.bss)
    RxMessage                                0x20004f10   Data          36  bsp_can.o(.bss)
    aRxBuffer1                               0x20004f34   Data         200  agreement.o(.bss)
    SendBuf                                  0x20004ffc   Data         200  agreement.o(.bss)
    husart_debug                             0x200050c4   Data          68  agreement.o(.bss)
    transbuf                                 0x20005108   Data        1000  agreement.o(.bss)
    tempbuf                                  0x200054f0   Data        1000  flash.o(.bss)
    __initial_sp                             0x200068f0   Data           0  startup_stm32f407xx.o(STACK)



==============================================================================

Memory Map of the image

  Image Entry point : 0x08000189

  Load Region LR_IROM1 (Base: 0x08000000, Size: 0x00016ca8, Max: 0x00080000, ABSOLUTE, COMPRESSED[0x0001444c])

    Execution Region ER_IROM1 (Exec base: 0x08000000, Load base: 0x08000000, Size: 0x000133bc, Max: 0x00080000, ABSOLUTE)

    Exec Addr    Load Addr    Size         Type   Attr      Idx    E Section Name        Object

    0x08000000   0x08000000   0x00000188   Data   RO         3876    RESET               startup_stm32f407xx.o
    0x08000188   0x08000188   0x00000000   Code   RO         5530  * .ARM.Collect$$$$00000000  mc_w.l(entry.o)
    0x08000188   0x08000188   0x00000004   Code   RO         5816    .ARM.Collect$$$$00000001  mc_w.l(entry2.o)
    0x0800018c   0x0800018c   0x00000004   Code   RO         5819    .ARM.Collect$$$$00000004  mc_w.l(entry5.o)
    0x08000190   0x08000190   0x00000000   Code   RO         5821    .ARM.Collect$$$$00000008  mc_w.l(entry7b.o)
    0x08000190   0x08000190   0x00000000   Code   RO         5823    .ARM.Collect$$$$0000000A  mc_w.l(entry8b.o)
    0x08000190   0x08000190   0x00000008   Code   RO         5824    .ARM.Collect$$$$0000000B  mc_w.l(entry9a.o)
    0x08000198   0x08000198   0x00000000   Code   RO         5826    .ARM.Collect$$$$0000000D  mc_w.l(entry10a.o)
    0x08000198   0x08000198   0x00000000   Code   RO         5828    .ARM.Collect$$$$0000000F  mc_w.l(entry11a.o)
    0x08000198   0x08000198   0x00000004   Code   RO         5817    .ARM.Collect$$$$00002712  mc_w.l(entry2.o)
    0x0800019c   0x0800019c   0x00000024   Code   RO         3877    .text               startup_stm32f407xx.o
    0x080001c0   0x080001c0   0x00000062   Code   RO         5533    .text               mc_w.l(uldiv.o)
    0x08000222   0x08000222   0x00000024   Code   RO         5535    .text               mc_w.l(memcpya.o)
    0x08000246   0x08000246   0x00000024   Code   RO         5537    .text               mc_w.l(memseta.o)
    0x0800026a   0x0800026a   0x0000001a   Code   RO         5539    .text               mc_w.l(memcmp.o)
    0x08000284   0x08000284   0x000000e4   Code   RO         5804    .text               mf_w.l(dmul.o)
    0x08000368   0x08000368   0x00000022   Code   RO         5806    .text               mf_w.l(dflti.o)
    0x0800038a   0x0800038a   0x0000003e   Code   RO         5808    .text               mf_w.l(dfixi.o)
    0x080003c8   0x080003c8   0x00000026   Code   RO         5810    .text               mf_w.l(f2d.o)
    0x080003ee   0x080003ee   0x00000002   PAD
    0x080003f0   0x080003f0   0x00000030   Code   RO         5812    .text               mf_w.l(cdcmple.o)
    0x08000420   0x08000420   0x00000030   Code   RO         5814    .text               mf_w.l(cdrcmple.o)
    0x08000450   0x08000450   0x0000002c   Code   RO         5833    .text               mc_w.l(uidiv.o)
    0x0800047c   0x0800047c   0x0000001e   Code   RO         5835    .text               mc_w.l(llshl.o)
    0x0800049a   0x0800049a   0x00000020   Code   RO         5837    .text               mc_w.l(llushr.o)
    0x080004ba   0x080004ba   0x00000000   Code   RO         5839    .text               mc_w.l(iusefp.o)
    0x080004ba   0x080004ba   0x000000ba   Code   RO         5840    .text               mf_w.l(depilogue.o)
    0x08000574   0x08000574   0x00000024   Code   RO         5848    .text               mc_w.l(init.o)
    0x08000598   0x08000598   0x00000000   Code   RO         5850    .text               mc_w.l(semi.o)
    0x08000598   0x08000598   0x00000000   Code   RO         5853    .text               mc_w.l(iusesemip.o)
    0x08000598   0x08000598   0x00000056   Code   RO         5862    .text               mc_w.l(__dczerorl2.o)
    0x080005ee   0x080005ee   0x0000007e   Code   RO          789    i.ADC_DMAConvCplt   stm32f4xx_hal_adc.o
    0x0800066c   0x0800066c   0x0000001a   Code   RO          790    i.ADC_DMAError      stm32f4xx_hal_adc.o
    0x08000686   0x08000686   0x0000000e   Code   RO          791    i.ADC_DMAHalfConvCplt  stm32f4xx_hal_adc.o
    0x08000694   0x08000694   0x00000010   Code   RO            4    i.ADC_IRQHandler    stm32f4xx_it.o
    0x080006a4   0x080006a4   0x00000160   Code   RO          792    i.ADC_Init          stm32f4xx_hal_adc.o
    0x08000804   0x08000804   0x000000e0   Code   RO         5367    i.Agreement_fun3    agreement.o
    0x080008e4   0x080008e4   0x000000e0   Code   RO         5368    i.Agreement_funEF   agreement.o
    0x080009c4   0x080009c4   0x000000bc   Code   RO         5369    i.Agreement_funF1   agreement.o
    0x08000a80   0x08000a80   0x000000bc   Code   RO         5370    i.Agreement_funF2   agreement.o
    0x08000b3c   0x08000b3c   0x000000bc   Code   RO         5371    i.Agreement_funF3   agreement.o
    0x08000bf8   0x08000bf8   0x000000bc   Code   RO         5372    i.Agreement_funF4   agreement.o
    0x08000cb4   0x08000cb4   0x000005a0   Code   RO         4344    i.BEMF              sensorless bldc.o
    0x08001254   0x08001254   0x00000100   Code   RO         3970    i.BLDC1_OverSpdChk  function.o
    0x08001354   0x08001354   0x0000017c   Code   RO         4209    i.BLDC1_PhaseChange  bsp_bdcmotor.o
    0x080014d0   0x080014d0   0x000000f0   Code   RO         3971    i.BLDC2_OverSpdChk  function.o
    0x080015c0   0x080015c0   0x00000184   Code   RO         4210    i.BLDC2_PhaseChange  bsp_bdcmotor.o
    0x08001744   0x08001744   0x00000098   Code   RO         3972    i.BLDC5_Phase_Check  function.o
    0x080017dc   0x080017dc   0x00000098   Code   RO         3973    i.BLDC6_Phase_Check  function.o
    0x08001874   0x08001874   0x000001b8   Code   RO            5    i.BLDC_AdvAngle     stm32f4xx_it.o
    0x08001a2c   0x08001a2c   0x00000188   Code   RO         3974    i.BLDC_Stuck_Chk    function.o
    0x08001bb4   0x08001bb4   0x00000204   Code   RO         4345    i.Bemf_Delay        sensorless bldc.o
    0x08001db8   0x08001db8   0x0000006e   Code   RO         3975    i.BubbleSort        function.o
    0x08001e26   0x08001e26   0x00000004   Code   RO            6    i.BusFault_Handler  stm32f4xx_it.o
    0x08001e2a   0x08001e2a   0x00000002   PAD
    0x08001e2c   0x08001e2c   0x00000090   Code   RO         4659    i.CAN1_Send_Msg     bsp_can.o
    0x08001ebc   0x08001ebc   0x00000010   Code   RO         4660    i.CAN2_RX0_IRQHandler  bsp_can.o
    0x08001ecc   0x08001ecc   0x000001b6   Code   RO         2366    i.CAN_Receive_IT    stm32f4xx_hal_can.o
    0x08002082   0x08002082   0x00000062   Code   RO         2367    i.CAN_Transmit_IT   stm32f4xx_hal_can.o
    0x080020e4   0x080020e4   0x00000098   Code   RO         4436    i.CANopen_Parameter_Init  canopen_od.o
    0x0800217c   0x0800217c   0x00000030   Code   RO         5373    i.CheckSum          agreement.o
    0x080021ac   0x080021ac   0x0000002c   Code   RO         4808    i.ConsumerHeartbeatAlarm  canopen_lifegrd.o
    0x080021d8   0x080021d8   0x000000ec   Code   RO         5034    i.CopyBits          canopen_pdo.o
    0x080022c4   0x080022c4   0x00000428   Code   RO         3976    i.CurrentLimit      function.o
    0x080026ec   0x080026ec   0x00000068   Code   RO         3977    i.Current_Real_Trans  function.o
    0x08002754   0x08002754   0x00000034   Code   RO         1688    i.DMA_CalcBaseAndBitshift  stm32f4xx_hal_dma.o
    0x08002788   0x08002788   0x000000aa   Code   RO         1689    i.DMA_CheckFifoParam  stm32f4xx_hal_dma.o
    0x08002832   0x08002832   0x0000002c   Code   RO         1690    i.DMA_SetConfig     stm32f4xx_hal_dma.o
    0x0800285e   0x0800285e   0x00000002   Code   RO            7    i.DebugMon_Handler  stm32f4xx_it.o
    0x08002860   0x08002860   0x00000038   Code   RO         4544    i.DelAlarm          canopen_timer.o
    0x08002898   0x08002898   0x00000024   Code   RO            8    i.EXTI15_10_IRQHandler  stm32f4xx_it.o
    0x080028bc   0x080028bc   0x0000000a   Code   RO            9    i.EXTI1_IRQHandler  stm32f4xx_it.o
    0x080028c6   0x080028c6   0x0000000a   Code   RO           10    i.EXTI3_IRQHandler  stm32f4xx_it.o
    0x080028d0   0x080028d0   0x0000000a   Code   RO           11    i.EXTI4_IRQHandler  stm32f4xx_it.o
    0x080028da   0x080028da   0x00000016   Code   RO           12    i.EXTI9_5_IRQHandler  stm32f4xx_it.o
    0x080028f0   0x080028f0   0x00000006   Code   RO          454    i.Error_Handler     main.o
    0x080028f6   0x080028f6   0x00000002   PAD
    0x080028f8   0x080028f8   0x0000005c   Code   RO         1458    i.FLASH_Erase_Sector  stm32f4xx_hal_flash_ex.o
    0x08002954   0x08002954   0x00000078   Code   RO         1459    i.FLASH_FlushCaches  stm32f4xx_hal_flash_ex.o
    0x080029cc   0x080029cc   0x00000030   Code   RO         1460    i.FLASH_MassErase   stm32f4xx_hal_flash_ex.o
    0x080029fc   0x080029fc   0x00000024   Code   RO         1340    i.FLASH_Program_Byte  stm32f4xx_hal_flash.o
    0x08002a20   0x08002a20   0x0000003c   Code   RO         1341    i.FLASH_Program_DoubleWord  stm32f4xx_hal_flash.o
    0x08002a5c   0x08002a5c   0x00000028   Code   RO         1342    i.FLASH_Program_HalfWord  stm32f4xx_hal_flash.o
    0x08002a84   0x08002a84   0x00000028   Code   RO         1343    i.FLASH_Program_Word  stm32f4xx_hal_flash.o
    0x08002aac   0x08002aac   0x00000098   Code   RO         1344    i.FLASH_SetErrorCode  stm32f4xx_hal_flash.o
    0x08002b44   0x08002b44   0x00000064   Code   RO         1345    i.FLASH_WaitForLastOperation  stm32f4xx_hal_flash.o
    0x08002ba8   0x08002ba8   0x0000002c   Code   RO         5374    i.FlashRight        agreement.o
    0x08002bd4   0x08002bd4   0x000000c0   Code   RO         4212    i.GetMotorSpeed     bsp_bdcmotor.o
    0x08002c94   0x08002c94   0x000000e4   Code   RO         5484    i.GetSector         flash.o
    0x08002d78   0x08002d78   0x00000070   Code   RO         4213    i.HALLSTUDY_PhaseChange0  bsp_bdcmotor.o
    0x08002de8   0x08002de8   0x00000070   Code   RO         4214    i.HALLSTUDY_PhaseChange1  bsp_bdcmotor.o
    0x08002e58   0x08002e58   0x00000034   Code   RO         4215    i.HALL_GetPhase1    bsp_bdcmotor.o
    0x08002e8c   0x08002e8c   0x00000038   Code   RO         4216    i.HALL_GetPhase2    bsp_bdcmotor.o
    0x08002ec4   0x08002ec4   0x00000228   Code   RO         1079    i.HAL_ADCEx_InjectedConfigChannel  stm32f4xx_hal_adc_ex.o
    0x080030ec   0x080030ec   0x00000088   Code   RO           13    i.HAL_ADCEx_InjectedConvCpltCallback  stm32f4xx_it.o
    0x08003174   0x08003174   0x00000120   Code   RO         1083    i.HAL_ADCEx_InjectedStart  stm32f4xx_hal_adc_ex.o
    0x08003294   0x08003294   0x0000018c   Code   RO          794    i.HAL_ADC_ConfigChannel  stm32f4xx_hal_adc.o
    0x08003420   0x08003420   0x00000002   Code   RO          795    i.HAL_ADC_ConvCpltCallback  stm32f4xx_hal_adc.o
    0x08003422   0x08003422   0x00000002   Code   RO          796    i.HAL_ADC_ConvHalfCpltCallback  stm32f4xx_hal_adc.o
    0x08003424   0x08003424   0x00000002   Code   RO          798    i.HAL_ADC_ErrorCallback  stm32f4xx_hal_adc.o
    0x08003426   0x08003426   0x00000174   Code   RO          802    i.HAL_ADC_IRQHandler  stm32f4xx_hal_adc.o
    0x0800359a   0x0800359a   0x00000002   PAD
    0x0800359c   0x0800359c   0x0000009c   Code   RO          803    i.HAL_ADC_Init      stm32f4xx_hal_adc.o
    0x08003638   0x08003638   0x00000002   Code   RO          804    i.HAL_ADC_LevelOutOfWindowCallback  stm32f4xx_hal_adc.o
    0x0800363a   0x0800363a   0x00000002   PAD
    0x0800363c   0x0800363c   0x000001fc   Code   RO          321    i.HAL_ADC_MspInit   stm32f4xx_hal_msp.o
    0x08003838   0x08003838   0x000001b4   Code   RO          811    i.HAL_ADC_Start_DMA  stm32f4xx_hal_adc.o
    0x080039ec   0x080039ec   0x00000108   Code   RO         2368    i.HAL_CAN_ConfigFilter  stm32f4xx_hal_can.o
    0x08003af4   0x08003af4   0x00000002   Code   RO         2370    i.HAL_CAN_ErrorCallback  stm32f4xx_hal_can.o
    0x08003af6   0x08003af6   0x00000002   PAD
    0x08003af8   0x08003af8   0x00000254   Code   RO         2373    i.HAL_CAN_IRQHandler  stm32f4xx_hal_can.o
    0x08003d4c   0x08003d4c   0x000001bc   Code   RO         2374    i.HAL_CAN_Init      stm32f4xx_hal_can.o
    0x08003f08   0x08003f08   0x000000c0   Code   RO         4662    i.HAL_CAN_MspInit   bsp_can.o
    0x08003fc8   0x08003fc8   0x0000010c   Code   RO         2378    i.HAL_CAN_Receive_IT  stm32f4xx_hal_can.o
    0x080040d4   0x080040d4   0x000000b4   Code   RO         4663    i.HAL_CAN_RxCpltCallback  bsp_can.o
    0x08004188   0x08004188   0x000002b8   Code   RO         2381    i.HAL_CAN_Transmit  stm32f4xx_hal_can.o
    0x08004440   0x08004440   0x00000002   Code   RO         2383    i.HAL_CAN_TxCpltCallback  stm32f4xx_hal_can.o
    0x08004442   0x08004442   0x00000002   PAD
    0x08004444   0x08004444   0x000000ec   Code   RO         1697    i.HAL_DMA_Init      stm32f4xx_hal_dma.o
    0x08004530   0x08004530   0x00000092   Code   RO         1701    i.HAL_DMA_Start_IT  stm32f4xx_hal_dma.o
    0x080045c2   0x080045c2   0x00000002   PAD
    0x080045c4   0x080045c4   0x000000ac   Code   RO         1470    i.HAL_FLASHEx_Erase  stm32f4xx_hal_flash_ex.o
    0x08004670   0x08004670   0x00000014   Code   RO         1349    i.HAL_FLASH_Lock    stm32f4xx_hal_flash.o
    0x08004684   0x08004684   0x00000098   Code   RO         1354    i.HAL_FLASH_Program  stm32f4xx_hal_flash.o
    0x0800471c   0x0800471c   0x00000034   Code   RO         1356    i.HAL_FLASH_Unlock  stm32f4xx_hal_flash.o
    0x08004750   0x08004750   0x00000658   Code   RO           14    i.HAL_GPIO_EXTI_Callback  stm32f4xx_it.o
    0x08004da8   0x08004da8   0x0000001c   Code   RO         1583    i.HAL_GPIO_EXTI_IRQHandler  stm32f4xx_hal_gpio.o
    0x08004dc4   0x08004dc4   0x000001f0   Code   RO         1584    i.HAL_GPIO_Init     stm32f4xx_hal_gpio.o
    0x08004fb4   0x08004fb4   0x00000010   Code   RO         1586    i.HAL_GPIO_ReadPin  stm32f4xx_hal_gpio.o
    0x08004fc4   0x08004fc4   0x00000014   Code   RO         1587    i.HAL_GPIO_TogglePin  stm32f4xx_hal_gpio.o
    0x08004fd8   0x08004fd8   0x0000000c   Code   RO         1588    i.HAL_GPIO_WritePin  stm32f4xx_hal_gpio.o
    0x08004fe4   0x08004fe4   0x0000000c   Code   RO         2121    i.HAL_GetTick       stm32f4xx_hal.o
    0x08004ff0   0x08004ff0   0x0000000e   Code   RO         2497    i.HAL_IWDG_Refresh  stm32f4xx_hal_iwdg.o
    0x08004ffe   0x08004ffe   0x00000002   PAD
    0x08005000   0x08005000   0x00000018   Code   RO         2127    i.HAL_IncTick       stm32f4xx_hal.o
    0x08005018   0x08005018   0x0000003c   Code   RO         2128    i.HAL_Init          stm32f4xx_hal.o
    0x08005054   0x08005054   0x0000004c   Code   RO         2129    i.HAL_InitTick      stm32f4xx_hal.o
    0x080050a0   0x080050a0   0x00000048   Code   RO          322    i.HAL_MspInit       stm32f4xx_hal_msp.o
    0x080050e8   0x080050e8   0x00000044   Code   RO         1972    i.HAL_NVIC_DisableIRQ  stm32f4xx_hal_cortex.o
    0x0800512c   0x0800512c   0x00000020   Code   RO         1973    i.HAL_NVIC_EnableIRQ  stm32f4xx_hal_cortex.o
    0x0800514c   0x0800514c   0x0000007c   Code   RO         1979    i.HAL_NVIC_SetPriority  stm32f4xx_hal_cortex.o
    0x080051c8   0x080051c8   0x00000028   Code   RO         1980    i.HAL_NVIC_SetPriorityGrouping  stm32f4xx_hal_cortex.o
    0x080051f0   0x080051f0   0x00000002   Code   RO         1184    i.HAL_RCC_CSSCallback  stm32f4xx_hal_rcc.o
    0x080051f2   0x080051f2   0x00000002   PAD
    0x080051f4   0x080051f4   0x00000184   Code   RO         1185    i.HAL_RCC_ClockConfig  stm32f4xx_hal_rcc.o
    0x08005378   0x08005378   0x0000000c   Code   RO         1190    i.HAL_RCC_GetHCLKFreq  stm32f4xx_hal_rcc.o
    0x08005384   0x08005384   0x00000020   Code   RO         1192    i.HAL_RCC_GetPCLK1Freq  stm32f4xx_hal_rcc.o
    0x080053a4   0x080053a4   0x00000020   Code   RO         1193    i.HAL_RCC_GetPCLK2Freq  stm32f4xx_hal_rcc.o
    0x080053c4   0x080053c4   0x000000b0   Code   RO         1194    i.HAL_RCC_GetSysClockFreq  stm32f4xx_hal_rcc.o
    0x08005474   0x08005474   0x00000020   Code   RO         1196    i.HAL_RCC_NMI_IRQHandler  stm32f4xx_hal_rcc.o
    0x08005494   0x08005494   0x0000049c   Code   RO         1197    i.HAL_RCC_OscConfig  stm32f4xx_hal_rcc.o
    0x08005930   0x08005930   0x00000028   Code   RO         1982    i.HAL_SYSTICK_CLKSourceConfig  stm32f4xx_hal_cortex.o
    0x08005958   0x08005958   0x00000456   Code   RO          455    i.HAL_SYSTICK_Callback  main.o
    0x08005dae   0x08005dae   0x00000034   Code   RO         1984    i.HAL_SYSTICK_Config  stm32f4xx_hal_cortex.o
    0x08005de2   0x08005de2   0x00000008   Code   RO         1985    i.HAL_SYSTICK_IRQHandler  stm32f4xx_hal_cortex.o
    0x08005dea   0x08005dea   0x00000002   PAD
    0x08005dec   0x08005dec   0x00000080   Code   RO          456    i.HAL_TIMEx_BreakCallback  main.o
    0x08005e6c   0x08005e6c   0x00000002   Code   RO         3244    i.HAL_TIMEx_CommutCallback  stm32f4xx_hal_tim_ex.o
    0x08005e6e   0x08005e6e   0x00000074   Code   RO         3246    i.HAL_TIMEx_ConfigBreakDeadTime  stm32f4xx_hal_tim_ex.o
    0x08005ee2   0x08005ee2   0x00000002   PAD
    0x08005ee4   0x08005ee4   0x000000b4   Code   RO         3262    i.HAL_TIMEx_MasterConfigSynchronization  stm32f4xx_hal_tim_ex.o
    0x08005f98   0x08005f98   0x000000f4   Code   RO         3273    i.HAL_TIMEx_PWMN_Start  stm32f4xx_hal_tim_ex.o
    0x0800608c   0x0800608c   0x00000066   Code   RO         2528    i.HAL_TIM_Base_Init  stm32f4xx_hal_tim.o
    0x080060f2   0x080060f2   0x00000002   PAD
    0x080060f4   0x080060f4   0x000001f4   Code   RO          324    i.HAL_TIM_Base_MspInit  stm32f4xx_hal_msp.o
    0x080062e8   0x080062e8   0x000000a8   Code   RO         2533    i.HAL_TIM_Base_Start_IT  stm32f4xx_hal_tim.o
    0x08006390   0x08006390   0x0000010c   Code   RO         2537    i.HAL_TIM_ConfigClockSource  stm32f4xx_hal_tim.o
    0x0800649c   0x0800649c   0x000000c8   Code   RO          457    i.HAL_TIM_IC_CaptureCallback  main.o
    0x08006564   0x08006564   0x000000de   Code   RO         2564    i.HAL_TIM_IC_ConfigChannel  stm32f4xx_hal_tim.o
    0x08006642   0x08006642   0x00000066   Code   RO         2567    i.HAL_TIM_IC_Init   stm32f4xx_hal_tim.o
    0x080066a8   0x080066a8   0x00000088   Code   RO          326    i.HAL_TIM_IC_MspInit  stm32f4xx_hal_msp.o
    0x08006730   0x08006730   0x00000130   Code   RO         2572    i.HAL_TIM_IC_Start_IT  stm32f4xx_hal_tim.o
    0x08006860   0x08006860   0x00000196   Code   RO         2576    i.HAL_TIM_IRQHandler  stm32f4xx_hal_tim.o
    0x080069f6   0x080069f6   0x00000002   PAD
    0x080069f8   0x080069f8   0x000002f8   Code   RO          327    i.HAL_TIM_MspPostInit  stm32f4xx_hal_msp.o
    0x08006cf0   0x08006cf0   0x00000070   Code   RO         2577    i.HAL_TIM_OC_ConfigChannel  stm32f4xx_hal_tim.o
    0x08006d60   0x08006d60   0x00000002   Code   RO          458    i.HAL_TIM_OC_DelayElapsedCallback  main.o
    0x08006d62   0x08006d62   0x00000066   Code   RO         2581    i.HAL_TIM_OC_Init   stm32f4xx_hal_tim.o
    0x08006dc8   0x08006dc8   0x00000060   Code   RO          328    i.HAL_TIM_OC_MspInit  stm32f4xx_hal_msp.o
    0x08006e28   0x08006e28   0x00000160   Code   RO         2586    i.HAL_TIM_OC_Start_IT  stm32f4xx_hal_tim.o
    0x08006f88   0x08006f88   0x000000fc   Code   RO         2589    i.HAL_TIM_OC_Stop_IT  stm32f4xx_hal_tim.o
    0x08007084   0x08007084   0x00000104   Code   RO         2600    i.HAL_TIM_PWM_ConfigChannel  stm32f4xx_hal_tim.o
    0x08007188   0x08007188   0x00000066   Code   RO         2603    i.HAL_TIM_PWM_Init  stm32f4xx_hal_tim.o
    0x080071ee   0x080071ee   0x00000002   PAD
    0x080071f0   0x080071f0   0x00000034   Code   RO          330    i.HAL_TIM_PWM_MspInit  stm32f4xx_hal_msp.o
    0x08007224   0x08007224   0x00000002   Code   RO         2606    i.HAL_TIM_PWM_PulseFinishedCallback  stm32f4xx_hal_tim.o
    0x08007226   0x08007226   0x00000002   PAD
    0x08007228   0x08007228   0x0000010c   Code   RO         2608    i.HAL_TIM_PWM_Start  stm32f4xx_hal_tim.o
    0x08007334   0x08007334   0x000007f4   Code   RO          459    i.HAL_TIM_PeriodElapsedCallback  main.o
    0x08007b28   0x08007b28   0x00000032   Code   RO         2616    i.HAL_TIM_ReadCapturedValue  stm32f4xx_hal_tim.o
    0x08007b5a   0x08007b5a   0x00000002   Code   RO         2619    i.HAL_TIM_TriggerCallback  stm32f4xx_hal_tim.o
    0x08007b5c   0x08007b5c   0x00000072   Code   RO         3539    i.HAL_UART_Init     stm32f4xx_hal_uart.o
    0x08007bce   0x08007bce   0x00000002   PAD
    0x08007bd0   0x08007bd0   0x00000088   Code   RO          332    i.HAL_UART_MspInit  stm32f4xx_hal_msp.o
    0x08007c58   0x08007c58   0x00000042   Code   RO         3544    i.HAL_UART_Receive_IT  stm32f4xx_hal_uart.o
    0x08007c9a   0x08007c9a   0x000000d2   Code   RO         3547    i.HAL_UART_Transmit  stm32f4xx_hal_uart.o
    0x08007d6c   0x08007d6c   0x00000128   Code   RO         4217    i.HallStudyHandle0  bsp_bdcmotor.o
    0x08007e94   0x08007e94   0x00000138   Code   RO         4218    i.HallStudyHandle1  bsp_bdcmotor.o
    0x08007fcc   0x08007fcc   0x00000004   Code   RO           15    i.HardFault_Handler  stm32f4xx_it.o
    0x08007fd0   0x08007fd0   0x00000050   Code   RO         3979    i.HardVersion_Init  function.o
    0x08008020   0x08008020   0x0000004c   Code   RO         3980    i.Hardware_flowCheck  function.o
    0x0800806c   0x0800806c   0x000000f0   Code   RO         4809    i.HeartBeat_Message_Handle  canopen_lifegrd.o
    0x0800815c   0x0800815c   0x000004b4   Code   RO         3981    i.Init_Drive_Para   function.o
    0x08008610   0x08008610   0x0000011c   Code   RO         5485    i.InternalFlash     flash.o
    0x0800872c   0x0800872c   0x00000050   Code   RO         4664    i.Jump_to_APP       bsp_can.o
    0x0800877c   0x0800877c   0x0000002c   Code   RO         3983    i.MC_ClearFault     function.o
    0x080087a8   0x080087a8   0x00000038   Code   RO         3984    i.MC_SetFault       function.o
    0x080087e0   0x080087e0   0x00000038   Code   RO         3985    i.MC_SetFault1      function.o
    0x08008818   0x08008818   0x00000170   Code   RO          460    i.MX_ADC1_Init      main.o
    0x08008988   0x08008988   0x0000010c   Code   RO          461    i.MX_ADC2_Init      main.o
    0x08008a94   0x08008a94   0x00000084   Code   RO         4665    i.MX_CAN2_Init      bsp_can.o
    0x08008b18   0x08008b18   0x00000028   Code   RO          462    i.MX_DMA_Init       main.o
    0x08008b40   0x08008b40   0x00000258   Code   RO          463    i.MX_GPIO_Init      main.o
    0x08008d98   0x08008d98   0x000000fe   Code   RO          465    i.MX_NVIC_Init      main.o
    0x08008e96   0x08008e96   0x00000002   PAD
    0x08008e98   0x08008e98   0x00000070   Code   RO          466    i.MX_TIM10_Init     main.o
    0x08008f08   0x08008f08   0x0000006c   Code   RO          467    i.MX_TIM11_Init     main.o
    0x08008f74   0x08008f74   0x00000058   Code   RO          468    i.MX_TIM12_Init     main.o
    0x08008fcc   0x08008fcc   0x00000174   Code   RO          469    i.MX_TIM1_Init      main.o
    0x08009140   0x08009140   0x000000b0   Code   RO          470    i.MX_TIM2_Init      main.o
    0x080091f0   0x080091f0   0x00000084   Code   RO          471    i.MX_TIM3_Init      main.o
    0x08009274   0x08009274   0x000000ac   Code   RO          472    i.MX_TIM4_Init      main.o
    0x08009320   0x08009320   0x00000074   Code   RO          473    i.MX_TIM5_Init      main.o
    0x08009394   0x08009394   0x0000004c   Code   RO          474    i.MX_TIM7_Init      main.o
    0x080093e0   0x080093e0   0x0000013c   Code   RO          475    i.MX_TIM8_Init      main.o
    0x0800951c   0x0800951c   0x000000b4   Code   RO          476    i.MX_TIM9_Init      main.o
    0x080095d0   0x080095d0   0x00000038   Code   RO          477    i.MX_USART3_UART_Init  main.o
    0x08009608   0x08009608   0x00000004   Code   RO           16    i.MemManage_Handler  stm32f4xx_it.o
    0x0800960c   0x0800960c   0x0000008c   Code   RO         4892    i.MessageType_Check  canopen_nmt.o
    0x08009698   0x08009698   0x000001fc   Code   RO         3986    i.Motor5_Default_Phase_Cheek  function.o
    0x08009894   0x08009894   0x000001ac   Code   RO         3987    i.Motor6_Default_Phase_Cheek  function.o
    0x08009a40   0x08009a40   0x00000050   Code   RO         3988    i.Motor7_Err_Chk    function.o
    0x08009a90   0x08009a90   0x0000001e   Code   RO         3989    i.MotorStuckCheck   function.o
    0x08009aae   0x08009aae   0x00000002   PAD
    0x08009ab0   0x08009ab0   0x000000a4   Code   RO         3990    i.Motor_Choose      function.o
    0x08009b54   0x08009b54   0x0000010c   Code   RO         3991    i.Motor_Fault_Clear  function.o
    0x08009c60   0x08009c60   0x00000210   Code   RO         4346    i.Mul_change        sensorless bldc.o
    0x08009e70   0x08009e70   0x00000008   Code   RO           17    i.NMI_Handler       stm32f4xx_it.o
    0x08009e78   0x08009e78   0x000000cc   Code   RO         4893    i.Net_Manager_Handle  canopen_nmt.o
    0x08009f44   0x08009f44   0x0000004c   Code   RO         4437    i.ODCallback_t_Index1010_Subindex1  canopen_od.o
    0x08009f90   0x08009f90   0x000000c4   Code   RO         4810    i.ODCallback_t_Index1016_Subindex  canopen_lifegrd.o
    0x0800a054   0x0800a054   0x00000034   Code   RO         4441    i.ODCallback_t_Index2098_Subindex0  canopen_od.o
    0x0800a088   0x0800a088   0x0000004e   Code   RO         4442    i.ODCallback_t_Index2099_Subindex0  canopen_od.o
    0x0800a0d6   0x0800a0d6   0x00000002   PAD
    0x0800a0d8   0x0800a0d8   0x0000007c   Code   RO         5035    i.ODCallback_t_RPDO_Communicate  canopen_pdo.o
    0x0800a154   0x0800a154   0x0000019c   Code   RO         5036    i.ODCallback_t_RPDO_Map  canopen_pdo.o
    0x0800a2f0   0x0800a2f0   0x000000f8   Code   RO         5037    i.ODCallback_t_RPDO_MapSubindex0  canopen_pdo.o
    0x0800a3e8   0x0800a3e8   0x000000f8   Code   RO         5038    i.ODCallback_t_TPDO_Communicate  canopen_pdo.o
    0x0800a4e0   0x0800a4e0   0x0000011c   Code   RO         5039    i.ODCallback_t_TPDO_Map  canopen_pdo.o
    0x0800a5fc   0x0800a5fc   0x000000f8   Code   RO         5040    i.ODCallback_t_TPDO_MapSubindex0  canopen_pdo.o
    0x0800a6f4   0x0800a6f4   0x0000001a   Code   RO         4987    i.OD_Index_san      canopen_objacces.o
    0x0800a70e   0x0800a70e   0x00000002   PAD
    0x0800a710   0x0800a710   0x000006a0   Code   RO         4443    i.ObjDict_Get_Id    canopen_od.o
    0x0800adb0   0x0800adb0   0x00000728   Code   RO         4444    i.ObjDict_scanIndexOD  canopen_od.o
    0x0800b4d8   0x0800b4d8   0x0000001c   Code   RO         4445    i.ObjDict_valueRangeTest  canopen_od.o
    0x0800b4f4   0x0800b4f4   0x00000018   Code   RO         4811    i.OnHeartbeatProducerUpdate  canopen_lifegrd.o
    0x0800b50c   0x0800b50c   0x0000002c   Code   RO         4743    i.OnNumberOfErrorsUpdate  canopen_emcy.o
    0x0800b538   0x0800b538   0x00000124   Code   RO         3992    i.Over_VoltageCheck  function.o
    0x0800b65c   0x0800b65c   0x00000032   Code   RO         5041    i.PDOEventTimerAlarm  canopen_pdo.o
    0x0800b68e   0x0800b68e   0x0000003e   Code   RO         5042    i.PDOInhibitTimerAlarm  canopen_pdo.o
    0x0800b6cc   0x0800b6cc   0x0000004c   Code   RO         5043    i.PDOInit           canopen_pdo.o
    0x0800b718   0x0800b718   0x00000080   Code   RO         5044    i.PDOStop           canopen_pdo.o
    0x0800b798   0x0800b798   0x000000a0   Code   RO         3921    i.PID_Init          mc_pid_regulators.o
    0x0800b838   0x0800b838   0x00000048   Code   RO         3922    i.PID_PWM_Init      mc_pid_regulators.o
    0x0800b880   0x0800b880   0x00000114   Code   RO         3923    i.PID_Regulator     mc_pid_regulators.o
    0x0800b994   0x0800b994   0x00000038   Code   RO         3924    i.PID_Sensorless_PWM_Init  mc_pid_regulators.o
    0x0800b9cc   0x0800b9cc   0x00000054   Code   RO         4220    i.PWM_DutyControl   bsp_bdcmotor.o
    0x0800ba20   0x0800ba20   0x00000002   Code   RO           18    i.PendSV_Handler    stm32f4xx_it.o
    0x0800ba22   0x0800ba22   0x00000002   PAD
    0x0800ba24   0x0800ba24   0x00000050   Code   RO         4812    i.ProducerHeartbeatAlarm  canopen_lifegrd.o
    0x0800ba74   0x0800ba74   0x0000001c   Code   RO         3993    i.Program_Version_Init  function.o
    0x0800ba90   0x0800ba90   0x0000037c   Code   RO         3994    i.Push_Motor_Calibrate  function.o
    0x0800be0c   0x0800be0c   0x000004d4   Code   RO         3995    i.Push_Motor_Cheek  function.o
    0x0800c2e0   0x0800c2e0   0x00000530   Code   RO         3996    i.Push_Motor_CurSelfAdapt  function.o
    0x0800c810   0x0800c810   0x00000164   Code   RO         3997    i.Push_Motor_Location_Control  function.o
    0x0800c974   0x0800c974   0x000000d8   Code   RO         3998    i.Push_OverRunChk   function.o
    0x0800ca4c   0x0800ca4c   0x000000e8   Code   RO         5377    i.QuickRead         agreement.o
    0x0800cb34   0x0800cb34   0x000000ba   Code   RO         5045    i.RPDO_Direct_SetODentry  canopen_pdo.o
    0x0800cbee   0x0800cbee   0x0000013a   Code   RO         5046    i.RPDO_Direct_Trans_Init  canopen_pdo.o
    0x0800cd28   0x0800cd28   0x00000228   Code   RO         4221    i.Ramp_PPWM         bsp_bdcmotor.o
    0x0800cf50   0x0800cf50   0x00000170   Code   RO         4222    i.Ramp_Speed        bsp_bdcmotor.o
    0x0800d0c0   0x0800d0c0   0x00000036   Code   RO         4988    i.RegisterSetOnDentry_Callback  canopen_objacces.o
    0x0800d0f6   0x0800d0f6   0x00000002   PAD
    0x0800d0f8   0x0800d0f8   0x00000350   Code   RO         5378    i.ReturnError1      agreement.o
    0x0800d448   0x0800d448   0x0000002c   Code   RO         5379    i.ReturnRight       agreement.o
    0x0800d474   0x0800d474   0x00000104   Code   RO         5193    i.SDOTimeoutAlarm   canopen_sdo.o
    0x0800d578   0x0800d578   0x000008d8   Code   RO         5194    i.SDO_Email_Handler  canopen_sdo.o
    0x0800de50   0x0800de50   0x00000052   Code   RO         5195    i.SDO_Err_Record    canopen_sdo.o
    0x0800dea2   0x0800dea2   0x00000092   Code   RO         5196    i.SDOlineToObjdict  canopen_sdo.o
    0x0800df34   0x0800df34   0x0000005a   Code   RO         5197    i.SDOtoLine         canopen_sdo.o
    0x0800df8e   0x0800df8e   0x00000002   Code   RO           19    i.SVC_Handler       stm32f4xx_it.o
    0x0800df90   0x0800df90   0x00000030   Code   RO         3999    i.SelfLock_Ctl      function.o
    0x0800dfc0   0x0800dfc0   0x00000044   Code   RO         4894    i.SendBootUp        canopen_nmt.o
    0x0800e004   0x0800e004   0x0000007c   Code   RO         5198    i.SendSDO           canopen_sdo.o
    0x0800e080   0x0800e080   0x000000e8   Code   RO         4348    i.SensorlessBLDC1_PhaseChange  sensorless bldc.o
    0x0800e168   0x0800e168   0x000000f8   Code   RO         4349    i.Sensorless_ChangePwm  sensorless bldc.o
    0x0800e260   0x0800e260   0x00000028   Code   RO         4350    i.Sensorless_Mototr_Stop  sensorless bldc.o
    0x0800e288   0x0800e288   0x000002e4   Code   RO         4351    i.Sensorless_Start  sensorless bldc.o
    0x0800e56c   0x0800e56c   0x000000b4   Code   RO         4545    i.SetAlarm          canopen_timer.o
    0x0800e620   0x0800e620   0x00000510   Code   RO         4224    i.SetMotorSpeed     bsp_bdcmotor.o
    0x0800eb30   0x0800eb30   0x00000198   Code   RO         4225    i.SetMotorStop      bsp_bdcmotor.o
    0x0800ecc8   0x0800ecc8   0x00000158   Code   RO         4895    i.SetNodeId         canopen_nmt.o
    0x0800ee20   0x0800ee20   0x000000a8   Code   RO         4896    i.SetState          canopen_nmt.o
    0x0800eec8   0x0800eec8   0x0000004c   Code   RO         4666    i.SoftReset         bsp_can.o
    0x0800ef14   0x0800ef14   0x00000114   Code   RO         5380    i.Startagreement    agreement.o
    0x0800f028   0x0800f028   0x00000028   Code   RO         5320    i.StopSync          canopen_sync.o
    0x0800f050   0x0800f050   0x00000198   Code   RO         4226    i.Suction_motor_errhandle  bsp_bdcmotor.o
    0x0800f1e8   0x0800f1e8   0x000000e6   Code   RO         4897    i.SwitchCommunication_State  canopen_nmt.o
    0x0800f2ce   0x0800f2ce   0x0000000c   Code   RO           20    i.SysTick_Handler   stm32f4xx_it.o
    0x0800f2da   0x0800f2da   0x00000002   PAD
    0x0800f2dc   0x0800f2dc   0x0000005c   Code   RO          478    i.Sys_Time          main.o
    0x0800f338   0x0800f338   0x000000f8   Code   RO          479    i.SystemClock_Config  main.o
    0x0800f430   0x0800f430   0x00000014   Code   RO         3885    i.SystemInit        system_stm32f4xx.o
    0x0800f444   0x0800f444   0x00000010   Code   RO           21    i.TIM1_BRK_TIM9_IRQHandler  stm32f4xx_it.o
    0x0800f454   0x0800f454   0x00000018   Code   RO           22    i.TIM1_UP_TIM10_IRQHandler  stm32f4xx_it.o
    0x0800f46c   0x0800f46c   0x00000010   Code   RO           23    i.TIM3_IRQHandler   stm32f4xx_it.o
    0x0800f47c   0x0800f47c   0x00000010   Code   RO           24    i.TIM5_IRQHandler   stm32f4xx_it.o
    0x0800f48c   0x0800f48c   0x00000030   Code   RO         4546    i.TIM6_DAC_IRQHandler  canopen_timer.o
    0x0800f4bc   0x0800f4bc   0x00000074   Code   RO         4547    i.TIM6_Init         canopen_timer.o
    0x0800f530   0x0800f530   0x00000010   Code   RO           25    i.TIM7_IRQHandler   stm32f4xx_it.o
    0x0800f540   0x0800f540   0x00000010   Code   RO           26    i.TIM8_BRK_TIM12_IRQHandler  stm32f4xx_it.o
    0x0800f550   0x0800f550   0x00000010   Code   RO           27    i.TIM8_UP_TIM13_IRQHandler  stm32f4xx_it.o
    0x0800f560   0x0800f560   0x000000d8   Code   RO         2621    i.TIM_Base_SetConfig  stm32f4xx_hal_tim.o
    0x0800f638   0x0800f638   0x00000022   Code   RO         2622    i.TIM_CCxChannelCmd  stm32f4xx_hal_tim.o
    0x0800f65a   0x0800f65a   0x00000022   Code   RO         3282    i.TIM_CCxNChannelCmd  stm32f4xx_hal_tim_ex.o
    0x0800f67c   0x0800f67c   0x00000016   Code   RO         2632    i.TIM_ETR_SetConfig  stm32f4xx_hal_tim.o
    0x0800f692   0x0800f692   0x00000012   Code   RO         2633    i.TIM_ITRx_SetConfig  stm32f4xx_hal_tim.o
    0x0800f6a4   0x0800f6a4   0x00000070   Code   RO         2634    i.TIM_OC1_SetConfig  stm32f4xx_hal_tim.o
    0x0800f714   0x0800f714   0x0000007c   Code   RO         2635    i.TIM_OC2_SetConfig  stm32f4xx_hal_tim.o
    0x0800f790   0x0800f790   0x00000078   Code   RO         2636    i.TIM_OC3_SetConfig  stm32f4xx_hal_tim.o
    0x0800f808   0x0800f808   0x00000054   Code   RO         2637    i.TIM_OC4_SetConfig  stm32f4xx_hal_tim.o
    0x0800f85c   0x0800f85c   0x00000026   Code   RO         2639    i.TIM_TI1_ConfigInputStage  stm32f4xx_hal_tim.o
    0x0800f882   0x0800f882   0x00000002   PAD
    0x0800f884   0x0800f884   0x00000090   Code   RO         2640    i.TIM_TI1_SetConfig  stm32f4xx_hal_tim.o
    0x0800f914   0x0800f914   0x00000028   Code   RO         2641    i.TIM_TI2_ConfigInputStage  stm32f4xx_hal_tim.o
    0x0800f93c   0x0800f93c   0x0000003a   Code   RO         2642    i.TIM_TI2_SetConfig  stm32f4xx_hal_tim.o
    0x0800f976   0x0800f976   0x00000038   Code   RO         2643    i.TIM_TI3_SetConfig  stm32f4xx_hal_tim.o
    0x0800f9ae   0x0800f9ae   0x0000003c   Code   RO         2644    i.TIM_TI4_SetConfig  stm32f4xx_hal_tim.o
    0x0800f9ea   0x0800f9ea   0x00000002   PAD
    0x0800f9ec   0x0800f9ec   0x000000c0   Code   RO         4548    i.TimeDispatch      canopen_timer.o
    0x0800faac   0x0800faac   0x00000048   Code   RO         4549    i.TimerForCan       canopen_timer.o
    0x0800faf4   0x0800faf4   0x0000022c   Code   RO         3566    i.UART_SetConfig    stm32f4xx_hal_uart.o
    0x0800fd20   0x0800fd20   0x00000046   Code   RO         3568    i.UART_Start_Receive_IT  stm32f4xx_hal_uart.o
    0x0800fd66   0x0800fd66   0x00000092   Code   RO         3570    i.UART_WaitOnFlagUntilTimeout  stm32f4xx_hal_uart.o
    0x0800fdf8   0x0800fdf8   0x0000008c   Code   RO         5381    i.USART3_IRQHandler  agreement.o
    0x0800fe84   0x0800fe84   0x00000004   Code   RO           28    i.UsageFault_Handler  stm32f4xx_it.o
    0x0800fe88   0x0800fe88   0x000000c0   Code   RO         4000    i.Voltage_offset_cali  function.o
    0x0800ff48   0x0800ff48   0x0000003c   Code   RO         5486    i.WriteData_toFlash  flash.o
    0x0800ff84   0x0800ff84   0x000001fc   Code   RO         5048    i._RPOD_SyncEvent   canopen_pdo.o
    0x08010180   0x08010180   0x00000002   Code   RO         5049    i._RxPDO_EventTimers_Handler  canopen_pdo.o
    0x08010182   0x08010182   0x00000002   PAD
    0x08010184   0x08010184   0x00000020   Code   RO         5588    i.__0printf$1       mc_w.l(printf1.o)
    0x080101a4   0x080101a4   0x00000010   Code   RO         1986    i.__NVIC_GetPriorityGrouping  stm32f4xx_hal_cortex.o
    0x080101b4   0x080101b4   0x00000028   Code   RO         1987    i.__NVIC_SetPriority  stm32f4xx_hal_cortex.o
    0x080101dc   0x080101dc   0x0000000e   Code   RO         5856    i.__scatterload_copy  mc_w.l(handlers.o)
    0x080101ea   0x080101ea   0x00000002   Code   RO         5857    i.__scatterload_null  mc_w.l(handlers.o)
    0x080101ec   0x080101ec   0x0000000e   Code   RO         5858    i.__scatterload_zeroinit  mc_w.l(handlers.o)
    0x080101fa   0x080101fa   0x00000002   PAD
    0x080101fc   0x080101fc   0x00000140   Code   RO         4989    i._getODentry       canopen_objacces.o
    0x0801033c   0x0801033c   0x00000044   Code   RO         4813    i._heartbeatError   canopen_lifegrd.o
    0x08010380   0x08010380   0x00000002   Code   RO         4898    i._initialisation   canopen_nmt.o
    0x08010382   0x08010382   0x00000002   Code   RO         4899    i._operational      canopen_nmt.o
    0x08010384   0x08010384   0x00000002   Code   RO         4814    i._post_SlaveStateChange  canopen_lifegrd.o
    0x08010386   0x08010386   0x00000002   Code   RO         5321    i._post_TPDO        canopen_sync.o
    0x08010388   0x08010388   0x00000002   Code   RO         5322    i._post_sync        canopen_sync.o
    0x0801038a   0x0801038a   0x00000002   Code   RO         4900    i._preOperational   canopen_nmt.o
    0x0801038c   0x0801038c   0x00000154   Code   RO         5595    i._printf_core      mc_w.l(printf1.o)
    0x080104e0   0x080104e0   0x000001ce   Code   RO         5050    i._sendPDOevent     canopen_pdo.o
    0x080106ae   0x080106ae   0x00000002   PAD
    0x080106b0   0x080106b0   0x0000015c   Code   RO         4990    i._setODentry       canopen_objacces.o
    0x0801080c   0x0801080c   0x00000002   Code   RO         4446    i._storeODSubIndex  canopen_od.o
    0x0801080e   0x0801080e   0x000000f4   Code   RO         5051    i.buildPDO          canopen_pdo.o
    0x08010902   0x08010902   0x00000002   PAD
    0x08010904   0x08010904   0x000008c0   Code   RO         5382    i.changestartstop   agreement.o
    0x080111c4   0x080111c4   0x00000020   Code   RO         4745    i.emergencyInit     canopen_emcy.o
    0x080111e4   0x080111e4   0x00000002   Code   RO         4746    i.emergencyStop     canopen_emcy.o
    0x080111e6   0x080111e6   0x00000024   Code   RO         4001    i.f_abs             function.o
    0x0801120a   0x0801120a   0x000000a6   Code   RO         5200    i.failedSDO         canopen_sdo.o
    0x080112b0   0x080112b0   0x00000012   Code   RO         5830    i.fputc             mc_w.l(fputc.o)
    0x080112c2   0x080112c2   0x00000002   PAD
    0x080112c4   0x080112c4   0x00000024   Code   RO         4550    i.getElapsedTime    canopen_timer.o
    0x080112e8   0x080112e8   0x00000006   Code   RO         4902    i.getNodeId         canopen_nmt.o
    0x080112ee   0x080112ee   0x0000003a   Code   RO         5201    i.getSDOfreeLine    canopen_sdo.o
    0x08011328   0x08011328   0x00000064   Code   RO         5202    i.getSDOlineOnUse   canopen_sdo.o
    0x0801138c   0x0801138c   0x0000003e   Code   RO         5203    i.getSDOlineRestBytes  canopen_sdo.o
    0x080113ca   0x080113ca   0x00000002   PAD
    0x080113cc   0x080113cc   0x00000048   Code   RO         4815    i.heartbeatInit     canopen_lifegrd.o
    0x08011414   0x08011414   0x00000018   Code   RO         4816    i.heartbeatStop     canopen_lifegrd.o
    0x0801142c   0x0801142c   0x00000178   Code   RO         5205    i.initSDOline       canopen_sdo.o
    0x080115a4   0x080115a4   0x00000012   Code   RO         4002    i.l_abs             function.o
    0x080115b6   0x080115b6   0x0000000c   Code   RO         4817    i.lifeGuardInit     canopen_lifegrd.o
    0x080115c2   0x080115c2   0x0000000c   Code   RO         4818    i.lifeGuardStop     canopen_lifegrd.o
    0x080115ce   0x080115ce   0x0000007c   Code   RO         5206    i.lineToSDO         canopen_sdo.o
    0x0801164a   0x0801164a   0x00000002   PAD
    0x0801164c   0x0801164c   0x000003dc   Code   RO          480    i.main              main.o
    0x08011a28   0x08011a28   0x0000007c   Code   RO         5207    i.objdictToSDOline  canopen_sdo.o
    0x08011aa4   0x08011aa4   0x00000434   Code   RO         5052    i.proceedPDO        canopen_pdo.o
    0x08011ed8   0x08011ed8   0x00000040   Code   RO         5323    i.proceedSYNC       canopen_sync.o
    0x08011f18   0x08011f18   0x0000001a   Code   RO         5208    i.resetSDO          canopen_sdo.o
    0x08011f32   0x08011f32   0x00000054   Code   RO         5209    i.resetSDOline      canopen_sdo.o
    0x08011f86   0x08011f86   0x00000002   PAD
    0x08011f88   0x08011f88   0x0000014c   Code   RO         5053    i.sendOnePDOevent   canopen_pdo.o
    0x080120d4   0x080120d4   0x00000014   Code   RO         5054    i.sendPDOevent      canopen_pdo.o
    0x080120e8   0x080120e8   0x00000034   Code   RO         5056    i.sendPdo           canopen_pdo.o
    0x0801211c   0x0801211c   0x00000016   Code   RO         5210    i.setSDOlineRestBytes  canopen_sdo.o
    0x08012132   0x08012132   0x00000002   PAD
    0x08012134   0x08012134   0x00000024   Code   RO         4551    i.setTimer          canopen_timer.o
    0x08012158   0x08012158   0x00000024   Code   RO         4003    i.swap              function.o
    0x0801217c   0x0801217c   0x00000040   Data   RO           29    .constdata          stm32f4xx_it.o
    0x080121bc   0x080121bc   0x00000008   Data   RO         1703    .constdata          stm32f4xx_hal_dma.o
    0x080121c4   0x080121c4   0x00000018   Data   RO         3886    .constdata          system_stm32f4xx.o
    0x080121dc   0x080121dc   0x00000024   Data   RO         4005    .constdata          function.o
    0x08012200   0x08012200   0x000005a2   Data   RO         4448    .constdata          canopen_od.o
    0x080127a2   0x080127a2   0x00000002   PAD
    0x080127a4   0x080127a4   0x00000040   Data   RO         4903    .constdata          canopen_nmt.o
    0x080127e4   0x080127e4   0x00000bb8   Data   RO         5384    .constdata          agreement.o
    0x0801339c   0x0801339c   0x00000020   Data   RO         5854    Region$$Table       anon$$obj.o


    Execution Region RW_IRAM1 (Exec base: 0x20000000, Load base: 0x080133bc, Size: 0x000068f0, Max: 0x00020000, ABSOLUTE, COMPRESSED[0x00001090])

    Exec Addr    Load Addr    Size         Type   Attr      Idx    E Section Name        Object

    0x20000000   COMPRESSED   0x0000001a   Data   RW           30    .data               stm32f4xx_it.o
    0x2000001a   COMPRESSED   0x00000002   PAD
    0x2000001c   COMPRESSED   0x00000038   Data   RW          482    .data               main.o
    0x20000054   COMPRESSED   0x00000009   Data   RW         2135    .data               stm32f4xx_hal.o
    0x2000005d   COMPRESSED   0x00000003   PAD
    0x20000060   COMPRESSED   0x00000004   Data   RW         3887    .data               system_stm32f4xx.o
    0x20000064   COMPRESSED   0x000000a0   Data   RW         4006    .data               function.o
    0x20000104   COMPRESSED   0x0000000e   Data   RW         4228    .data               bsp_bdcmotor.o
    0x20000112   COMPRESSED   0x00000002   PAD
    0x20000114   COMPRESSED   0x0000009c   Data   RW         4354    .data               sensorless bldc.o
    0x200001b0   COMPRESSED   0x000036e8   Data   RW         4450    .data               canopen_od.o
    0x20003898   COMPRESSED   0x00000014   Data   RW         4553    .data               canopen_timer.o
    0x200038ac   COMPRESSED   0x00000008   Data   RW         4668    .data               bsp_can.o
    0x200038b4   COMPRESSED   0x0000001a   Data   RW         5385    .data               agreement.o
    0x200038ce   COMPRESSED   0x00000002   PAD
    0x200038d0   COMPRESSED   0x00000018   Data   RW         5488    .data               flash.o
    0x200038e8   COMPRESSED   0x00000004   Data   RW         5832    .data               mc_w.l(stdout.o)
    0x200038ec        -       0x0000056c   Zero   RW          481    .bss                main.o
    0x20003e58        -       0x00000020   Zero   RW         1357    .bss                stm32f4xx_hal_flash.o
    0x20003e78        -       0x00000150   Zero   RW         3925    .bss                mc_pid_regulators.o
    0x20003fc8        -       0x0000010c   Zero   RW         4004    .bss                function.o
    0x200040d4        -       0x00000720   Zero   RW         4227    .bss                bsp_bdcmotor.o
    0x200047f4        -       0x00000206   Zero   RW         4353    .bss                sensorless bldc.o
    0x200049fa   COMPRESSED   0x00000002   PAD
    0x200049fc        -       0x000003ac   Zero   RW         4447    .bss                canopen_od.o
    0x20004da8        -       0x00000108   Zero   RW         4552    .bss                canopen_timer.o
    0x20004eb0        -       0x00000084   Zero   RW         4667    .bss                bsp_can.o
    0x20004f34        -       0x000005bc   Zero   RW         5383    .bss                agreement.o
    0x200054f0        -       0x000003fc   Zero   RW         5487    .bss                flash.o
    0x200058ec   COMPRESSED   0x00000004   PAD
    0x200058f0        -       0x00001000   Zero   RW         3874    STACK               startup_stm32f407xx.o


==============================================================================

Image component sizes


      Code (inc. data)   RO Data    RW Data    ZI Data      Debug   Object Name

      5072        430       3000         26       1468      11156   agreement.o
      5016        272          0         14       1824      17720   bsp_bdcmotor.o
       820         90          0          8        132      41557   bsp_can.o
        78          4          0          0          0       1777   canopen_emcy.o
       774         46          0          0          0       7890   canopen_lifegrd.o
      1166         24         64          0          0       7460   canopen_nmt.o
       748         34          0          0          0       4282   canopen_objacces.o
      3916        402       1442      14056        940      43144   canopen_od.o
      5312         94          0          0          0      22435   canopen_pdo.o
      4108         64          0          0          0      14078   canopen_sdo.o
       108         14          0          0          0       2135   canopen_sync.o
       736         94          0         20        264      27774   canopen_timer.o
       572         92          0         24       1020       3198   flash.o
     10142        510         36        160        268      29074   function.o
      8244        580          0         56       1388     737735   main.o
       564         24          0          0        336       4936   mc_pid_regulators.o
      3744        232          0        156        518      13300   sensorless bldc.o
        36          8        392          0       4096        800   startup_stm32f407xx.o
       172         32          0          9          0       8737   stm32f4xx_hal.o
      1886         90          0          0          0     734657   stm32f4xx_hal_adc.o
       840         30          0          0          0       2380   stm32f4xx_hal_adc_ex.o
      2808         32          0          0          0       7876   stm32f4xx_hal_can.o
       420         28          0          0          0      36356   stm32f4xx_hal_cortex.o
       648         10          8          0          0       4410   stm32f4xx_hal_dma.o
       652         64          0          0         32       5966   stm32f4xx_hal_flash.o
       432         26          0          0          0       3246   stm32f4xx_hal_flash_ex.o
       572         48          0          0          0       4059   stm32f4xx_hal_gpio.o
        14          0          0          0          0       1127   stm32f4xx_hal_iwdg.o
      2260        174          0          0          0      28245   stm32f4xx_hal_msp.o
      1854         88          0          0          0       6707   stm32f4xx_hal_rcc.o
      4200        236          0          0          0      24474   stm32f4xx_hal_tim.o
       576         60          0          0          0       4266   stm32f4xx_hal_tim_ex.o
      1162         10          0          0          0       5418   stm32f4xx_hal_uart.o
      2466        184         64         26          0     675239   stm32f4xx_it.o
        20          6         24          4          0       1103   system_stm32f4xx.o

    ----------------------------------------------------------------------
     72202       4132       5064      14568      12292    2544717   Object Totals
         0          0         32          0          0          0   (incl. Generated)
        64          0          2          9          6          0   (incl. Padding)

    ----------------------------------------------------------------------

      Code (inc. data)   RO Data    RW Data    ZI Data      Debug   Library Member Name

        86          0          0          0          0          0   __dczerorl2.o
         0          0          0          0          0          0   entry.o
         0          0          0          0          0          0   entry10a.o
         0          0          0          0          0          0   entry11a.o
         8          4          0          0          0          0   entry2.o
         4          0          0          0          0          0   entry5.o
         0          0          0          0          0          0   entry7b.o
         0          0          0          0          0          0   entry8b.o
         8          4          0          0          0          0   entry9a.o
        18          0          0          0          0         80   fputc.o
        30          0          0          0          0          0   handlers.o
        36          8          0          0          0         68   init.o
         0          0          0          0          0          0   iusefp.o
         0          0          0          0          0          0   iusesemip.o
        30          0          0          0          0         68   llshl.o
        32          0          0          0          0         68   llushr.o
        26          0          0          0          0         80   memcmp.o
        36          0          0          0          0         68   memcpya.o
        36          0          0          0          0        108   memseta.o
       372         14          0          0          0        184   printf1.o
         0          0          0          0          0          0   semi.o
         0          0          0          4          0          0   stdout.o
        44          0          0          0          0         80   uidiv.o
        98          0          0          0          0         92   uldiv.o
        48          0          0          0          0         68   cdcmple.o
        48          0          0          0          0         68   cdrcmple.o
       186          0          0          0          0        176   depilogue.o
        62          0          0          0          0         80   dfixi.o
        34          0          0          0          0         76   dflti.o
       228          0          0          0          0         96   dmul.o
        38          0          0          0          0         68   f2d.o

    ----------------------------------------------------------------------
      1514         30          0          4          0       1528   Library Totals
         6          0          0          0          0          0   (incl. Padding)

    ----------------------------------------------------------------------

      Code (inc. data)   RO Data    RW Data    ZI Data      Debug   Library Name

       864         30          0          4          0        896   mc_w.l
       644          0          0          0          0        632   mf_w.l

    ----------------------------------------------------------------------
      1514         30          0          4          0       1528   Library Totals

    ----------------------------------------------------------------------

==============================================================================


      Code (inc. data)   RO Data    RW Data    ZI Data      Debug   

     73716       4162       5064      14572      12292    2513149   Grand Totals
     73716       4162       5064       4240      12292    2513149   ELF Image Totals (compressed)
     73716       4162       5064       4240          0          0   ROM Totals

==============================================================================

    Total RO  Size (Code + RO Data)                78780 (  76.93kB)
    Total RW  Size (RW Data + ZI Data)             26864 (  26.23kB)
    Total ROM Size (Code + RO Data + RW Data)      83020 (  81.07kB)

==============================================================================

