Component: ARM Compiler 5.06 update 1 (build 61) Tool: armlink [4d35a8]

==============================================================================

Section Cross References

    startup_stm32f407xx.o(RESET) refers to startup_stm32f407xx.o(STACK) for __initial_sp
    startup_stm32f407xx.o(RESET) refers to startup_stm32f407xx.o(.text) for Reset_Handler
    startup_stm32f407xx.o(RESET) refers to stm32f4xx_mc_it.o(i.HardFault_Handler) for HardFault_Handler
    startup_stm32f407xx.o(RESET) refers to stm32f4xx_mc_it.o(i.SysTick_Handler) for SysTick_Handler
    startup_stm32f407xx.o(RESET) refers to stm32f4xx_mc_it.o(i.EXTI0_IRQHandler) for EXTI0_IRQHandler
    startup_stm32f407xx.o(RESET) refers to stm32f4xx_mc_it.o(i.ADC_IRQHandler) for ADC_IRQHandler
    startup_stm32f407xx.o(RESET) refers to stm32f4xx_mc_it.o(i.EXTI9_5_IRQHandler) for EXTI9_5_IRQHandler
    startup_stm32f407xx.o(RESET) refers to stm32f4xx_mc_it.o(i.TIM1_BRK_TIM9_IRQHandler) for TIM1_BRK_TIM9_IRQHandler
    startup_stm32f407xx.o(RESET) refers to stm32f4xx_mc_it.o(i.TIM1_UP_TIM10_IRQHandler) for TIM1_UP_TIM10_IRQHandler
    startup_stm32f407xx.o(RESET) refers to stm32f4xx_mc_it.o(i.TIM2_IRQHandler) for TIM2_IRQHandler
    startup_stm32f407xx.o(RESET) refers to stm32f4xx_mc_it.o(i.TIM4_IRQHandler) for TIM4_IRQHandler
    startup_stm32f407xx.o(RESET) refers to stm32f4xx_mc_it.o(i.USART3_IRQHandler) for USART3_IRQHandler
    startup_stm32f407xx.o(RESET) refers to stm32f4xx_mc_it.o(i.EXTI15_10_IRQHandler) for EXTI15_10_IRQHandler
    startup_stm32f407xx.o(RESET) refers to stm32f4xx_mc_it.o(i.TIM8_BRK_TIM12_IRQHandler) for TIM8_BRK_TIM12_IRQHandler
    startup_stm32f407xx.o(RESET) refers to stm32f4xx_mc_it.o(i.TIM8_UP_TIM13_IRQHandler) for TIM8_UP_TIM13_IRQHandler
    startup_stm32f407xx.o(RESET) refers to canopen_timer.o(i.TIM6_DAC_IRQHandler) for TIM6_DAC_IRQHandler
    startup_stm32f407xx.o(RESET) refers to bsp_can.o(i.CAN2_RX0_IRQHandler) for CAN2_RX0_IRQHandler
    startup_stm32f407xx.o(.text) refers to system_stm32f4xx.o(i.SystemInit) for SystemInit
    startup_stm32f407xx.o(.text) refers to entry.o(.ARM.Collect$$$$00000000) for __main
    main.o(i.MX_ADC1_Init) refers to stm32f4xx_hal_adc.o(i.HAL_ADC_Init) for HAL_ADC_Init
    main.o(i.MX_ADC1_Init) refers to main.o(i.Error_Handler) for Error_Handler
    main.o(i.MX_ADC1_Init) refers to stm32f4xx_hal_adc_ex.o(i.HAL_ADCEx_InjectedConfigChannel) for HAL_ADCEx_InjectedConfigChannel
    main.o(i.MX_ADC1_Init) refers to stm32f4xx_hal_adc.o(i.HAL_ADC_ConfigChannel) for HAL_ADC_ConfigChannel
    main.o(i.MX_ADC1_Init) refers to main.o(.bss) for .bss
    main.o(i.MX_ADC2_Init) refers to stm32f4xx_hal_adc.o(i.HAL_ADC_Init) for HAL_ADC_Init
    main.o(i.MX_ADC2_Init) refers to main.o(i.Error_Handler) for Error_Handler
    main.o(i.MX_ADC2_Init) refers to stm32f4xx_hal_adc_ex.o(i.HAL_ADCEx_InjectedConfigChannel) for HAL_ADCEx_InjectedConfigChannel
    main.o(i.MX_ADC2_Init) refers to main.o(.bss) for .bss
    main.o(i.MX_GPIO_Init) refers to stm32f4xx_hal_gpio.o(i.HAL_GPIO_Init) for HAL_GPIO_Init
    main.o(i.MX_GPIO_Init) refers to stm32f4xx_hal_gpio.o(i.HAL_GPIO_WritePin) for HAL_GPIO_WritePin
    main.o(i.MX_IWDG_Init) refers to stm32f4xx_hal_iwdg.o(i.HAL_IWDG_Init) for HAL_IWDG_Init
    main.o(i.MX_IWDG_Init) refers to main.o(.bss) for .bss
    main.o(i.MX_NVIC_Init) refers to stm32f4xx_hal_cortex.o(i.HAL_NVIC_SetPriority) for HAL_NVIC_SetPriority
    main.o(i.MX_NVIC_Init) refers to stm32f4xx_hal_cortex.o(i.HAL_NVIC_EnableIRQ) for HAL_NVIC_EnableIRQ
    main.o(i.MX_TIM1_Init) refers to stm32f4xx_hal_tim.o(i.HAL_TIM_Base_Init) for HAL_TIM_Base_Init
    main.o(i.MX_TIM1_Init) refers to main.o(i.Error_Handler) for Error_Handler
    main.o(i.MX_TIM1_Init) refers to stm32f4xx_hal_tim.o(i.HAL_TIM_PWM_Init) for HAL_TIM_PWM_Init
    main.o(i.MX_TIM1_Init) refers to stm32f4xx_hal_tim.o(i.HAL_TIM_SlaveConfigSynchro) for HAL_TIM_SlaveConfigSynchro
    main.o(i.MX_TIM1_Init) refers to stm32f4xx_hal_tim_ex.o(i.HAL_TIMEx_MasterConfigSynchronization) for HAL_TIMEx_MasterConfigSynchronization
    main.o(i.MX_TIM1_Init) refers to stm32f4xx_hal_tim.o(i.HAL_TIM_PWM_ConfigChannel) for HAL_TIM_PWM_ConfigChannel
    main.o(i.MX_TIM1_Init) refers to stm32f4xx_hal_tim_ex.o(i.HAL_TIMEx_ConfigBreakDeadTime) for HAL_TIMEx_ConfigBreakDeadTime
    main.o(i.MX_TIM1_Init) refers to stm32f4xx_hal_msp.o(i.HAL_TIM_MspPostInit) for HAL_TIM_MspPostInit
    main.o(i.MX_TIM1_Init) refers to main.o(.bss) for .bss
    main.o(i.MX_TIM2_Init) refers to stm32f4xx_hal_tim.o(i.HAL_TIM_Encoder_Init) for HAL_TIM_Encoder_Init
    main.o(i.MX_TIM2_Init) refers to main.o(i.Error_Handler) for Error_Handler
    main.o(i.MX_TIM2_Init) refers to stm32f4xx_hal_tim_ex.o(i.HAL_TIMEx_MasterConfigSynchronization) for HAL_TIMEx_MasterConfigSynchronization
    main.o(i.MX_TIM2_Init) refers to main.o(.bss) for .bss
    main.o(i.MX_TIM4_Init) refers to stm32f4xx_hal_tim.o(i.HAL_TIM_Encoder_Init) for HAL_TIM_Encoder_Init
[...]
    0x08024632   0x00000002   PAD
    0x08024634   0x0000000c   Code   RO         4717    i.HAL_GetTick       stm32f4xx_hal.o
    0x08024640   0x00000056   Code   RO         5290    i.HAL_IWDG_Init     stm32f4xx_hal_iwdg.o
    0x08024696   0x0000000c   Code   RO         5291    i.HAL_IWDG_Refresh  stm32f4xx_hal_iwdg.o
    0x080246a2   0x00000002   PAD
    0x080246a4   0x00000010   Code   RO         4723    i.HAL_IncTick       stm32f4xx_hal.o
    0x080246b4   0x00000034   Code   RO         4724    i.HAL_Init          stm32f4xx_hal.o
    0x080246e8   0x00000044   Code   RO         4725    i.HAL_InitTick      stm32f4xx_hal.o
    0x0802472c   0x00000038   Code   RO         2151    i.HAL_MspInit       stm32f4xx_hal_msp.o
    0x08024764   0x00000024   Code   RO         4578    i.HAL_NVIC_DisableIRQ  stm32f4xx_hal_cortex.o
    0x08024788   0x0000001c   Code   RO         4579    i.HAL_NVIC_EnableIRQ  stm32f4xx_hal_cortex.o
    0x080247a4   0x00000068   Code   RO         4585    i.HAL_NVIC_SetPriority  stm32f4xx_hal_cortex.o
    0x0802480c   0x00000024   Code   RO         4586    i.HAL_NVIC_SetPriorityGrouping  stm32f4xx_hal_cortex.o
    0x08024830   0x0000017c   Code   RO         3791    i.HAL_RCC_ClockConfig  stm32f4xx_hal_rcc.o
    0x080249ac   0x0000000c   Code   RO         3796    i.HAL_RCC_GetHCLKFreq  stm32f4xx_hal_rcc.o
    0x080249b8   0x00000020   Code   RO         3798    i.HAL_RCC_GetPCLK1Freq  stm32f4xx_hal_rcc.o
    0x080249d8   0x00000020   Code   RO         3799    i.HAL_RCC_GetPCLK2Freq  stm32f4xx_hal_rcc.o
    0x080249f8   0x00000070   Code   RO         3800    i.HAL_RCC_GetSysClockFreq  stm32f4xx_hal_rcc.o
    0x08024a68   0x00000476   Code   RO         3803    i.HAL_RCC_OscConfig  stm32f4xx_hal_rcc.o
    0x08024ede   0x0000001c   Code   RO         4588    i.HAL_SYSTICK_CLKSourceConfig  stm32f4xx_hal_cortex.o
    0x08024efa   0x00000002   Code   RO         4589    i.HAL_SYSTICK_Callback  stm32f4xx_hal_cortex.o
    0x08024efc   0x00000028   Code   RO         4590    i.HAL_SYSTICK_Config  stm32f4xx_hal_cortex.o
    0x08024f24   0x00000008   Code   RO         4591    i.HAL_SYSTICK_IRQHandler  stm32f4xx_hal_cortex.o
    0x08024f2c   0x00000066   Code   RO         3199    i.HAL_TIMEx_ConfigBreakDeadTime  stm32f4xx_hal_tim_ex.o
    0x08024f92   0x00000082   Code   RO         3214    i.HAL_TIMEx_MasterConfigSynchronization  stm32f4xx_hal_tim_ex.o
    0x08025014   0x00000038   Code   RO         2510    i.HAL_TIM_Base_Init  stm32f4xx_hal_tim.o
    0x0802504c   0x000000dc   Code   RO         2153    i.HAL_TIM_Base_MspInit  stm32f4xx_hal_msp.o
    0x08025128   0x00000022   Code   RO         2515    i.HAL_TIM_Base_Start_IT  stm32f4xx_hal_tim.o
    0x0802514a   0x000000e4   Code   RO         2519    i.HAL_TIM_ConfigClockSource  stm32f4xx_hal_tim.o
    0x0802522e   0x000000be   Code   RO         2528    i.HAL_TIM_Encoder_Init  stm32f4xx_hal_tim.o
    0x080252ec   0x000000cc   Code   RO         2155    i.HAL_TIM_Encoder_MspInit  stm32f4xx_hal_msp.o
    0x080253b8   0x000000dc   Code   RO         2156    i.HAL_TIM_MspPostInit  stm32f4xx_hal_msp.o
    0x08025494   0x000000dc   Code   RO         2577    i.HAL_TIM_PWM_ConfigChannel  stm32f4xx_hal_tim.o
    0x08025570   0x00000038   Code   RO         2580    i.HAL_TIM_PWM_Init  stm32f4xx_hal_tim.o
    0x080255a8   0x00000002   Code   RO         2582    i.HAL_TIM_PWM_MspInit  stm32f4xx_hal_tim.o
    0x080255aa   0x00000052   Code   RO         2594    i.HAL_TIM_SlaveConfigSynchro  stm32f4xx_hal_tim.o
    0x080255fc   0x00000058   Code   RO         3466    i.HAL_UART_DMAStop  stm32f4xx_hal_uart.o
    0x08025654   0x00000002   Code   RO         3468    i.HAL_UART_ErrorCallback  stm32f4xx_hal_uart.o
    0x08025656   0x00000002   PAD
    0x08025658   0x00000144   Code   RO         3471    i.HAL_UART_IRQHandler  stm32f4xx_hal_uart.o
    0x0802579c   0x00000064   Code   RO         3472    i.HAL_UART_Init     stm32f4xx_hal_uart.o
    0x08025800   0x000000e8   Code   RO         7349    i.HAL_UART_MspInit  bsp_debug_usart.o
    0x080258e8   0x000000a4   Code   RO         3476    i.HAL_UART_Receive_DMA  stm32f4xx_hal_uart.o
    0x0802598c   0x00000002   Code   RO         3478    i.HAL_UART_RxCpltCallback  stm32f4xx_hal_uart.o
    0x0802598e   0x00000002   Code   RO         3479    i.HAL_UART_RxHalfCpltCallback  stm32f4xx_hal_uart.o
    0x08025990   0x000000e0   Code   RO         3480    i.HAL_UART_Transmit  stm32f4xx_hal_uart.o
    0x08025a70   0x00000098   Code   RO         3481    i.HAL_UART_Transmit_DMA  stm32f4xx_hal_uart.o
    0x08025b08   0x00000002   Code   RO         3483    i.HAL_UART_TxCpltCallback  stm32f4xx_hal_uart.o
    0x08025b0a   0x00000002   Code   RO         3484    i.HAL_UART_TxHalfCpltCallback  stm32f4xx_hal_uart.o
    0x08025b0c   0x0000006c   Code   RO         1808    i.HardFault_Handler  stm32f4xx_mc_it.o
    0x08025b78   0x00000014   Code   RO         7507    i.HardVersion_Init  bsp_app_function.o
    0x08025b8c   0x000000dc   Code   RO         8595    i.HeartBeat_Message_Handle  canopen_lifegrd.o
    0x08025c68   0x000006ac   Code   RO         7508    i.Independent_Motor_Control  bsp_app_function.o
    0x08026314   0x00000040   Code   RO         8424    i.Jump_to_APP       bsp_ota.o
    0x08026354   0x0000016c   Code   RO         7509    i.LEDSet            bsp_app_function.o
    0x080264c0   0x00000060   Code   RO         6814    i.LL_TIM_OC_SetMode  r3_2_f4xx_pwm_curr_fdbk.o
    0x08026520   0x00000124   Code   RO         1136    i.LoadCurrentInit   mc_tasks.o
    0x08026644   0x00000010   Code   RO         7832    i.LoadFlashParams   bsp_flash.o
    0x08026654   0x000001fc   Code   RO         7510    i.M1M2_Initial_Position  bsp_app_function.o
    0x08026850   0x0000001c   Code   RO         1517    i.MCI_Clear_Iqdref  mc_interface.o
    0x0802686c   0x00000008   Code   RO         1518    i.MCI_EncoderAlign  mc_interface.o
    0x08026874   0x00000086   Code   RO         1519    i.MCI_ExecBufferedCommands  mc_interface.o
    0x080268fa   0x0000005a   Code   RO         1520    i.MCI_ExecPositionCommand  mc_interface.o
    0x08026954   0x00000012   Code   RO         1521    i.MCI_ExecSpeedRamp  mc_interface.o
    0x08026966   0x00000016   Code   RO         1522    i.MCI_ExecTorqueRamp  mc_interface.o
    0x0802697c   0x00000006   Code   RO         1523    i.MCI_FaultAcknowledged  mc_interface.o
    0x08026982   0x00000010   Code   RO         1525    i.MCI_GetAvrgMecSpeedUnit  mc_interface.o
    0x08026992   0x00000006   Code   RO         1526    i.MCI_GetControlMode  mc_interface.o
    0x08026998   0x00000006   Code   RO         1529    i.MCI_GetCurrentPosition  mc_interface.o
    0x0802699e   0x0000000c   Code   RO         1531    i.MCI_GetIab        mc_interface.o
    0x080269aa   0x00000006   Code   RO         1532    i.MCI_GetIalphabeta  mc_interface.o
    0x080269b0   0x0000000c   Code   RO         1534    i.MCI_GetIqd        mc_interface.o
    0x080269bc   0x0000000c   Code   RO         1536    i.MCI_GetIqdref     mc_interface.o
    0x080269c8   0x00000010   Code   RO         1537    i.MCI_GetLastRampFinalSpeed  mc_interface.o
    0x080269d8   0x00000006   Code   RO         1538    i.MCI_GetMecSpeedRefUnit  mc_interface.o
    0x080269de   0x00000006   Code   RO         1543    i.MCI_GetSTMState   mc_interface.o
    0x080269e4   0x00000008   Code   RO         1546    i.MCI_GetTeref      mc_interface.o
    0x080269ec   0x00000006   Code   RO         1547    i.MCI_GetValphabeta  mc_interface.o
    0x080269f2   0x0000000c   Code   RO         1548    i.MCI_GetVqd        mc_interface.o
    0x080269fe   0x0000001e   Code   RO         1549    i.MCI_Init          mc_interface.o
    0x08026a1c   0x0000001e   Code   RO         1552    i.MCI_SetCurrentReferences  mc_interface.o
    0x08026a3a   0x0000000a   Code   RO         1553    i.MCI_SetIdref      mc_interface.o
    0x08026a44   0x00000018   Code   RO         1554    i.MCI_StartMotor    mc_interface.o
    0x08026a5c   0x00000008   Code   RO         1555    i.MCI_StopMotor     mc_interface.o
    0x08026a64   0x00000006   Code   RO         1556    i.MCI_StopRamp      mc_interface.o
    0x08026a6a   0x00000002   PAD
    0x08026a6c   0x00000058   Code   RO         1454    i.MCM_Clarke        mc_math.o
    0x08026ac4   0x00000090   Code   RO         1455    i.MCM_Park          mc_math.o
    0x08026b54   0x00000046   Code   RO         1456    i.MCM_Rev_Park      mc_math.o
    0x08026b9a   0x00000002   PAD
    0x08026b9c   0x00000088   Code   RO         1458    i.MCM_Trig_Functions  mc_math.o
    0x08026c24   0x00000040   Code   RO          970    i.MCP_Init          motor_control_protocol.o
    0x08026c64   0x00000008   Code   RO          971    i.MCP_OnTimeOut     motor_control_protocol.o
    0x08026c6c   0x000006f8   Code   RO          972    i.MCP_ReceivedFrame  motor_control_protocol.o
    0x08027364   0x00000008   Code   RO          977    i.MCP_SentFrame     motor_control_protocol.o
    0x0802736c   0x0000001a   Code   RO          978    i.MCP_WaitNextFrame  motor_control_protocol.o
    0x08027386   0x00000002   PAD
    0x08027388   0x00000018   Code   RO         7511    i.MC_ClearFault     bsp_app_function.o
    0x080273a0   0x0000000c   Code   RO          504    i.MC_GetCurrentPosition1  mc_api.o
    0x080273ac   0x0000000c   Code   RO          505    i.MC_GetCurrentPosition2  mc_api.o
    0x080273b8   0x0000000c   Code   RO          546    i.MC_ProgramPositionCommandMotor1  mc_api.o
    0x080273c4   0x0000000c   Code   RO          547    i.MC_ProgramPositionCommandMotor2  mc_api.o
    0x080273d0   0x0000003c   Code   RO          548    i.MC_ProgramSpeedRampMotor1  mc_api.o
    0x0802740c   0x0000003c   Code   RO          549    i.MC_ProgramSpeedRampMotor2  mc_api.o
    0x08027448   0x00000014   Code   RO          550    i.MC_ProgramTorqueRampMotor1  mc_api.o
    0x0802745c   0x00000014   Code   RO          551    i.MC_ProgramTorqueRampMotor2  mc_api.o
    0x08027470   0x00000020   Code   RO         1137    i.MC_RunMotorControlTasks  mc_tasks.o
    0x08027490   0x00000148   Code   RO         1138    i.MC_Scheduler      mc_tasks.o
    0x080275d8   0x00000020   Code   RO         7512    i.MC_SetFault       bsp_app_function.o
    0x080275f8   0x0000000c   Code   RO          556    i.MC_StartMotor1    mc_api.o
    0x08027604   0x0000000c   Code   RO          557    i.MC_StartMotor2    mc_api.o
    0x08027610   0x0000000c   Code   RO          558    i.MC_StopMotor1     mc_api.o
    0x0802761c   0x0000000c   Code   RO          559    i.MC_StopMotor2     mc_api.o
    0x08027628   0x00000478   Code   RO         1139    i.MCboot            mc_tasks.o
    0x08027aa0   0x00000044   Code   RO         5649    i.MPM_CalcElMotorPower  motor_power_measurement.o
    0x08027ae4   0x0000001a   Code   RO         5650    i.MPM_Clear         motor_power_measurement.o
    0x08027afe   0x00000006   Code   RO         5651    i.MPM_GetAvrgElMotorPowerW  motor_power_measurement.o
    0x08027b04   0x00000120   Code   RO           14    i.MX_ADC1_Init      main.o
    0x08027c24   0x000000cc   Code   RO           15    i.MX_ADC2_Init      main.o
    0x08027cf0   0x00000070   Code   RO         8469    i.MX_CAN2_Init      bsp_can.o
    0x08027d60   0x00000060   Code   RO         7350    i.MX_DEBUG_USART_Init  bsp_debug_usart.o
    0x08027dc0   0x0000002c   Code   RO         7351    i.MX_DMA_Init       bsp_debug_usart.o
    0x08027dec   0x0000012c   Code   RO           16    i.MX_GPIO_Init      main.o
    0x08027f18   0x00000018   Code   RO           17    i.MX_IWDG_Init      main.o
    0x08027f30   0x00000040   Code   RO          454    i.MX_MotorControl_Init  motorcontrol.o
    0x08027f70   0x00000098   Code   RO           18    i.MX_NVIC_Init      main.o
    0x08028008   0x0000012c   Code   RO           19    i.MX_TIM1_Init      main.o
    0x08028134   0x00000064   Code   RO           20    i.MX_TIM2_Init      main.o
    0x08028198   0x00000064   Code   RO           21    i.MX_TIM4_Init      main.o
    0x080281fc   0x00000124   Code   RO           22    i.MX_TIM8_Init      main.o
    0x08028320   0x0000001c   Code   RO         7729    i.Maxon_Communicate_clr  bsp_usart1.o
    0x0802833c   0x00000070   Code   RO         7730    i.Maxon_Sci_COM_Send  bsp_usart1.o
    0x080283ac   0x00000068   Code   RO         8681    i.MessageType_Check  canopen_nmt.o
    0x08028414   0x000000f4   Code   RO         1140    i.MotorParametersM1_Init  mc_tasks.o
    0x08028508   0x000000dc   Code   RO         1141    i.MotorParametersM2_Init  mc_tasks.o
    0x080285e4   0x000000ac   Code   RO         7513    i.MotorStuckCheck   bsp_app_function.o
    0x08028690   0x000000a0   Code   RO         7412    i.Motor_EN_OFF      usart_labview.o
    0x08028730   0x00000074   Code   RO         7514    i.Motor_Enable      bsp_app_function.o
    0x080287a4   0x0000006c   Code   RO         7515    i.Motor_Over_Temperature  bsp_app_function.o
    0x08028810   0x00000038   Code   RO         5691    i.NTC_CalcAvTemp    ntc_temperature_sensor.o
    0x08028848   0x00000006   Code   RO         5693    i.NTC_Clear         ntc_temperature_sensor.o
    0x0802884e   0x00000002   PAD
    0x08028850   0x000000f0   Code   RO         5694    i.NTC_GetAvTemp_C   ntc_temperature_sensor.o
    0x08028940   0x00000026   Code   RO         5696    i.NTC_Init          ntc_temperature_sensor.o
    0x08028966   0x000000b0   Code   RO         8682    i.Net_Manager_Handle  canopen_nmt.o
    0x08028a16   0x00000002   PAD
    0x08028a18   0x0000004c   Code   RO         7905    i.ODCallback_t_Index1010_Subindex1  canopen_od.o
    0x08028a64   0x00000090   Code   RO         8596    i.ODCallback_t_Index1016_Subindex  canopen_lifegrd.o
    0x08028af4   0x0000002e   Code   RO         7908    i.ODCallback_t_Index200B_Subindex0  canopen_od.o
    0x08028b22   0x00000002   PAD
    0x08028b24   0x00000020   Code   RO         7909    i.ODCallback_t_Index2011_Subindex0  canopen_od.o
    0x08028b44   0x0000003e   Code   RO         7910    i.ODCallback_t_Index2012_Subindex0  canopen_od.o
    0x08028b82   0x00000002   PAD
    0x08028b84   0x00000074   Code   RO         7911    i.ODCallback_t_Index3001_Subindex0  canopen_od.o
    0x08028bf8   0x00000058   Code   RO         8815    i.ODCallback_t_RPDO_Communicate  canopen_pdo.o
    0x08028c50   0x00000128   Code   RO         8816    i.ODCallback_t_RPDO_Map  canopen_pdo.o
    0x08028d78   0x000000bc   Code   RO         8817    i.ODCallback_t_RPDO_MapSubindex0  canopen_pdo.o
    0x08028e34   0x000000b0   Code   RO         8818    i.ODCallback_t_TPDO_Communicate  canopen_pdo.o
    0x08028ee4   0x000000c0   Code   RO         8819    i.ODCallback_t_TPDO_Map  canopen_pdo.o
    0x08028fa4   0x000000bc   Code   RO         8820    i.ODCallback_t_TPDO_MapSubindex0  canopen_pdo.o
    0x08029060   0x00000012   Code   RO         8767    i.OD_Index_san      canopen_objacces.o
    0x08029072   0x00000002   PAD
    0x08029074   0x00000618   Code   RO         7912    i.ObjDict_Get_Id    canopen_od.o
    0x0802968c   0x000006a4   Code   RO         7913    i.ObjDict_scanIndexOD  canopen_od.o
    0x08029d30   0x00000014   Code   RO         7914    i.ObjDict_valueRangeTest  canopen_od.o
    0x08029d44   0x00000014   Code   RO         8597    i.OnHeartbeatProducerUpdate  canopen_lifegrd.o
    0x08029d58   0x0000002c   Code   RO         8529    i.OnNumberOfErrorsUpdate  canopen_emcy.o
    0x08029d84   0x00000104   Code   RO         1142    i.OverLoadCurrentCheck  mc_tasks.o
    0x08029e88   0x00000030   Code   RO         8821    i.PDOEventTimerAlarm  canopen_pdo.o
    0x08029eb8   0x00000030   Code   RO         8822    i.PDOInhibitTimerAlarm  canopen_pdo.o
    0x08029ee8   0x00000050   Code   RO         8823    i.PDOInit           canopen_pdo.o
    0x08029f38   0x0000007c   Code   RO         8824    i.PDOStop           canopen_pdo.o
    0x08029fb4   0x000000b4   Code   RO         5799    i.PID_Controller    pid_regulator.o
    0x0802a068   0x00000006   Code   RO         5802    i.PID_GetKD         pid_regulator.o
    0x0802a06e   0x00000006   Code   RO         5804    i.PID_GetKI         pid_regulator.o
    0x0802a074   0x00000004   Code   RO         5805    i.PID_GetKIDivisor  pid_regulator.o
    0x0802a078   0x00000006   Code   RO         5806    i.PID_GetKP         pid_regulator.o
    0x0802a07e   0x00000004   Code   RO         5807    i.PID_GetKPDivisor  pid_regulator.o
    0x0802a082   0x0000001a   Code   RO         5808    i.PID_HandleInit    pid_regulator.o
    0x0802a09c   0x00000004   Code   RO         5809    i.PID_SetIntegralTerm  pid_regulator.o
    0x0802a0a0   0x00000004   Code   RO         5810    i.PID_SetKD         pid_regulator.o
    0x0802a0a4   0x00000004   Code   RO         5812    i.PID_SetKI         pid_regulator.o
    0x0802a0a8   0x00000004   Code   RO         5814    i.PID_SetKP         pid_regulator.o
    0x0802a0ac   0x00000094   Code   RO         5821    i.PI_Controller     pid_regulator.o
    0x0802a140   0x00000074   Code   RO         5959    i.PQD_CalcElMotorPower  pqd_motor_power_measurement.o
    0x0802a1b4   0x00000004   Code   RO         5983    i.PWMC_CheckOverCurrent  pwm_curr_fdbk.o
    0x0802a1b8   0x0000004a   Code   RO         5984    i.PWMC_CurrentReadingCalibr  pwm_curr_fdbk.o
    0x0802a202   0x00000004   Code   RO         5985    i.PWMC_GetPhaseCurrents  pwm_curr_fdbk.o
    0x0802a206   0x00000240   Code   RO         6003    i.PWMC_SetPhaseVoltage  pwm_curr_fdbk.o
    0x0802a446   0x00000004   Code   RO         6004    i.PWMC_SwitchOffPWM  pwm_curr_fdbk.o
    0x0802a44a   0x00000002   PAD
    0x0802a44c   0x000000a8   Code   RO         9233    i.Par_402_Init      ds402.o
    0x0802a4f4   0x000000d4   Code   RO         9234    i.PendingOptionCode  ds402.o
    0x0802a5c8   0x00000018   Code   RO         7731    i.Pop_Down_stack    bsp_usart1.o
    0x0802a5e0   0x00000398   Code   RO         9235    i.ProceedDriveStateChange  ds402.o
    0x0802a978   0x00000074   Code   RO         9236    i.ProceedDriverHandler  ds402.o
    0x0802a9ec   0x00000044   Code   RO         8598    i.ProducerHeartbeatAlarm  canopen_lifegrd.o
    0x0802aa30   0x0000001e   Code   RO         7516    i.Program_Version_Init  bsp_app_function.o
    0x0802aa4e   0x00000030   Code   RO         6815    i.R3_2_BRK_IRQHandler  r3_2_f4xx_pwm_curr_fdbk.o
    0x0802aa7e   0x00000002   PAD
    0x0802aa80   0x0000014c   Code   RO         6816    i.R3_2_CurrentReadingCalibration  r3_2_f4xx_pwm_curr_fdbk.o
    0x0802abcc   0x00000154   Code   RO         6817    i.R3_2_GetPhaseCurrents  r3_2_f4xx_pwm_curr_fdbk.o
    0x0802ad20   0x00000056   Code   RO         6818    i.R3_2_HFCurrentsCalibrationAB  r3_2_f4xx_pwm_curr_fdbk.o
    0x0802ad76   0x0000003e   Code   RO         6819    i.R3_2_HFCurrentsCalibrationC  r3_2_f4xx_pwm_curr_fdbk.o
    0x0802adb4   0x0000011c   Code   RO         6820    i.R3_2_Init         r3_2_f4xx_pwm_curr_fdbk.o
    0x0802aed0   0x00000016   Code   RO         6821    i.R3_2_IsOverCurrentOccurred  r3_2_f4xx_pwm_curr_fdbk.o
    0x0802aee6   0x00000002   PAD
    0x0802aee8   0x000000f0   Code   RO         6822    i.R3_2_RLDetectionModeDisable  r3_2_f4xx_pwm_curr_fdbk.o
    0x0802afd8   0x000000b8   Code   RO         6823    i.R3_2_RLDetectionModeEnable  r3_2_f4xx_pwm_curr_fdbk.o
    0x0802b090   0x0000003e   Code   RO         6824    i.R3_2_RLDetectionModeSetDuty  r3_2_f4xx_pwm_curr_fdbk.o
    0x0802b0ce   0x00000002   PAD
    0x0802b0d0   0x00000044   Code   RO         6825    i.R3_2_RLGetPhaseCurrents  r3_2_f4xx_pwm_curr_fdbk.o
    0x0802b114   0x000000ae   Code   RO         6826    i.R3_2_RLSwitchOnPWM  r3_2_f4xx_pwm_curr_fdbk.o
    0x0802b1c2   0x00000046   Code   RO         6827    i.R3_2_RLTurnOnLowSides  r3_2_f4xx_pwm_curr_fdbk.o
    0x0802b208   0x00000052   Code   RO         6828    i.R3_2_SetADCSampPointCalibration  r3_2_f4xx_pwm_curr_fdbk.o
    0x0802b25a   0x00000044   Code   RO         6829    i.R3_2_SetADCSampPointSectX  r3_2_f4xx_pwm_curr_fdbk.o
    0x0802b29e   0x0000004c   Code   RO         6830    i.R3_2_SwitchOffPWM  r3_2_f4xx_pwm_curr_fdbk.o
    0x0802b2ea   0x000000ba   Code   RO         6831    i.R3_2_SwitchOnPWM  r3_2_f4xx_pwm_curr_fdbk.o
    0x0802b3a4   0x000000f2   Code   RO         6832    i.R3_2_TIMx_UP_IRQHandler  r3_2_f4xx_pwm_curr_fdbk.o
    0x0802b496   0x0000004c   Code   RO         6833    i.R3_2_TurnOnLowSides  r3_2_f4xx_pwm_curr_fdbk.o
    0x0802b4e2   0x00000002   PAD
    0x0802b4e4   0x00000094   Code   RO         1384    i.RCM_ExecRegularConv  regular_conversion_manager.o
    0x0802b578   0x00000044   Code   RO         1385    i.RCM_ExecUserConv  regular_conversion_manager.o
    0x0802b5bc   0x00000104   Code   RO         1388    i.RCM_RegisterRegConv  regular_conversion_manager.o
    0x0802b6c0   0x00000010   Code   RO         6240    i.REMNG_Init        ramp_ext_mngr.o
    0x0802b6d0   0x00000088   Code   RO         8825    i.RPDO_Direct_SetODentry  canopen_pdo.o
    0x0802b758   0x000000ee   Code   RO         8826    i.RPDO_Direct_Trans_Init  canopen_pdo.o
    0x0802b846   0x00000006   Code   RO         6301    i.RUC_GetNumberOfPhases  revup_ctrl.o
    0x0802b84c   0x0000000c   Code   RO         6302    i.RUC_GetPhaseDurationms  revup_ctrl.o
    0x0802b858   0x0000000e   Code   RO         6303    i.RUC_GetPhaseFinalMecSpeedUnit  revup_ctrl.o
    0x0802b866   0x0000000e   Code   RO         6304    i.RUC_GetPhaseFinalTorque  revup_ctrl.o
    0x0802b874   0x0000000c   Code   RO         6308    i.RUC_SetPhaseDurationms  revup_ctrl.o
    0x0802b880   0x0000000c   Code   RO         6309    i.RUC_SetPhaseFinalMecSpeedUnit  revup_ctrl.o
    0x0802b88c   0x0000000c   Code   RO         6310    i.RUC_SetPhaseFinalTorque  revup_ctrl.o
    0x0802b898   0x00000064   Code   RO         6181    i.RVBS_CalcAvVbus   r_divider_bus_voltage_sensor.o
    0x0802b8fc   0x00000004   PAD
    0x0802b900   0x000000f8   Code   RO         6183    i.RVBS_CheckFaultState  r_divider_bus_voltage_sensor.o
    0x0802b9f8   0x0000002c   Code   RO         6184    i.RVBS_Clear        r_divider_bus_voltage_sensor.o
    0x0802ba24   0x00000018   Code   RO         6186    i.RVBS_Init         r_divider_bus_voltage_sensor.o
    0x0802ba3c   0x000000f0   Code   RO         7517    i.ReferenceInjection  bsp_app_function.o
    0x0802bb2c   0x00000028   Code   RO         7518    i.ReferenceInjectionLoopPar_Init  bsp_app_function.o
    0x0802bb54   0x00000028   Code   RO         8768    i.RegisterSetOnDentry_Callback  canopen_objacces.o
    0x0802bb7c   0x0000008c   Code   RO         8969    i.SDOTimeoutAlarm   canopen_sdo.o
    0x0802bc08   0x0000077c   Code   RO         8970    i.SDO_Email_Handler  canopen_sdo.o
    0x0802c384   0x00000044   Code   RO         8971    i.SDO_Err_Record    canopen_sdo.o
    0x0802c3c8   0x0000004a   Code   RO         8972    i.SDOlineToObjdict  canopen_sdo.o
    0x0802c412   0x00000038   Code   RO         8973    i.SDOtoLine         canopen_sdo.o
    0x0802c44a   0x00000006   Code   RO         6406    i.SPD_GetAvrgMecSpeedUnit  speed_pos_fdbk.o
    0x0802c450   0x00000006   Code   RO         6407    i.SPD_GetElAngle    speed_pos_fdbk.o
    0x0802c456   0x00000006   Code   RO         6410    i.SPD_GetInstElSpeedDpp  speed_pos_fdbk.o
    0x0802c45c   0x00000014   Code   RO         6411    i.SPD_GetMecAngle   speed_pos_fdbk.o
    0x0802c470   0x00000012   Code   RO         6412    i.SPD_GetS16Speed   speed_pos_fdbk.o
    0x0802c482   0x00000064   Code   RO         6413    i.SPD_IsMecSpeedReliable  speed_pos_fdbk.o
    0x0802c4e6   0x00000002   PAD
    0x0802c4e8   0x0000011c   Code   RO         6486    i.STC_CalcTorqueReference  speed_torq_ctrl.o
    0x0802c604   0x00000010   Code   RO         6487    i.STC_Clear         speed_torq_ctrl.o
    0x0802c614   0x0000009c   Code   RO         6488    i.STC_ExecRamp      speed_torq_ctrl.o
    0x0802c6b0   0x00000010   Code   RO         6489    i.STC_ForceSpeedReferenceToCurrentSpeed  speed_torq_ctrl.o
    0x0802c6c0   0x0000001a   Code   RO         6491    i.STC_GetDefaultIqdref  speed_torq_ctrl.o
    0x0802c6da   0x00000006   Code   RO         6492    i.STC_GetMaxAppPositiveMecSpeedUnit  speed_torq_ctrl.o
    0x0802c6e0   0x0000000c   Code   RO         6493    i.STC_GetMecSpeedRefUnit  speed_torq_ctrl.o
    0x0802c6ec   0x00000006   Code   RO         6494    i.STC_GetMecSpeedRefUnitDefault  speed_torq_ctrl.o
    0x0802c6f2   0x00000006   Code   RO         6495    i.STC_GetMinAppNegativeMecSpeedUnit  speed_torq_ctrl.o
    0x0802c6f8   0x00000004   Code   RO         6496    i.STC_GetSpeedSensor  speed_torq_ctrl.o
    0x0802c6fc   0x0000000c   Code   RO         6497    i.STC_GetTorqueRef  speed_torq_ctrl.o
    0x0802c708   0x00000022   Code   RO         6498    i.STC_Init          speed_torq_ctrl.o
    0x0802c72a   0x00000008   Code   RO         6500    i.STC_SetControlMode  speed_torq_ctrl.o
    0x0802c732   0x00000004   Code   RO         6502    i.STC_SetSpeedSensor  speed_torq_ctrl.o
    0x0802c736   0x00000008   Code   RO         6503    i.STC_StopRamp      speed_torq_ctrl.o
    0x0802c73e   0x00000016   Code   RO         6628    i.STM_FaultAcknowledged  state_machine.o
    0x0802c754   0x00000036   Code   RO         6629    i.STM_FaultProcessing  state_machine.o
    0x0802c78a   0x0000000a   Code   RO         6630    i.STM_GetFaultState  state_machine.o
    0x0802c794   0x00000004   Code   RO         6631    i.STM_GetState      state_machine.o
    0x0802c798   0x0000000a   Code   RO         6632    i.STM_Init          state_machine.o
    0x0802c7a2   0x00000154   Code   RO         6633    i.STM_NextState     state_machine.o
    0x0802c8f6   0x00000002   PAD
    0x0802c8f8   0x000000c0   Code   RO         7732    i.Sci_Monitor       bsp_usart1.o
    0x0802c9b8   0x000000d4   Code   RO         7733    i.Sci_Stack_Monitor  bsp_usart1.o
    0x0802ca8c   0x0000003c   Code   RO         8683    i.SendBootUp        canopen_nmt.o
    0x0802cac8   0x0000006e   Code   RO         8974    i.SendSDO           canopen_sdo.o
    0x0802cb36   0x00000002   PAD
    0x0802cb38   0x00000090   Code   RO         9147    i.SetAlarm          canopen_timer.o
    0x0802cbc8   0x00000148   Code   RO         8684    i.SetNodeId         canopen_nmt.o
    0x0802cd10   0x000000a0   Code   RO         8685    i.SetState          canopen_nmt.o
    0x0802cdb0   0x00000028   Code   RO         8425    i.SoftReset         bsp_ota.o
    0x0802cdd8   0x0000000e   Code   RO         7519    i.SpeedRelMerge_two_to_one  bsp_app_function.o
    0x0802cde6   0x00000038   Code   RO         7520    i.SpeedSetMerge_two_to_one  bsp_app_function.o
    0x0802ce1e   0x00000002   PAD
    0x0802ce20   0x00000088   Code   RO         7521    i.StallCheck        bsp_app_function.o
    0x0802cea8   0x00000028   Code   RO         9096    i.StopSync          canopen_sync.o
    0x0802ced0   0x000000de   Code   RO         8686    i.SwitchCommunication_State  canopen_nmt.o
    0x0802cfae   0x00000002   PAD
    0x0802cfb0   0x00000014   Code   RO         7413    i.Switch_Motor_Operation_Mode  usart_labview.o
    0x0802cfc4   0x000000dc   Code   RO         1809    i.SysTick_Handler   stm32f4xx_mc_it.o
    0x0802d0a0   0x000000e0   Code   RO           23    i.SystemClock_Config  main.o
    0x0802d180   0x0000001c   Code   RO         5321    i.SystemInit        system_stm32f4xx.o
    0x0802d19c   0x00000004   PAD
    0x0802d1a0   0x000003e0   Code   RO         7138    i.TC_FollowCommand  trajectory_ctrl.o
    0x0802d580   0x00000004   Code   RO         7139    i.TC_FollowExecution  trajectory_ctrl.o
    0x0802d584   0x00000016   Code   RO         7142    i.TC_GetCurrentPosition  trajectory_ctrl.o
    0x0802d59a   0x00000006   Code   RO         7143    i.TC_GetMoveDuration  trajectory_ctrl.o
    0x0802d5a0   0x00000006   Code   RO         7144    i.TC_GetTargetPosition  trajectory_ctrl.o
    0x0802d5a6   0x00000002   PAD
    0x0802d5a8   0x0000006c   Code   RO         7146    i.TC_Init           trajectory_ctrl.o
    0x0802d614   0x000000d0   Code   RO         7147    i.TC_MoveCommand    trajectory_ctrl.o
    0x0802d6e4   0x00000144   Code   RO         7148    i.TC_MoveExecution  trajectory_ctrl.o
    0x0802d828   0x00000068   Code   RO         7149    i.TC_PositionRegulation  trajectory_ctrl.o
    0x0802d890   0x00000022   Code   RO         7150    i.TC_RampCompleted  trajectory_ctrl.o
    0x0802d8b2   0x00000002   PAD
    0x0802d8b4   0x00000268   Code   RO         7151    i.TC_TrapezoidalVelocityPlanning  trajectory_ctrl.o
    0x0802db1c   0x0000004c   Code   RO         1810    i.TIM1_BRK_TIM9_IRQHandler  stm32f4xx_mc_it.o
    0x0802db68   0x00000024   Code   RO         1811    i.TIM1_UP_TIM10_IRQHandler  stm32f4xx_mc_it.o
    0x0802db8c   0x0000002c   Code   RO         1812    i.TIM2_IRQHandler   stm32f4xx_mc_it.o
    0x0802dbb8   0x0000015c   Code   RO         1813    i.TIM4_IRQHandler   stm32f4xx_mc_it.o
    0x0802dd14   0x00000028   Code   RO         9148    i.TIM6_DAC_IRQHandler  canopen_timer.o
    0x0802dd3c   0x00000060   Code   RO         9149    i.TIM6_Init         canopen_timer.o
    0x0802dd9c   0x0000004c   Code   RO         1814    i.TIM8_BRK_TIM12_IRQHandler  stm32f4xx_mc_it.o
    0x0802dde8   0x00000024   Code   RO         1815    i.TIM8_UP_TIM13_IRQHandler  stm32f4xx_mc_it.o
    0x0802de0c   0x000000b8   Code   RO         2598    i.TIM_Base_SetConfig  stm32f4xx_hal_tim.o
    0x0802dec4   0x00000016   Code   RO         2609    i.TIM_ETR_SetConfig  stm32f4xx_hal_tim.o
    0x0802deda   0x00000010   Code   RO         2610    i.TIM_ITRx_SetConfig  stm32f4xx_hal_tim.o
    0x0802deea   0x00000002   PAD
    0x0802deec   0x00000070   Code   RO         2611    i.TIM_OC1_SetConfig  stm32f4xx_hal_tim.o
    0x0802df5c   0x00000078   Code   RO         2612    i.TIM_OC2_SetConfig  stm32f4xx_hal_tim.o
    0x0802dfd4   0x00000078   Code   RO         2613    i.TIM_OC3_SetConfig  stm32f4xx_hal_tim.o
    0x0802e04c   0x00000054   Code   RO         2614    i.TIM_OC4_SetConfig  stm32f4xx_hal_tim.o
    0x0802e0a0   0x00000094   Code   RO         2615    i.TIM_SlaveTimer_SetConfig  stm32f4xx_hal_tim.o
    0x0802e134   0x00000026   Code   RO         2616    i.TIM_TI1_ConfigInputStage  stm32f4xx_hal_tim.o
    0x0802e15a   0x00000024   Code   RO         2618    i.TIM_TI2_ConfigInputStage  stm32f4xx_hal_tim.o
    0x0802e17e   0x00000002   PAD
    0x0802e180   0x00000014   Code   RO         1143    i.TSK_ChargeBootCapDelayHasElapsedM1  mc_tasks.o
    0x0802e194   0x00000014   Code   RO         1144    i.TSK_ChargeBootCapDelayHasElapsedM2  mc_tasks.o
    0x0802e1a8   0x00000020   Code   RO         1145    i.TSK_DualDriveFIFOUpdate  mc_tasks.o
    0x0802e1c8   0x00000034   Code   RO         1146    i.TSK_HardwareFaultTask  mc_tasks.o
    0x0802e1fc   0x00000264   Code   RO         1147    i.TSK_HighFrequencyTask  mc_tasks.o
    0x0802e460   0x0000031c   Code   RO         1148    i.TSK_MediumFrequencyTaskM1  mc_tasks.o
    0x0802e77c   0x00000348   Code   RO         1149    i.TSK_MediumFrequencyTaskM2  mc_tasks.o
    0x0802eac4   0x0000003c   Code   RO         1150    i.TSK_SafetyTask    mc_tasks.o
    0x0802eb00   0x0000014c   Code   RO         1151    i.TSK_SafetyTask_PWMOFF  mc_tasks.o
    0x0802ec4c   0x0000000c   Code   RO         1153    i.TSK_SetChargeBootCapDelayM1  mc_tasks.o
    0x0802ec58   0x0000000c   Code   RO         1154    i.TSK_SetChargeBootCapDelayM2  mc_tasks.o
    0x0802ec64   0x0000000c   Code   RO         1155    i.TSK_SetStopPermanencyTimeM1  mc_tasks.o
    0x0802ec70   0x0000000c   Code   RO         1156    i.TSK_SetStopPermanencyTimeM2  mc_tasks.o
    0x0802ec7c   0x00000014   Code   RO         1157    i.TSK_StopPermanencyTimeHasElapsedM1  mc_tasks.o
    0x0802ec90   0x00000014   Code   RO         1158    i.TSK_StopPermanencyTimeHasElapsedM2  mc_tasks.o
    0x0802eca4   0x000000b4   Code   RO         9150    i.TimeDispatch      canopen_timer.o
    0x0802ed58   0x0000002c   Code   RO         9151    i.TimerForCan       canopen_timer.o
    0x0802ed84   0x00000010   Code   RO         3485    i.UART_DMAAbortOnError  stm32f4xx_hal_uart.o
    0x0802ed94   0x0000004a   Code   RO         3486    i.UART_DMAError     stm32f4xx_hal_uart.o
    0x0802edde   0x0000003e   Code   RO         3487    i.UART_DMAReceiveCplt  stm32f4xx_hal_uart.o
    0x0802ee1c   0x0000000a   Code   RO         3489    i.UART_DMARxHalfCplt  stm32f4xx_hal_uart.o
    0x0802ee26   0x00000030   Code   RO         3491    i.UART_DMATransmitCplt  stm32f4xx_hal_uart.o
    0x0802ee56   0x0000000a   Code   RO         3493    i.UART_DMATxHalfCplt  stm32f4xx_hal_uart.o
    0x0802ee60   0x0000001c   Code   RO         3495    i.UART_EndRxTransfer  stm32f4xx_hal_uart.o
    0x0802ee7c   0x0000001a   Code   RO         3496    i.UART_EndTransmit_IT  stm32f4xx_hal_uart.o
    0x0802ee96   0x00000012   Code   RO         3497    i.UART_EndTxTransfer  stm32f4xx_hal_uart.o
    0x0802eea8   0x0000009c   Code   RO         3498    i.UART_Receive_IT   stm32f4xx_hal_uart.o
    0x0802ef44   0x0000019c   Code   RO         3499    i.UART_SetConfig    stm32f4xx_hal_uart.o
    0x0802f0e0   0x00000066   Code   RO         3500    i.UART_Transmit_IT  stm32f4xx_hal_uart.o
    0x0802f146   0x00000078   Code   RO         3501    i.UART_WaitOnFlagUntilTimeout  stm32f4xx_hal_uart.o
    0x0802f1be   0x00000008   Code   RO         7059    i.UFCP_AbortReceive  usart_frame_communication_protocol.o
    0x0802f1c6   0x00000004   Code   RO         7060    i.UFCP_Init         usart_frame_communication_protocol.o
    0x0802f1ca   0x00000012   Code   RO         7061    i.UFCP_OVR_IRQ_Handler  usart_frame_communication_protocol.o
    0x0802f1dc   0x000000c0   Code   RO         7062    i.UFCP_RX_IRQ_Handler  usart_frame_communication_protocol.o
    0x0802f29c   0x00000028   Code   RO         7063    i.UFCP_Receive      usart_frame_communication_protocol.o
    0x0802f2c4   0x00000054   Code   RO         7064    i.UFCP_Send         usart_frame_communication_protocol.o
    0x0802f318   0x00000064   Code   RO         7066    i.UFCP_TX_IRQ_Handler  usart_frame_communication_protocol.o
    0x0802f37c   0x0000007c   Code   RO         2026    i.UI_ExecCmd        user_interface.o
    0x0802f3f8   0x00000012   Code   RO         2027    i.UI_ExecPositionCmd  user_interface.o
    0x0802f40a   0x00000002   PAD
    0x0802f40c   0x0000002c   Code   RO         2028    i.UI_ExecSpeedRamp  user_interface.o
    0x0802f438   0x00000012   Code   RO         2029    i.UI_ExecTorqueRamp  user_interface.o
    0x0802f44a   0x00000004   Code   RO         2030    i.UI_GetMPInfo      user_interface.o
    0x0802f44e   0x00000002   PAD
    0x0802f450   0x00000480   Code   RO         2031    i.UI_GetReg         user_interface.o
    0x0802f8d0   0x00000046   Code   RO         2032    i.UI_GetRevupData   user_interface.o
    0x0802f916   0x00000004   Code   RO         2033    i.UI_GetSelectedMC  user_interface.o
    0x0802f91a   0x00000014   Code   RO         2035    i.UI_Init           user_interface.o
    0x0802f92e   0x00000002   PAD
    0x0802f930   0x0000002c   Code   RO         1947    i.UI_Scheduler      ui_task.o
    0x0802f95c   0x00000012   Code   RO         2036    i.UI_SelectMC       user_interface.o
    0x0802f96e   0x00000002   PAD
    0x0802f970   0x0000000c   Code   RO         1950    i.UI_SerialCommunicationTimeOutStart  ui_task.o
    0x0802f97c   0x0000000c   Code   RO         1951    i.UI_SerialCommunicationTimeOutStop  ui_task.o
    0x0802f988   0x00000018   Code   RO         2037    i.UI_SetCurrentReferences  user_interface.o
    0x0802f9a0   0x00000184   Code   RO         2038    i.UI_SetReg         user_interface.o
    0x0802fb24   0x0000003a   Code   RO         2039    i.UI_SetRevupData   user_interface.o
    0x0802fb5e   0x00000002   PAD
    0x0802fb60   0x00000074   Code   RO         1953    i.UI_TaskInit       ui_task.o
    0x0802fbd4   0x00000074   Code   RO         1816    i.USART3_IRQHandler  stm32f4xx_mc_it.o
    0x0802fc48   0x00000060   Code   RO         7734    i.USART3_STACK_CLR  bsp_usart1.o
    0x0802fca8   0x00000060   Code   RO         7735    i.Usart3_Data_T0_Canopen  bsp_usart1.o
    0x0802fd08   0x00000034   Code   RO         7736    i.Usart3_Error_Response  bsp_usart1.o
    0x0802fd3c   0x00000004   PAD
    0x0802fd40   0x00001a8c   Code   RO         7414    i.Usart_Labview_Analyze  usart_labview.o
    0x080317cc   0x00000018   Code   RO         7416    i.Usart_ReadRegValue  usart_labview.o
    0x080317e4   0x0000000a   Code   RO         5359    i.VBS_GetAvBusVoltage_V  bus_voltage_sensor.o
    0x080317ee   0x00000034   Code   RO         6720    i.VSS_Clear         virtual_speed_sensor.o
    0x08031822   0x00000008   Code   RO         6722    i.VSS_Init          virtual_speed_sensor.o
    0x0803182a   0x00000084   Code   RO         6727    i.VSS_SetMecAcceleration  virtual_speed_sensor.o
    0x080318ae   0x00000012   Code   RO         6728    i.VSS_SetMecAngle   virtual_speed_sensor.o
    0x080318c0   0x0000000c   Code   RO         6683    i.VVBS_Init         virtual_bus_voltage_sensor.o
    0x080318cc   0x00000158   Code   RO         8828    i._RPOD_SyncEvent   canopen_pdo.o
    0x08031a24   0x00000002   Code   RO         8829    i._RxPDO_EventTimers_Handler  canopen_pdo.o
    0x08031a26   0x00000002   PAD
    0x08031a28   0x00000020   Code   RO         9425    i.__0printf$4       mc_w.l(printf4.o)
    0x08031a48   0x00000008   Code   RO         9620    i.__aeabi_errno_addr  mc_w.l(errno.o)
    0x08031a50   0x0000000e   Code   RO         9672    i.__scatterload_copy  mc_w.l(handlers.o)
    0x08031a5e   0x00000002   Code   RO         9673    i.__scatterload_null  mc_w.l(handlers.o)
    0x08031a60   0x0000000e   Code   RO         9674    i.__scatterload_zeroinit  mc_w.l(handlers.o)
    0x08031a6e   0x00000002   PAD
    0x08031a70   0x00000108   Code   RO         8769    i._getODentry       canopen_objacces.o
    0x08031b78   0x00000018   Code   RO         8599    i._heartbeatError   canopen_lifegrd.o
    0x08031b90   0x00000002   Code   RO         8687    i._initialisation   canopen_nmt.o
    0x08031b92   0x00000002   Code   RO         8688    i._operational      canopen_nmt.o
    0x08031b94   0x00000002   Code   RO         8600    i._post_SlaveStateChange  canopen_lifegrd.o
    0x08031b96   0x00000002   Code   RO         9097    i._post_TPDO        canopen_sync.o
    0x08031b98   0x00000002   Code   RO         9098    i._post_sync        canopen_sync.o
    0x08031b9a   0x00000002   Code   RO         8689    i._preOperational   canopen_nmt.o
    0x08031b9c   0x0000022c   Code   RO         9432    i._printf_core      mc_w.l(printf4.o)
    0x08031dc8   0x00000174   Code   RO         8830    i._sendPDOevent     canopen_pdo.o
    0x08031f3c   0x0000012c   Code   RO         8770    i._setODentry       canopen_objacces.o
    0x08032068   0x00000002   Code   RO         7915    i._storeODSubIndex  canopen_od.o
    0x0803206a   0x000000de   Code   RO         8831    i.buildPDO          canopen_pdo.o
    0x08032148   0x00000034   Code   RO         7737    i.crc16             bsp_usart1.o
    0x0803217c   0x00000020   Code   RO         8531    i.emergencyInit     canopen_emcy.o
    0x0803219c   0x00000002   Code   RO         8532    i.emergencyStop     canopen_emcy.o
    0x0803219e   0x000000a8   Code   RO         8976    i.failedSDO         canopen_sdo.o
    0x08032246   0x00000002   PAD
    0x08032248   0x0000001c   Code   RO         7353    i.fputc             bsp_debug_usart.o
    0x08032264   0x00000018   Code   RO         9152    i.getElapsedTime    canopen_timer.o
    0x0803227c   0x00000004   Code   RO         8691    i.getNodeId         canopen_nmt.o
    0x08032280   0x00000032   Code   RO         8977    i.getSDOfreeLine    canopen_sdo.o
    0x080322b2   0x00000048   Code   RO         8978    i.getSDOlineOnUse   canopen_sdo.o
    0x080322fa   0x00000022   Code   RO         8979    i.getSDOlineRestBytes  canopen_sdo.o
    0x0803231c   0x00000040   Code   RO         8601    i.heartbeatInit     canopen_lifegrd.o
    0x0803235c   0x00000014   Code   RO         8602    i.heartbeatStop     canopen_lifegrd.o
    0x08032370   0x0000000a   Code   RO         7523    i.in32abs           bsp_app_function.o
    0x0803237a   0x00000002   PAD
    0x0803237c   0x00000094   Code   RO         8981    i.initSDOline       canopen_sdo.o
    0x08032410   0x0000000a   Code   RO         7524    i.l_abs             bsp_app_function.o
    0x0803241a   0x00000004   Code   RO         8603    i.lifeGuardInit     canopen_lifegrd.o
    0x0803241e   0x00000004   Code   RO         8604    i.lifeGuardStop     canopen_lifegrd.o
    0x08032422   0x0000004a   Code   RO         8982    i.lineToSDO         canopen_sdo.o
    0x0803246c   0x000000f0   Code   RO           24    i.main              main.o
    0x0803255c   0x00000228   Code   RO         1159    i.mc_lock_pins      mc_tasks.o
    0x08032784   0x00000048   Code   RO         8983    i.objdictToSDOline  canopen_sdo.o
    0x080327cc   0x000002f0   Code   RO         8832    i.proceedPDO        canopen_pdo.o
    0x08032abc   0x00000040   Code   RO         9099    i.proceedSYNC       canopen_sync.o
    0x08032afc   0x00000018   Code   RO         8984    i.resetSDO          canopen_sdo.o
    0x08032b14   0x0000003c   Code   RO         8985    i.resetSDOline      canopen_sdo.o
    0x08032b50   0x00000124   Code   RO         8833    i.sendOnePDOevent   canopen_pdo.o
    0x08032c74   0x00000044   Code   RO         8836    i.sendPdo           canopen_pdo.o
    0x08032cb8   0x00000010   Code   RO         8986    i.setSDOlineRestBytes  canopen_sdo.o
    0x08032cc8   0x0000001c   Code   RO         9153    i.setTimer          canopen_timer.o
    0x08032ce4   0x00000068   Code   RO         6145    i.startTimers       pwm_common.o
    0x08032d4c   0x00000012   Code   RO         7525    i.swap              bsp_app_function.o
    0x08032d5e   0x00000056   Code   RO         6146    i.waitForPolarizationEnd  pwm_common.o
    0x08032db4   0x00000020   Data   RO          455    .constdata          motorcontrol.o
    0x08032dd4   0x00000008   Data   RO         1162    .constdata          mc_tasks.o
    0x08032ddc   0x00000200   Data   RO         1460    .constdata          mc_math.o
    0x08032fdc   0x00000094   Data   RO         1781    .constdata          mc_parameters.o
    0x08033070   0x00000094   Data   RO         1782    .constdata          mc_parameters.o
    0x08033104   0x00000008   Data   RO         4309    .constdata          stm32f4xx_hal_dma.o
    0x0803310c   0x00000010   Data   RO         5322    .constdata          system_stm32f4xx.o
    0x0803311c   0x00000008   Data   RO         5323    .constdata          system_stm32f4xx.o
    0x08033124   0x0000000e   Data   RO         5517    .constdata          encoder_speed_pos_fdbk.o
    0x08033132   0x0000000e   Data   RO         6836    .constdata          r3_2_f4xx_pwm_curr_fdbk.o
    0x08033140   0x00000006   Data   RO         7067    .constdata          usart_frame_communication_protocol.o
    0x08033146   0x00000002   PAD
    0x08033148   0x00000004   Data   RO         7527    .constdata          bsp_app_function.o
    0x0803314c   0x00000200   Data   RO         7739    .constdata          bsp_usart1.o
    0x0803334c   0x0000000c   Data   RO         7923    .constdata          canopen_od.o
    0x08033358   0x0000000c   Data   RO         7924    .constdata          canopen_od.o
    0x08033364   0x00000540   Data   RO         7925    .constdata          canopen_od.o
    0x080338a4   0x00001180   Data   RO         8398    .constdata          public_global.o
    0x08034a24   0x00000040   Data   RO         8692    .constdata          canopen_nmt.o
    0x08034a64   0x00000081   Data   RO         9639    .constdata          mc_w.l(ctype_o.o)
    0x08034ae5   0x00000003   PAD
    0x08034ae8   0x00000004   Data   RO         9640    .constdata          mc_w.l(ctype_o.o)
    0x08034aec   0x00000020   Data   RO         9670    Region$$Table       anon$$obj.o


    Execution Region RW_IRAM1 (Base: 0x20000000, Size: 0x0000dd00, Max: 0x00020000, ABSOLUTE, COMPRESSED[0x00000fe0])

    Base Addr    Size         Type   Attr      Idx    E Section Name        Object

    0x20000000   0x00000004   Data   RW           27    .data               main.o
    0x20000004   0x00000018   Data   RW          456    .data               motorcontrol.o
    0x2000001c   0x00000008   Data   RW          979    .data               motor_control_protocol.o
    0x20000024   0x00000004   Data   RW         1047    .data               mc_config.o
    0x20000028   0x00000004   Data   RW         1048    .data               mc_config.o
    0x2000002c   0x00000114   Data   RW         1049    .data               mc_config.o
    0x20000140   0x00000114   Data   RW         1051    .data               mc_config.o
    0x20000254   0x00000038   Data   RW         1053    .data               mc_config.o
    0x2000028c   0x00000044   Data   RW         1054    .data               mc_config.o
    0x200002d0   0x00000038   Data   RW         1055    .data               mc_config.o
    0x20000308   0x00000038   Data   RW         1056    .data               mc_config.o
    0x20000340   0x00000038   Data   RW         1057    .data               mc_config.o
    0x20000378   0x0000003c   Data   RW         1058    .data               mc_config.o
    0x200003b4   0x00000044   Data   RW         1059    .data               mc_config.o
    0x200003f8   0x00000044   Data   RW         1060    .data               mc_config.o
    0x2000043c   0x00000044   Data   RW         1061    .data               mc_config.o
    0x20000480   0x00000044   Data   RW         1062    .data               mc_config.o
    0x200004c4   0x0000007c   Data   RW         1065    .data               mc_config.o
    0x20000540   0x00000038   Data   RW         1066    .data               mc_config.o
    0x20000578   0x0000003c   Data   RW         1067    .data               mc_config.o
    0x200005b4   0x0000007c   Data   RW         1068    .data               mc_config.o
    0x20000630   0x0000004c   Data   RW         1069    .data               mc_config.o
    0x2000067c   0x00000080   Data   RW         1070    .data               mc_config.o
    0x200006fc   0x00000038   Data   RW         1071    .data               mc_config.o
    0x20000734   0x00000038   Data   RW         1072    .data               mc_config.o
    0x2000076c   0x00000038   Data   RW         1073    .data               mc_config.o
    0x200007a4   0x00000058   Data   RW         1074    .data               mc_config.o
    0x200007fc   0x0000004c   Data   RW         1075    .data               mc_config.o
    0x20000848   0x00000058   Data   RW         1076    .data               mc_config.o
    0x200008a0   0x000000a8   Data   RW         1077    .data               mc_config.o
    0x20000948   0x00000024   Data   RW         1078    .data               mc_config.o
    0x2000096c   0x000000a8   Data   RW         1079    .data               mc_config.o
    0x20000a14   0x00000024   Data   RW         1080    .data               mc_config.o
    0x20000a38   0x00000080   Data   RW         1081    .data               mc_config.o
    0x20000ab8   0x000000ec   Data   RW         1082    .data               mc_config.o
    0x20000ba4   0x0000002c   Data   RW         1083    .data               mc_config.o
    0x20000bd0   0x0000002c   Data   RW         1084    .data               mc_config.o
    0x20000bfc   0x00000028   Data   RW         1085    .data               mc_config.o
    0x20000c24   0x00000010   Data   RW         1086    .data               mc_config.o
    0x20000c34   0x00000018   Data   RW         1087    .data               mc_config.o
    0x20000c4c   0x000000b4   Data   RW         1088    .data               mc_config.o
    0x20000d00   0x00000018   Data   RW         1089    .data               mc_config.o
    0x20000d18   0x000000b4   Data   RW         1090    .data               mc_config.o
    0x20000dcc   0x0000000c   Data   RW         1091    .data               mc_config.o
    0x20000dd8   0x0000013c   Data   RW         1092    .data               mc_config.o
    0x20000f14   0x000000dc   Data   RW         1163    .data               mc_tasks.o
    0x20000ff0   0x00000004   Data   RW         1392    .data               regular_conversion_manager.o
    0x20000ff4   0x00000040   Data   RW         1819    .data               stm32f4xx_mc_it.o
    0x20001034   0x00000002   Data   RW         1820    .data               stm32f4xx_mc_it.o
    0x20001036   0x00000002   Data   RW         1821    .data               stm32f4xx_mc_it.o
    0x20001038   0x0000000c   Data   RW         1955    .data               ui_task.o
    0x20001044   0x0000000c   Data   RW         4731    .data               stm32f4xx_hal.o
    0x20001050   0x00000004   Data   RW         5324    .data               system_stm32f4xx.o
    0x20001054   0x00000002   Data   RW         5822    .data               pid_regulator.o
    0x20001056   0x00000002   PAD
    0x20001058   0x00000008   Data   RW         6187    .data               r_divider_bus_voltage_sensor.o
    0x20001060   0x00000001   Data   RW         6415    .data               speed_pos_fdbk.o
    0x20001061   0x00000003   PAD
    0x20001064   0x00000010   Data   RW         6505    .data               speed_torq_ctrl.o
    0x20001074   0x00000001   Data   RW         6843    .data               r3_2_f4xx_pwm_curr_fdbk.o
    0x20001075   0x00000003   PAD
    0x20001078   0x00000038   Data   RW         7164    .data               trajectory_ctrl.o
    0x200010b0   0x00000040   Data   RW         7418    .data               usart_labview.o
    0x200010f0   0x000000a8   Data   RW         7528    .data               bsp_app_function.o
    0x20001198   0x00000008   Data   RW         7529    .data               bsp_app_function.o
    0x200011a0   0x00000030   Data   RW         7530    .data               bsp_app_function.o
    0x200011d0   0x00000030   Data   RW         7531    .data               bsp_app_function.o
    0x20001200   0x00000001   Data   RW         7532    .data               bsp_app_function.o
    0x20001201   0x00000003   PAD
    0x20001204   0x00000020   Data   RW         7834    .data               bsp_flash.o
    0x20001224   0x00000004   Data   RW         7930    .data               canopen_od.o
    0x20001228   0x00000004   Data   RW         7932    .data               canopen_od.o
    0x2000122c   0x00000004   Data   RW         7933    .data               canopen_od.o
    0x20001230   0x00000004   Data   RW         7934    .data               canopen_od.o
    0x20001234   0x00000014   Data   RW         7935    .data               canopen_od.o
    0x20001248   0x00000001   Data   RW         7936    .data               canopen_od.o
    0x20001249   0x00000003   PAD
    0x2000124c   0x00000014   Data   RW         7937    .data               canopen_od.o
    0x20001260   0x00000004   Data   RW         7938    .data               canopen_od.o
    0x20001264   0x00000014   Data   RW         7939    .data               canopen_od.o
    0x20001278   0x00000001   Data   RW         7940    .data               canopen_od.o
    0x20001279   0x00000003   PAD
    0x2000127c   0x00000004   Data   RW         7941    .data               canopen_od.o
    0x20001280   0x00000028   Data   RW         7942    .data               canopen_od.o
    0x200012a8   0x00000004   Data   RW         7943    .data               canopen_od.o
    0x200012ac   0x00000014   Data   RW         7944    .data               canopen_od.o
    0x200012c0   0x00000004   Data   RW         7945    .data               canopen_od.o
    0x200012c4   0x00000014   Data   RW         7946    .data               canopen_od.o
    0x200012d8   0x00000004   Data   RW         7947    .data               canopen_od.o
    0x200012dc   0x00000014   Data   RW         7948    .data               canopen_od.o
    0x200012f0   0x00000008   Data   RW         7949    .data               canopen_od.o
    0x200012f8   0x00000014   Data   RW         7950    .data               canopen_od.o
    0x2000130c   0x00000004   Data   RW         7951    .data               canopen_od.o
    0x20001310   0x00000014   Data   RW         7952    .data               canopen_od.o
    0x20001324   0x00000004   Data   RW         7953    .data               canopen_od.o
    0x20001328   0x00000014   Data   RW         7954    .data               canopen_od.o
    0x2000133c   0x00000002   Data   RW         7955    .data               canopen_od.o
    0x2000133e   0x00000002   PAD
    0x20001340   0x00000014   Data   RW         7956    .data               canopen_od.o
    0x20001354   0x00000001   Data   RW         7957    .data               canopen_od.o
    0x20001355   0x00000003   PAD
    0x20001358   0x00000014   Data   RW         7958    .data               canopen_od.o
    0x2000136c   0x00000004   Data   RW         7959    .data               canopen_od.o
    0x20001370   0x00000001   Data   RW         7960    .data               canopen_od.o
    0x20001371   0x00000003   PAD
    0x20001374   0x00000308   Data   RW         7961    .data               canopen_od.o
    0x2000167c   0x00000028   Data   RW         7962    .data               canopen_od.o
    0x200016a4   0x00000004   Data   RW         7963    .data               canopen_od.o
    0x200016a8   0x00000028   Data   RW         7964    .data               canopen_od.o
    0x200016d0   0x00000004   Data   RW         7965    .data               canopen_od.o
    0x200016d4   0x00000014   Data   RW         7966    .data               canopen_od.o
    0x200016e8   0x00000004   Data   RW         7967    .data               canopen_od.o
    0x200016ec   0x00000014   Data   RW         7968    .data               canopen_od.o
    0x20001700   0x00000004   Data   RW         7969    .data               canopen_od.o
    0x20001704   0x00000014   Data   RW         7970    .data               canopen_od.o
    0x20001718   0x00000004   Data   RW         7971    .data               canopen_od.o
    0x2000171c   0x00000014   Data   RW         7972    .data               canopen_od.o
    0x20001730   0x00000001   Data   RW         7973    .data               canopen_od.o
    0x20001731   0x00000003   PAD
    0x20001734   0x00000014   Data   RW         7974    .data               canopen_od.o
    0x20001748   0x00000078   Data   RW         7975    .data               canopen_od.o
    0x200017c0   0x00000014   Data   RW         7977    .data               canopen_od.o
    0x200017d4   0x00000064   Data   RW         7978    .data               canopen_od.o
    0x20001838   0x00000001   Data   RW         7979    .data               canopen_od.o
    0x20001839   0x00000003   PAD
    0x2000183c   0x00000014   Data   RW         7980    .data               canopen_od.o
    0x20001850   0x00000004   Data   RW         7981    .data               canopen_od.o
    0x20001854   0x00000028   Data   RW         7982    .data               canopen_od.o
    0x2000187c   0x00000001   Data   RW         7983    .data               canopen_od.o
    0x2000187d   0x00000003   PAD
    0x20001880   0x00000004   Data   RW         7984    .data               canopen_od.o
    0x20001884   0x00000004   Data   RW         7985    .data               canopen_od.o
    0x20001888   0x00000001   Data   RW         7986    .data               canopen_od.o
    0x20001889   0x00000003   PAD
    0x2000188c   0x00000050   Data   RW         7987    .data               canopen_od.o
    0x200018dc   0x00000001   Data   RW         7988    .data               canopen_od.o
    0x200018dd   0x00000003   PAD
    0x200018e0   0x00000004   Data   RW         7989    .data               canopen_od.o
    0x200018e4   0x00000004   Data   RW         7990    .data               canopen_od.o
    0x200018e8   0x00000001   Data   RW         7991    .data               canopen_od.o
    0x200018e9   0x00000003   PAD
    0x200018ec   0x00000050   Data   RW         7992    .data               canopen_od.o
    0x2000193c   0x0000003c   Data   RW         7993    .data               canopen_od.o
    0x20001978   0x0000003c   Data   RW         7994    .data               canopen_od.o
    0x200019b4   0x0000003c   Data   RW         7995    .data               canopen_od.o
    0x200019f0   0x0000003c   Data   RW         7996    .data               canopen_od.o
    0x20001a2c   0x000000b4   Data   RW         7997    .data               canopen_od.o
    0x20001ae0   0x000000b4   Data   RW         7998    .data               canopen_od.o
    0x20001b94   0x000000b4   Data   RW         7999    .data               canopen_od.o
    0x20001c48   0x000000b4   Data   RW         8000    .data               canopen_od.o
    0x20001cfc   0x0000008c   Data   RW         8001    .data               canopen_od.o
    0x20001d88   0x0000008c   Data   RW         8002    .data               canopen_od.o
    0x20001e14   0x0000008c   Data   RW         8003    .data               canopen_od.o
    0x20001ea0   0x0000008c   Data   RW         8004    .data               canopen_od.o
    0x20001f2c   0x000000b4   Data   RW         8005    .data               canopen_od.o
    0x20001fe0   0x000000b4   Data   RW         8006    .data               canopen_od.o
    0x20002094   0x000000b4   Data   RW         8007    .data               canopen_od.o
    0x20002148   0x000000b4   Data   RW         8008    .data               canopen_od.o
    0x200021fc   0x00000001   Data   RW         8009    .data               canopen_od.o
    0x200021fd   0x00000001   Data   RW         8010    .data               canopen_od.o
    0x200021fe   0x00000001   Data   RW         8011    .data               canopen_od.o
    0x200021ff   0x00000001   Data   RW         8012    .data               canopen_od.o
    0x20002200   0x000000b4   Data   RW         8013    .data               canopen_od.o
    0x200022b4   0x00000001   Data   RW         8017    .data               canopen_od.o
    0x200022b5   0x00000001   Data   RW         8018    .data               canopen_od.o
    0x200022b6   0x00000001   Data   RW         8019    .data               canopen_od.o
    0x200022b7   0x00000001   Data   RW         8020    .data               canopen_od.o
    0x200022b8   0x00000001   Data   RW         8021    .data               canopen_od.o
    0x200022b9   0x00000003   PAD
    0x200022bc   0x0000003c   Data   RW         8022    .data               canopen_od.o
    0x200022f8   0x0000003c   Data   RW         8023    .data               canopen_od.o
    0x20002334   0x0000003c   Data   RW         8024    .data               canopen_od.o
    0x20002370   0x0000003c   Data   RW         8025    .data               canopen_od.o
    0x200023ac   0x0000003c   Data   RW         8026    .data               canopen_od.o
    0x200023e8   0x0000003c   Data   RW         8027    .data               canopen_od.o
    0x20002424   0x0000003c   Data   RW         8028    .data               canopen_od.o
    0x20002460   0x0000003c   Data   RW         8029    .data               canopen_od.o
    0x2000249c   0x0000003c   Data   RW         8030    .data               canopen_od.o
    0x200024d8   0x0000003c   Data   RW         8031    .data               canopen_od.o
    0x20002514   0x00000001   Data   RW         8032    .data               canopen_od.o
    0x20002515   0x00000003   PAD
    0x20002518   0x00000014   Data   RW         8033    .data               canopen_od.o
    0x2000252c   0x0000003c   Data   RW         8034    .data               canopen_od.o
    0x20002568   0x0000003c   Data   RW         8035    .data               canopen_od.o
    0x200025a4   0x0000003c   Data   RW         8036    .data               canopen_od.o
    0x200025e0   0x00000014   Data   RW         8037    .data               canopen_od.o
    0x200025f4   0x000000a0   Data   RW         8038    .data               canopen_od.o
    0x20002694   0x00000014   Data   RW         8039    .data               canopen_od.o
    0x200026a8   0x00000014   Data   RW         8040    .data               canopen_od.o
    0x200026bc   0x000000a0   Data   RW         8041    .data               canopen_od.o
    0x2000275c   0x0000003c   Data   RW         8042    .data               canopen_od.o
    0x20002798   0x00000014   Data   RW         8043    .data               canopen_od.o
    0x200027ac   0x0000008c   Data   RW         8044    .data               canopen_od.o
    0x20002838   0x00000014   Data   RW         8045    .data               canopen_od.o
    0x2000284c   0x0000003c   Data   RW         8046    .data               canopen_od.o
    0x20002888   0x0000003c   Data   RW         8047    .data               canopen_od.o
    0x200028c4   0x00000014   Data   RW         8048    .data               canopen_od.o
    0x200028d8   0x00000050   Data   RW         8049    .data               canopen_od.o
    0x20002928   0x00000002   Data   RW         8050    .data               canopen_od.o
    0x2000292a   0x00000002   PAD
    0x2000292c   0x00000014   Data   RW         8051    .data               canopen_od.o
    0x20002940   0x00000014   Data   RW         8053    .data               canopen_od.o
    0x20002954   0x0000003c   Data   RW         8055    .data               canopen_od.o
    0x20002990   0x00000014   Data   RW         8057    .data               canopen_od.o
    0x200029a4   0x00000001   Data   RW         8058    .data               canopen_od.o
    0x200029a5   0x00000003   PAD
    0x200029a8   0x00000014   Data   RW         8059    .data               canopen_od.o
    0x200029bc   0x00000001   Data   RW         8060    .data               canopen_od.o
    0x200029bd   0x00000003   PAD
    0x200029c0   0x00000014   Data   RW         8061    .data               canopen_od.o
    0x200029d4   0x00000004   Data   RW         8062    .data               canopen_od.o
    0x200029d8   0x00000014   Data   RW         8063    .data               canopen_od.o
    0x200029ec   0x00000014   Data   RW         8065    .data               canopen_od.o
    0x20002a00   0x00000004   Data   RW         8066    .data               canopen_od.o
    0x20002a04   0x000000b4   Data   RW         8069    .data               canopen_od.o
    0x20002ab8   0x00000028   Data   RW         8071    .data               canopen_od.o
    0x20002ae0   0x00000004   Data   RW         8073    .data               canopen_od.o
    0x20002ae4   0x0000003c   Data   RW         8074    .data               canopen_od.o
    0x20002b20   0x0000003c   Data   RW         8076    .data               canopen_od.o
    0x20002b5c   0x0000003c   Data   RW         8078    .data               canopen_od.o
    0x20002b98   0x0000003c   Data   RW         8080    .data               canopen_od.o
    0x20002bd4   0x0000003c   Data   RW         8082    .data               canopen_od.o
    0x20002c10   0x0000003c   Data   RW         8084    .data               canopen_od.o
    0x20002c4c   0x00000028   Data   RW         8086    .data               canopen_od.o
    0x20002c74   0x00000001   Data   RW         8087    .data               canopen_od.o
    0x20002c75   0x00000003   PAD
    0x20002c78   0x0000003c   Data   RW         8088    .data               canopen_od.o
    0x20002cb4   0x00000001   Data   RW         8089    .data               canopen_od.o
    0x20002cb5   0x00000003   PAD
    0x20002cb8   0x00000014   Data   RW         8090    .data               canopen_od.o
    0x20002ccc   0x00000001   Data   RW         8091    .data               canopen_od.o
    0x20002ccd   0x00000003   PAD
    0x20002cd0   0x00000014   Data   RW         8092    .data               canopen_od.o
    0x20002ce4   0x00000001   Data   RW         8093    .data               canopen_od.o
    0x20002ce5   0x00000003   PAD
    0x20002ce8   0x00000014   Data   RW         8094    .data               canopen_od.o
    0x20002cfc   0x00000001   Data   RW         8095    .data               canopen_od.o
    0x20002cfd   0x00000003   PAD
    0x20002d00   0x00000014   Data   RW         8096    .data               canopen_od.o
    0x20002d14   0x00000001   Data   RW         8097    .data               canopen_od.o
    0x20002d15   0x00000003   PAD
    0x20002d18   0x00000014   Data   RW         8098    .data               canopen_od.o
    0x20002d2c   0x00000001   Data   RW         8099    .data               canopen_od.o
    0x20002d2d   0x00000003   PAD
    0x20002d30   0x00000014   Data   RW         8100    .data               canopen_od.o
    0x20002d44   0x00000004   Data   RW         8101    .data               canopen_od.o
    0x20002d48   0x00000004   Data   RW         8102    .data               canopen_od.o
    0x20002d4c   0x00000004   Data   RW         8103    .data               canopen_od.o
    0x20002d50   0x0000003c   Data   RW         8104    .data               canopen_od.o
    0x20002d8c   0x00000004   Data   RW         8105    .data               canopen_od.o
    0x20002d90   0x00000004   Data   RW         8106    .data               canopen_od.o
    0x20002d94   0x00000004   Data   RW         8107    .data               canopen_od.o
    0x20002d98   0x0000003c   Data   RW         8108    .data               canopen_od.o
    0x20002dd4   0x00000004   Data   RW         8109    .data               canopen_od.o
    0x20002dd8   0x00000004   Data   RW         8110    .data               canopen_od.o
    0x20002ddc   0x00000004   Data   RW         8111    .data               canopen_od.o
    0x20002de0   0x0000003c   Data   RW         8112    .data               canopen_od.o
    0x20002e1c   0x00000014   Data   RW         8114    .data               canopen_od.o
    0x20002e30   0x0000003c   Data   RW         8116    .data               canopen_od.o
    0x20002e6c   0x0000003c   Data   RW         8120    .data               canopen_od.o
    0x20002ea8   0x0000003c   Data   RW         8122    .data               canopen_od.o
    0x20002ee4   0x00000064   Data   RW         8124    .data               canopen_od.o
    0x20002f48   0x00000064   Data   RW         8126    .data               canopen_od.o
    0x20002fac   0x0000003c   Data   RW         8128    .data               canopen_od.o
    0x20002fe8   0x00000002   Data   RW         8129    .data               canopen_od.o
    0x20002fea   0x00000002   PAD
    0x20002fec   0x00000014   Data   RW         8130    .data               canopen_od.o
    0x20003000   0x00000004   Data   RW         8131    .data               canopen_od.o
    0x20003004   0x00000014   Data   RW         8132    .data               canopen_od.o
    0x20003018   0x00000004   Data   RW         8133    .data               canopen_od.o
    0x2000301c   0x00000014   Data   RW         8134    .data               canopen_od.o
    0x20003030   0x00000014   Data   RW         8135    .data               canopen_od.o
    0x20003044   0x00000014   Data   RW         8136    .data               canopen_od.o
    0x20003058   0x00000004   Data   RW         8137    .data               canopen_od.o
    0x2000305c   0x0000003c   Data   RW         8138    .data               canopen_od.o
    0x20003098   0x00000028   Data   RW         8139    .data               canopen_od.o
    0x200030c0   0x00000004   Data   RW         8140    .data               canopen_od.o
    0x200030c4   0x00000050   Data   RW         8141    .data               canopen_od.o
    0x20003114   0x00000004   Data   RW         8142    .data               canopen_od.o
    0x20003118   0x0000003c   Data   RW         8143    .data               canopen_od.o
    0x20003154   0x00000004   Data   RW         8144    .data               canopen_od.o
    0x20003158   0x0000003c   Data   RW         8147    .data               canopen_od.o
    0x20003194   0x00000004   Data   RW         8148    .data               canopen_od.o
    0x20003198   0x00000014   Data   RW         8149    .data               canopen_od.o
    0x200031ac   0x00000004   Data   RW         8150    .data               canopen_od.o
    0x200031b0   0x00000014   Data   RW         8151    .data               canopen_od.o
    0x200031c4   0x00000014   Data   RW         8152    .data               canopen_od.o
    0x200031d8   0x0000003c   Data   RW         8154    .data               canopen_od.o
    0x20003214   0x00000004   Data   RW         8155    .data               canopen_od.o
    0x20003218   0x00000014   Data   RW         8156    .data               canopen_od.o
    0x2000322c   0x00000002   Data   RW         8157    .data               canopen_od.o
    0x2000322e   0x00000002   PAD
    0x20003230   0x00000014   Data   RW         8158    .data               canopen_od.o
    0x20003244   0x00000004   Data   RW         8159    .data               canopen_od.o
    0x20003248   0x00000014   Data   RW         8160    .data               canopen_od.o
    0x2000325c   0x00000002   Data   RW         8161    .data               canopen_od.o
    0x2000325e   0x00000002   PAD
    0x20003260   0x00000014   Data   RW         8162    .data               canopen_od.o
    0x20003274   0x00000002   Data   RW         8163    .data               canopen_od.o
    0x20003276   0x00000002   PAD
    0x20003278   0x00000014   Data   RW         8164    .data               canopen_od.o
    0x2000328c   0x00000014   Data   RW         8165    .data               canopen_od.o
    0x200032a0   0x00000004   Data   RW         8166    .data               canopen_od.o
    0x200032a4   0x00000014   Data   RW         8167    .data               canopen_od.o
    0x200032b8   0x00000004   Data   RW         8168    .data               canopen_od.o
    0x200032bc   0x00000014   Data   RW         8169    .data               canopen_od.o
    0x200032d0   0x00000050   Data   RW         8171    .data               canopen_od.o
    0x20003320   0x00000002   Data   RW         8172    .data               canopen_od.o
    0x20003322   0x00000002   PAD
    0x20003324   0x00000014   Data   RW         8173    .data               canopen_od.o
    0x20003338   0x00000002   Data   RW         8174    .data               canopen_od.o
    0x2000333a   0x00000002   PAD
    0x2000333c   0x00000014   Data   RW         8175    .data               canopen_od.o
    0x20003350   0x00000002   Data   RW         8176    .data               canopen_od.o
    0x20003352   0x00000002   PAD
    0x20003354   0x00000014   Data   RW         8177    .data               canopen_od.o
    0x20003368   0x00000002   Data   RW         8178    .data               canopen_od.o
    0x2000336a   0x00000002   PAD
    0x2000336c   0x00000014   Data   RW         8179    .data               canopen_od.o
    0x20003380   0x00000050   Data   RW         8181    .data               canopen_od.o
    0x200033d0   0x00000004   Data   RW         8182    .data               canopen_od.o
    0x200033d4   0x00000014   Data   RW         8183    .data               canopen_od.o
    0x200033e8   0x0000003c   Data   RW         8185    .data               canopen_od.o
    0x20003424   0x0000003c   Data   RW         8187    .data               canopen_od.o
    0x20003460   0x00000002   Data   RW         8188    .data               canopen_od.o
    0x20003462   0x00000002   PAD
    0x20003464   0x00000014   Data   RW         8189    .data               canopen_od.o
    0x20003478   0x00000002   Data   RW         8190    .data               canopen_od.o
    0x2000347a   0x00000002   PAD
    0x2000347c   0x00000014   Data   RW         8191    .data               canopen_od.o
    0x20003490   0x00000004   Data   RW         8192    .data               canopen_od.o
    0x20003494   0x00000014   Data   RW         8193    .data               canopen_od.o
    0x200034a8   0x00000004   Data   RW         8194    .data               canopen_od.o
    0x200034ac   0x00000014   Data   RW         8195    .data               canopen_od.o
    0x200034c0   0x00000002   Data   RW         8196    .data               canopen_od.o
    0x200034c2   0x00000002   PAD
    0x200034c4   0x00000014   Data   RW         8197    .data               canopen_od.o
    0x200034d8   0x0000003c   Data   RW         8199    .data               canopen_od.o
    0x20003514   0x00000014   Data   RW         8201    .data               canopen_od.o
    0x20003528   0x00000004   Data   RW         8202    .data               canopen_od.o
    0x2000352c   0x00000014   Data   RW         8203    .data               canopen_od.o
    0x20003540   0x00000002   Data   RW         8204    .data               canopen_od.o
    0x20003542   0x00000002   PAD
    0x20003544   0x00000014   Data   RW         8205    .data               canopen_od.o
    0x20003558   0x00000002   Data   RW         8206    .data               canopen_od.o
    0x2000355a   0x00000002   PAD
    0x2000355c   0x00000014   Data   RW         8207    .data               canopen_od.o
    0x20003570   0x00000002   Data   RW         8208    .data               canopen_od.o
    0x20003572   0x00000002   PAD
    0x20003574   0x00000014   Data   RW         8209    .data               canopen_od.o
    0x20003588   0x00000002   Data   RW         8210    .data               canopen_od.o
    0x2000358a   0x00000002   PAD
    0x2000358c   0x00000014   Data   RW         8211    .data               canopen_od.o
    0x200035a0   0x00000002   Data   RW         8212    .data               canopen_od.o
    0x200035a2   0x00000002   PAD
    0x200035a4   0x00000014   Data   RW         8213    .data               canopen_od.o
    0x200035b8   0x00000002   Data   RW         8214    .data               canopen_od.o
    0x200035ba   0x00000002   PAD
    0x200035bc   0x00000014   Data   RW         8215    .data               canopen_od.o
    0x200035d0   0x00000004   Data   RW         8216    .data               canopen_od.o
    0x200035d4   0x00000014   Data   RW         8217    .data               canopen_od.o
    0x200035e8   0x00000004   Data   RW         8218    .data               canopen_od.o
    0x200035ec   0x00000004   Data   RW         8219    .data               canopen_od.o
    0x200035f0   0x00000004   Data   RW         8220    .data               canopen_od.o
    0x200035f4   0x0000003c   Data   RW         8221    .data               canopen_od.o
    0x20003630   0x00000002   Data   RW         8222    .data               canopen_od.o
    0x20003632   0x00000002   Data   RW         8223    .data               canopen_od.o
    0x20003634   0x00000002   Data   RW         8224    .data               canopen_od.o
    0x20003636   0x00000002   PAD
    0x20003638   0x0000003c   Data   RW         8225    .data               canopen_od.o
    0x20003674   0x00000001   Data   RW         8226    .data               canopen_od.o
    0x20003675   0x00000003   PAD
    0x20003678   0x00000014   Data   RW         8227    .data               canopen_od.o
    0x2000368c   0x00000004   Data   RW         8228    .data               canopen_od.o
    0x20003690   0x00000004   Data   RW         8229    .data               canopen_od.o
    0x20003694   0x00000004   Data   RW         8230    .data               canopen_od.o
    0x20003698   0x0000003c   Data   RW         8231    .data               canopen_od.o
    0x200036d4   0x00000004   Data   RW         8232    .data               canopen_od.o
    0x200036d8   0x00000004   Data   RW         8233    .data               canopen_od.o
    0x200036dc   0x00000004   Data   RW         8234    .data               canopen_od.o
    0x200036e0   0x00000004   Data   RW         8235    .data               canopen_od.o
    0x200036e4   0x00000004   Data   RW         8236    .data               canopen_od.o
    0x200036e8   0x00000064   Data   RW         8237    .data               canopen_od.o
    0x2000374c   0x00000004   Data   RW         8238    .data               canopen_od.o
    0x20003750   0x00000004   Data   RW         8239    .data               canopen_od.o
    0x20003754   0x00000004   Data   RW         8240    .data               canopen_od.o
    0x20003758   0x0000003c   Data   RW         8241    .data               canopen_od.o
    0x20003794   0x00000004   Data   RW         8242    .data               canopen_od.o
    0x20003798   0x00000004   Data   RW         8243    .data               canopen_od.o
    0x2000379c   0x00000004   Data   RW         8244    .data               canopen_od.o
    0x200037a0   0x00000004   Data   RW         8245    .data               canopen_od.o
    0x200037a4   0x00000004   Data   RW         8246    .data               canopen_od.o
    0x200037a8   0x00000064   Data   RW         8247    .data               canopen_od.o
    0x2000380c   0x00000004   Data   RW         8248    .data               canopen_od.o
    0x20003810   0x00000004   Data   RW         8249    .data               canopen_od.o
    0x20003814   0x00000004   Data   RW         8250    .data               canopen_od.o
    0x20003818   0x0000003c   Data   RW         8251    .data               canopen_od.o
    0x20003854   0x00000004   Data   RW         8252    .data               canopen_od.o
    0x20003858   0x00000004   Data   RW         8253    .data               canopen_od.o
    0x2000385c   0x00000004   Data   RW         8254    .data               canopen_od.o
    0x20003860   0x00000004   Data   RW         8255    .data               canopen_od.o
    0x20003864   0x00000004   Data   RW         8256    .data               canopen_od.o
    0x20003868   0x00000064   Data   RW         8257    .data               canopen_od.o
    0x200038cc   0x00000004   Data   RW         8258    .data               canopen_od.o
    0x200038d0   0x00000004   Data   RW         8259    .data               canopen_od.o
    0x200038d4   0x00000004   Data   RW         8260    .data               canopen_od.o
    0x200038d8   0x0000003c   Data   RW         8261    .data               canopen_od.o
    0x20003914   0x00000004   Data   RW         8262    .data               canopen_od.o
    0x20003918   0x00000004   Data   RW         8263    .data               canopen_od.o
    0x2000391c   0x00000004   Data   RW         8264    .data               canopen_od.o
    0x20003920   0x0000003c   Data   RW         8265    .data               canopen_od.o
    0x2000395c   0x00000004   Data   RW         8266    .data               canopen_od.o
    0x20003960   0x00000004   Data   RW         8267    .data               canopen_od.o
    0x20003964   0x00000004   Data   RW         8268    .data               canopen_od.o
    0x20003968   0x0000003c   Data   RW         8269    .data               canopen_od.o
    0x200039a4   0x00000004   Data   RW         8270    .data               canopen_od.o
    0x200039a8   0x00000014   Data   RW         8271    .data               canopen_od.o
    0x200039bc   0x00000004   Data   RW         8272    .data               canopen_od.o
    0x200039c0   0x00000014   Data   RW         8273    .data               canopen_od.o
    0x200039d4   0x00000004   Data   RW         8274    .data               canopen_od.o
    0x200039d8   0x00000014   Data   RW         8275    .data               canopen_od.o
    0x200039ec   0x00000002   Data   RW         8276    .data               canopen_od.o
    0x200039ee   0x00000002   PAD
    0x200039f0   0x00000014   Data   RW         8277    .data               canopen_od.o
    0x20003a04   0x00000002   Data   RW         8278    .data               canopen_od.o
    0x20003a06   0x00000002   PAD
    0x20003a08   0x00000014   Data   RW         8279    .data               canopen_od.o
    0x20003a1c   0x00000002   Data   RW         8280    .data               canopen_od.o
    0x20003a1e   0x00000002   PAD
    0x20003a20   0x00000014   Data   RW         8281    .data               canopen_od.o
    0x20003a34   0x000002c0   Data   RW         8283    .data               canopen_od.o
    0x20003cf4   0x0000000c   Data   RW         8284    .data               canopen_od.o
    0x20003d00   0x00000014   Data   RW         8285    .data               canopen_od.o
    0x20003d14   0x00000004   Data   RW         8294    .data               canopen_od.o
    0x20003d18   0x00000004   Data   RW         8296    .data               canopen_od.o
    0x20003d1c   0x00000004   Data   RW         8297    .data               canopen_od.o
    0x20003d20   0x00000004   Data   RW         8298    .data               canopen_od.o
    0x20003d24   0x00000004   Data   RW         8399    .data               public_global.o
    0x20003d28   0x00000008   Data   RW         8426    .data               bsp_ota.o
    0x20003d30   0x00000001   Data   RW         8471    .data               bsp_can.o
    0x20003d31   0x00000002   Data   RW         8605    .data               canopen_lifegrd.o
    0x20003d33   0x00000001   PAD
    0x20003d34   0x00000014   Data   RW         9155    .data               canopen_timer.o
    0x20003d48   0x00000144   Data   RW         9239    .data               ds402.o
    0x20003e8c   0x00000004   Data   RW         9611    .data               mc_w.l(stdout.o)
    0x20003e90   0x00000004   Data   RW         9623    .data               mc_w.l(errno.o)
    0x20003e94   0x0000019c   Zero   RW           26    .bss                main.o
    0x20004030   0x00000018   Zero   RW         1045    .bss                mc_config.o
    0x20004048   0x00000014   Zero   RW         1046    .bss                mc_config.o
    0x2000405c   0x00000358   Zero   RW         1160    .bss                mc_tasks.o
    0x200043b4   0x00000048   Zero   RW         1391    .bss                regular_conversion_manager.o
    0x200043fc   0x000001ac   Zero   RW         1817    .bss                stm32f4xx_mc_it.o
    0x200045a8   0x000000b0   Zero   RW         1954    .bss                ui_task.o
    0x20004658   0x00000020   Zero   RW         3963    .bss                stm32f4xx_hal_flash.o
    0x20004678   0x00000100   Zero   RW         7354    .bss                bsp_debug_usart.o
    0x20004778   0x00007ed6   Zero   RW         7417    .bss                usart_labview.o
    0x2000c64e   0x00000002   PAD
    0x2000c650   0x000000c4   Zero   RW         7526    .bss                bsp_app_function.o
    0x2000c714   0x000000f8   Zero   RW         7738    .bss                bsp_usart1.o
    0x2000c80c   0x000009dc   Zero   RW         7833    .bss                bsp_flash.o
    0x2000d1e8   0x00000028   Zero   RW         7916    .bss                canopen_od.o
    0x2000d210   0x00000106   Zero   RW         7917    .bss                canopen_od.o
    0x2000d316   0x00000002   PAD
    0x2000d318   0x00000010   Zero   RW         7919    .bss                canopen_od.o
    0x2000d328   0x00000090   Zero   RW         7920    .bss                canopen_od.o
    0x2000d3b8   0x0000000a   Zero   RW         7921    .bss                canopen_od.o
    0x2000d3c2   0x00000002   PAD
    0x2000d3c4   0x000001c0   Zero   RW         7922    .bss                canopen_od.o
    0x2000d584   0x0000000c   Zero   RW         8397    .bss                public_global.o
    0x2000d590   0x00000084   Zero   RW         8470    .bss                bsp_can.o
    0x2000d614   0x000001a8   Zero   RW         9154    .bss                canopen_timer.o
    0x2000d7bc   0x00000140   Zero   RW         9238    .bss                ds402.o
    0x2000d8fc   0x00000004   PAD
    0x2000d900   0x00000400   Zero   RW            1    STACK               startup_stm32f407xx.o


==============================================================================

Image component sizes


      Code (inc. data)   RO Data    RW Data    ZI Data      Debug   Object Name

      6126        494          4        273        196      30175   bsp_app_function.o
       504         64          0          1        132       4202   bsp_can.o
       400         58          0          0        256       3596   bsp_debug_usart.o
       988        110          0         32       2524       5493   bsp_flash.o
       104         18          0          8          0      37023   bsp_ota.o
       930         46        512          0        248      11551   bsp_usart1.o
        10          0          0          0          0       1172   bus_voltage_sensor.o
        78          4          0          0          0       1821   canopen_emcy.o
       606         44          0          2          0       8305   canopen_lifegrd.o
      1060         24         64          0          0       8132   canopen_nmt.o
       622         34          0          0          0       4970   canopen_objacces.o
      3762        390       1368      10896        920      44463   canopen_od.o
      4024         84          0          0          0      23504   canopen_pdo.o
      3082         54          0          0          0      15894   canopen_sdo.o
       108         16          0          0          0       2267   canopen_sync.o
       604         68          0         20        424       6458   canopen_timer.o
        90          0          0          0          0       1464   circle_limitation.o
        46          0          0          0          0       5658   digital_output.o
      1556        138          0        324        320      15299   ds402.o
       146          0          0          0          0       4011   enc_align_ctrl.o
       750          4         14          0          0      32381   encoder_speed_pos_fdbk.o
       166          4          0          0          0       3842   feed_forward_ctrl.o
       110          0          0          0          0       2921   frame_communication_protocol.o
      2226        176          7          4        412     815431   main.o
       256         60          0          0          0       8445   mc_api.o
         0          0          0       3824         44       3238   mc_config.o
       538          0          0          0          0      15986   mc_interface.o
       438         20        512          0          0       6433   mc_math.o
         0          0        296          0          0        294   mc_parameters.o
      7220        896          8        220        856      57654   mc_tasks.o
      1890        642          0          8          0       6892   motor_control_protocol.o
       100          0          0          0          0       2694   motor_power_measurement.o
        64         10         32         24          0       1407   motorcontrol.o
       340         46          0          0          0       3662   ntc_temperature_sensor.o
       396         14          0          2          0       9699   pid_regulator.o
       116          6          0          0          0       1443   pqd_motor_power_measurement.o
         0          0       4480          4         12       2661   public_global.o
       190          4          0          0          0      33823   pwm_common.o
       662          0          0          0          0       4915   pwm_curr_fdbk.o
      2798         92         14          1          0     100429   r3_2_f4xx_pwm_curr_fdbk.o
       416         30          0          8          0       4237   r_divider_bus_voltage_sensor.o
        16          0          0          0          0       1065   ramp_ext_mngr.o
       476         22          0          4         72      45430   regular_conversion_manager.o
        82          0          0          0          0       5366   revup_ctrl.o
       156          4          0          1          0       5282   speed_pos_fdbk.o
       598          6          0         16          0      12193   speed_torq_ctrl.o
        36          8        392          0       1024        864   startup_stm32f407xx.o
       440         22          0          0          0       5204   state_machine.o
       148         24          0         12          0       8973   stm32f4xx_hal.o
       762         22          0          0          0       2955   stm32f4xx_hal_adc.o
       520         12          0          0          0       1578   stm32f4xx_hal_adc_ex.o
      2526         32          0          0          0       9200   stm32f4xx_hal_can.o
       282         16          0          0          0      36363   stm32f4xx_hal_cortex.o
       780         14          8          0          0       6509   stm32f4xx_hal_dma.o
       568         74          0          0         32       6362   stm32f4xx_hal_flash.o
       380         24          0          0          0       3502   stm32f4xx_hal_flash_ex.o
       642         26          0          0          0       4679   stm32f4xx_hal_gpio.o
        98          0          0          0          0       1855   stm32f4xx_hal_iwdg.o
      1044         98          0          0          0       4827   stm32f4xx_hal_msp.o
      1710        106          0          0          0       6700   stm32f4xx_hal_rcc.o
      1748         54          0          0          0      14986   stm32f4xx_hal_tim.o
       232          0          0          0          0       2368   stm32f4xx_hal_tim_ex.o
      2144         46          0          0          0      18677   stm32f4xx_hal_uart.o
      2440        298          0         68        428      96882   stm32f4xx_mc_it.o
        28          8         24          4          0       1215   system_stm32f4xx.o
      2424         50          0         56          0      10924   trajectory_ctrl.o
       184         42          0         12        176       3111   ui_task.o
       446         12          6          0          0      22162   usart_frame_communication_protocol.o
      7396        356          0         64      32470      11540   usart_labview.o
      1942         96          0          0          0      12921   user_interface.o
        12          0          0          0          0       1116   virtual_bus_voltage_sensor.o
       210          0          0          0          0       3550   virtual_speed_sensor.o

    ----------------------------------------------------------------------
     74082       5130       7776      16012      40556    1722304   Object Totals
         0          0         32          0          0          0   (incl. Generated)
        90          8          3        124         10          0   (incl. Padding)

    ----------------------------------------------------------------------

      Code (inc. data)   RO Data    RW Data    ZI Data      Debug   Library Member Name

        86          0          0          0          0          0   __dczerorl2.o
        28          0          0          0          0         68   _chval.o
       158          0          0          0          0         92   _strtoul.o
        26          0          0          0          0         80   atoi.o
         8          4        133          0          0         68   ctype_o.o
         0          0          0          0          0          0   entry.o
         0          0          0          0          0          0   entry10a.o
         0          0          0          0          0          0   entry11a.o
         8          4          0          0          0          0   entry2.o
         4          0          0          0          0          0   entry5.o
         0          0          0          0          0          0   entry7b.o
         0          0          0          0          0          0   entry8b.o
         8          4          0          0          0          0   entry9a.o
         8          4          0          4          0         68   errno.o
        30          0          0          0          0          0   handlers.o
        36          8          0          0          0         68   init.o
         0          0          0          0          0          0   iusefp.o
        30          0          0          0          0         68   llshl.o
        36          0          0          0          0         68   llsshr.o
        32          0          0          0          0         68   llushr.o
        26          0          0          0          0         80   memcmp.o
        36          0          0          0          0         68   memcpya.o
        36          0          0          0          0        108   memseta.o
       588         14          0          0          0        184   printf4.o
         0          0          0          4          0          0   stdout.o
       112          0          0          0          0         88   strtol.o
        98          0          0          0          0         92   uldiv.o
        48          0          0          0          0         68   cdcmple.o
        48          0          0          0          0         68   cdrcmple.o
        56          0          0          0          0         88   d2f.o
       334          0          0          0          0        148   dadd.o
       222          0          0          0          0        100   ddiv.o
       186          0          0          0          0        176   depilogue.o
        62          0          0          0          0         80   dfixi.o
        34          0          0          0          0         76   dflti.o
        26          0          0          0          0         76   dfltui.o
       228          0          0          0          0         96   dmul.o
       110          0          0          0          0        168   fepilogue.o

    ----------------------------------------------------------------------
      2754         38        136          8          0       2412   Library Totals
         6          0          3          0          0          0   (incl. Padding)

    ----------------------------------------------------------------------

      Code (inc. data)   RO Data    RW Data    ZI Data      Debug   Library Name

      1394         38        133          8          0       1268   mc_w.l
      1354          0          0          0          0       1144   mf_w.l

    ----------------------------------------------------------------------
      2754         38        136          8          0       2412   Library Totals

    ----------------------------------------------------------------------

==============================================================================


      Code (inc. data)   RO Data    RW Data    ZI Data      Debug   

     76836       5168       7912      16020      40556    1673704   Grand Totals
     76836       5168       7912       4064      40556    1673704   ELF Image Totals (compressed)
     76836       5168       7912       4064          0          0   ROM Totals

==============================================================================

    Total RO  Size (Code + RO Data)                84748 (  82.76kB)
    Total RW  Size (RW Data + ZI Data)             56576 (  55.25kB)
    Total ROM Size (Code + RO Data + RW Data)      88812 (  86.73kB)

==============================================================================

