<html>
<body>
<pre>
<h1>µVision Build Log</h1>
<h2>Tool Versions:</h2>
IDE-Version: ¦ÌVision V5.18.0.0
Copyright (C) 2016 ARM Ltd and ARM Germany GmbH. All rights reserved.
License Information: 11 Gaussian, 1, LIC=V85FJ-U4DQ5-INFA7-EEG7Y-IPF1Q-GVZ0V
 
Tool Versions:
Toolchain:       MDK-ARM Professional  Version: 5.18
Toolchain Path:  C:\Keil_v5\ARM\ARMCC\Bin
C Compiler:      Armcc.exe V5.06 update 1 (build 61)
Assembler:       Armasm.exe V5.06 update 1 (build 61)
Linker/Locator:  ArmLink.exe V5.06 update 1 (build 61)
Library Manager: ArmAr.exe V5.06 update 1 (build 61)
Hex Converter:   FromElf.exe V5.06 update 1 (build 61)
CPU DLL:         SARMCM3.DLL V5.18
Dialog DLL:      DCM.DLL V1.13.6.0
Target DLL:      Segger\JL2CM3.dll V2.99.18.0
Dialog DLL:      TCM.DLL V1.14.8.0
 
<h2>Project:</h2>
F:\40_50_S02A11-C3\S02A11-C3_50ZL\s02a11-c3_50zl\S02A11-C3_ZLMotor\MDK-ARM\S02A11-C3_Sever .uvprojx
Project File Date:  12/20/2022

<h2>Output:</h2>
*** Using Compiler 'V5.06 update 1 (build 61)', folder: 'C:\Keil_v5\ARM\ARMCC\Bin'
Build target 'S02A11-C3_Sever'
compiling regular_conversion_manager.c...
compiling motor_control_protocol.c...
compiling motorcontrol.c...
compiling mc_config.c...
compiling main.c...
compiling mc_tasks.c...
compiling mc_api.c...
compiling bus_voltage_sensor.c...
compiling mc_math.c...
compiling mc_interface.c...
compiling user_interface.c...
compiling mc_parameters.c...
compiling ui_task.c...
compiling stm32f4xx_mc_it.c...
compiling circle_limitation.c...
compiling digital_output.c...
compiling enc_align_ctrl.c...
compiling encoder_speed_pos_fdbk.c...
compiling hall_speed_pos_fdbk.c...
compiling motor_power_measurement.c...
compiling ntc_temperature_sensor.c...
compiling pqd_motor_power_measurement.c...
compiling pwm_common.c...
compiling r_divider_bus_voltage_sensor.c...
compiling pid_regulator.c...
compiling ramp_ext_mngr.c...
compiling pwm_curr_fdbk.c...
compiling open_loop.c...
compiling revup_ctrl.c...
compiling state_machine.c...
compiling speed_pos_fdbk.c...
compiling virtual_bus_voltage_sensor.c...
compiling virtual_speed_sensor.c...
compiling speed_torq_ctrl.c...
compiling r3_2_f4xx_pwm_curr_fdbk.c...
compiling frame_communication_protocol.c...
compiling trajectory_ctrl.c...
compiling ui_irq_handler.c...
compiling usart_frame_communication_protocol.c...
compiling feed_forward_ctrl.c...
compiling Usart_Labview.c...
compiling bsp_app_function.c...
compiling bsp_CAN.c...
compiling bsp_usart1.c...
compiling public_global.c...
compiling bsp_flash.c...
compiling canopen_od.c...
compiling canopen_pdo.c...
compiling ds402.c...
linking...
Program Size: Code=76836 RO-data=7912 RW-data=16020 ZI-data=40556  
FromELF: creating hex file...
After Build - User command #1: C:\Keil_v5\\ARM\ARMCC\bin\fromelf.exe --bin --output=S02A11-C3_Sever.bin .\S02A11-C3_Sever\S02A11-C3_Sever.axf
".\S02A11-C3_Sever\S02A11-C3_Sever.axf" - 0 Error(s), 0 Warning(s).

<h2>Collection of Component include folders:</h2>
  F:\40_50_S02A11-C3\S02A11-C3_50ZL\s02a11-c3_50zl\S02A11-C3_ZLMotor\MDK-ARM\RTE
  C:\Keil_v5\ARM\PACK\GigaDevice\GD32F4xx_DFP\2.1.0\Device\F4XX\Include

<h2>Collection of Component Files used:</h2>
Build Time Elapsed:  00:01:51
</pre>
</body>
</html>
